Archive member included to satisfy reference by file (symbol)

D:/ClionToolchains/gcc-arm-none-eabi-10.3-2021.10/bin/../lib/gcc/arm-none-eabi/13.3.1/thumb/v7e-m/nofp\libgcc.a(_arm_mulsf3.o)
                              CMakeFiles/project.elf.dir/Core/Src/system_stm32h7xx.c.obj (__aeabi_fmul)
D:/ClionToolchains/gcc-arm-none-eabi-10.3-2021.10/bin/../lib/gcc/arm-none-eabi/13.3.1/thumb/v7e-m/nofp\libgcc.a(_arm_addsubsf3.o)
                              CMakeFiles/project.elf.dir/Core/Src/system_stm32h7xx.c.obj (__aeabi_fadd)
D:/ClionToolchains/gcc-arm-none-eabi-10.3-2021.10/bin/../lib/gcc/arm-none-eabi/13.3.1/thumb/v7e-m/nofp\libgcc.a(_arm_muldivsf3.o)
                              CMakeFiles/project.elf.dir/Core/Src/system_stm32h7xx.c.obj (__aeabi_fdiv)
D:/ClionToolchains/gcc-arm-none-eabi-10.3-2021.10/bin/../lib/gcc/arm-none-eabi/13.3.1/thumb/v7e-m/nofp\libgcc.a(_arm_fixunssfsi.o)
                              CMakeFiles/project.elf.dir/Core/Src/system_stm32h7xx.c.obj (__aeabi_f2uiz)
D:/ClionToolchains/gcc-arm-none-eabi-10.3-2021.10/bin/../lib/gcc/arm-none-eabi/13.3.1/thumb/v7e-m/nofp\libgcc.a(unwind-arm.o)
                              CMakeFiles/project.elf.dir/Core/XTYF/Lib/Driver/CAN/drv_can.cpp.obj (__aeabi_unwind_cpp_pr0)
D:/ClionToolchains/gcc-arm-none-eabi-10.3-2021.10/bin/../lib/gcc/arm-none-eabi/13.3.1/thumb/v7e-m/nofp\libgcc.a(libunwind.o)
                              D:/ClionToolchains/gcc-arm-none-eabi-10.3-2021.10/bin/../lib/gcc/arm-none-eabi/13.3.1/thumb/v7e-m/nofp\libgcc.a(unwind-arm.o) (restore_core_regs)
D:/ClionToolchains/gcc-arm-none-eabi-10.3-2021.10/bin/../lib/gcc/arm-none-eabi/13.3.1/thumb/v7e-m/nofp\libgcc.a(pr-support.o)
                              D:/ClionToolchains/gcc-arm-none-eabi-10.3-2021.10/bin/../lib/gcc/arm-none-eabi/13.3.1/thumb/v7e-m/nofp\libgcc.a(unwind-arm.o) (__gnu_unwind_execute)
D:/ClionToolchains/gcc-arm-none-eabi-10.3-2021.10/bin/../lib/gcc/arm-none-eabi/13.3.1/thumb/v7e-m/nofp\libg.a(libc_a-abort.o)
                              D:/ClionToolchains/gcc-arm-none-eabi-10.3-2021.10/bin/../lib/gcc/arm-none-eabi/13.3.1/thumb/v7e-m/nofp\libgcc.a(unwind-arm.o) (abort)
D:/ClionToolchains/gcc-arm-none-eabi-10.3-2021.10/bin/../lib/gcc/arm-none-eabi/13.3.1/thumb/v7e-m/nofp\libg.a(libc_a-exit.o)
                              D:/ClionToolchains/gcc-arm-none-eabi-10.3-2021.10/bin/../lib/gcc/arm-none-eabi/13.3.1/thumb/v7e-m/nofp/crt0.o (exit)
D:/ClionToolchains/gcc-arm-none-eabi-10.3-2021.10/bin/../lib/gcc/arm-none-eabi/13.3.1/thumb/v7e-m/nofp\libg.a(libc_a-findfp.o)
                              D:/ClionToolchains/gcc-arm-none-eabi-10.3-2021.10/bin/../lib/gcc/arm-none-eabi/13.3.1/thumb/v7e-m/nofp\libg.a(libc_a-exit.o) (__stdio_exit_handler)
D:/ClionToolchains/gcc-arm-none-eabi-10.3-2021.10/bin/../lib/gcc/arm-none-eabi/13.3.1/thumb/v7e-m/nofp\libg.a(libc_a-fwalk.o)
                              D:/ClionToolchains/gcc-arm-none-eabi-10.3-2021.10/bin/../lib/gcc/arm-none-eabi/13.3.1/thumb/v7e-m/nofp\libg.a(libc_a-findfp.o) (_fwalk_sglue)
D:/ClionToolchains/gcc-arm-none-eabi-10.3-2021.10/bin/../lib/gcc/arm-none-eabi/13.3.1/thumb/v7e-m/nofp\libg.a(libc_a-stdio.o)
                              D:/ClionToolchains/gcc-arm-none-eabi-10.3-2021.10/bin/../lib/gcc/arm-none-eabi/13.3.1/thumb/v7e-m/nofp\libg.a(libc_a-findfp.o) (__sread)
D:/ClionToolchains/gcc-arm-none-eabi-10.3-2021.10/bin/../lib/gcc/arm-none-eabi/13.3.1/thumb/v7e-m/nofp\libg.a(libc_a-memset.o)
                              D:/ClionToolchains/gcc-arm-none-eabi-10.3-2021.10/bin/../lib/gcc/arm-none-eabi/13.3.1/thumb/v7e-m/nofp/crt0.o (memset)
D:/ClionToolchains/gcc-arm-none-eabi-10.3-2021.10/bin/../lib/gcc/arm-none-eabi/13.3.1/thumb/v7e-m/nofp\libg.a(libc_a-signal.o)
                              D:/ClionToolchains/gcc-arm-none-eabi-10.3-2021.10/bin/../lib/gcc/arm-none-eabi/13.3.1/thumb/v7e-m/nofp\libg.a(libc_a-abort.o) (raise)
D:/ClionToolchains/gcc-arm-none-eabi-10.3-2021.10/bin/../lib/gcc/arm-none-eabi/13.3.1/thumb/v7e-m/nofp\libg.a(libc_a-closer.o)
                              D:/ClionToolchains/gcc-arm-none-eabi-10.3-2021.10/bin/../lib/gcc/arm-none-eabi/13.3.1/thumb/v7e-m/nofp\libg.a(libc_a-stdio.o) (_close_r)
D:/ClionToolchains/gcc-arm-none-eabi-10.3-2021.10/bin/../lib/gcc/arm-none-eabi/13.3.1/thumb/v7e-m/nofp\libg.a(libc_a-reent.o)
                              D:/ClionToolchains/gcc-arm-none-eabi-10.3-2021.10/bin/../lib/gcc/arm-none-eabi/13.3.1/thumb/v7e-m/nofp\libg.a(libc_a-closer.o) (errno)
D:/ClionToolchains/gcc-arm-none-eabi-10.3-2021.10/bin/../lib/gcc/arm-none-eabi/13.3.1/thumb/v7e-m/nofp\libg.a(libc_a-impure.o)
                              D:/ClionToolchains/gcc-arm-none-eabi-10.3-2021.10/bin/../lib/gcc/arm-none-eabi/13.3.1/thumb/v7e-m/nofp\libg.a(libc_a-signal.o) (_impure_ptr)
D:/ClionToolchains/gcc-arm-none-eabi-10.3-2021.10/bin/../lib/gcc/arm-none-eabi/13.3.1/thumb/v7e-m/nofp\libg.a(libc_a-lseekr.o)
[...]
Memory Configuration

Name             Origin             Length             Attributes
ITCMRAM          0x00000000         0x00010000         xrw
DTCMRAM          0x20000000         0x00020000         xrw
FLASH            0x08000000         0x00100000         xr
RAM_D1           0x24000000         0x00050000         xrw
RAM_D2           0x30000000         0x00008000         xrw
RAM_D3           0x38000000         0x00004000         xrw
*default*        0x00000000         0xffffffff

Linker script and memory map

LOAD D:/ClionToolchains/gcc-arm-none-eabi-10.3-2021.10/bin/../lib/gcc/arm-none-eabi/13.3.1/thumb/v7e-m/nofp/crti.o
LOAD D:/ClionToolchains/gcc-arm-none-eabi-10.3-2021.10/bin/../lib/gcc/arm-none-eabi/13.3.1/thumb/v7e-m/nofp/crtbegin.o
LOAD D:/ClionToolchains/gcc-arm-none-eabi-10.3-2021.10/bin/../lib/gcc/arm-none-eabi/13.3.1/thumb/v7e-m/nofp/crt0.o
LOAD CMakeFiles/project.elf.dir/Core/Src/fdcan.c.obj
LOAD CMakeFiles/project.elf.dir/Core/Src/gpio.c.obj
LOAD CMakeFiles/project.elf.dir/Core/Src/main.c.obj
LOAD CMakeFiles/project.elf.dir/Core/Src/memorymap.c.obj
LOAD CMakeFiles/project.elf.dir/Core/Src/stm32h7xx_hal_msp.c.obj
LOAD CMakeFiles/project.elf.dir/Core/Src/stm32h7xx_it.c.obj
LOAD CMakeFiles/project.elf.dir/Core/Src/syscalls.c.obj
LOAD CMakeFiles/project.elf.dir/Core/Src/sysmem.c.obj
LOAD CMakeFiles/project.elf.dir/Core/Src/system_stm32h7xx.c.obj
LOAD CMakeFiles/project.elf.dir/Core/Startup/startup_stm32h723vgtx.s.obj
LOAD CMakeFiles/project.elf.dir/Core/XTYF/Lib/Driver/CAN/drv_can.cpp.obj
LOAD CMakeFiles/project.elf.dir/Core/XTYF/Robot/Task/task.cpp.obj
LOAD CMakeFiles/project.elf.dir/Drivers/STM32H7xx_HAL_Driver/Src/stm32h7xx_hal.c.obj
LOAD CMakeFiles/project.elf.dir/Drivers/STM32H7xx_HAL_Driver/Src/stm32h7xx_hal_cortex.c.obj
LOAD CMakeFiles/project.elf.dir/Drivers/STM32H7xx_HAL_Driver/Src/stm32h7xx_hal_dma.c.obj
LOAD CMakeFiles/project.elf.dir/Drivers/STM32H7xx_HAL_Driver/Src/stm32h7xx_hal_dma_ex.c.obj
LOAD CMakeFiles/project.elf.dir/Drivers/STM32H7xx_HAL_Driver/Src/stm32h7xx_hal_exti.c.obj
LOAD CMakeFiles/project.elf.dir/Drivers/STM32H7xx_HAL_Driver/Src/stm32h7xx_hal_fdcan.c.obj
LOAD CMakeFiles/project.elf.dir/Drivers/STM32H7xx_HAL_Driver/Src/stm32h7xx_hal_flash.c.obj
LOAD CMakeFiles/project.elf.dir/Drivers/STM32H7xx_HAL_Driver/Src/stm32h7xx_hal_flash_ex.c.obj
LOAD CMakeFiles/project.elf.dir/Drivers/STM32H7xx_HAL_Driver/Src/stm32h7xx_hal_gpio.c.obj
LOAD CMakeFiles/project.elf.dir/Drivers/STM32H7xx_HAL_Driver/Src/stm32h7xx_hal_hsem.c.obj
LOAD CMakeFiles/project.elf.dir/Drivers/STM32H7xx_HAL_Driver/Src/stm32h7xx_hal_i2c.c.obj
LOAD CMakeFiles/project.elf.dir/Drivers/STM32H7xx_HAL_Driver/Src/stm32h7xx_hal_i2c_ex.c.obj
LOAD CMakeFiles/project.elf.dir/Drivers/STM32H7xx_HAL_Driver/Src/stm32h7xx_hal_mdma.c.obj
LOAD CMakeFiles/project.elf.dir/Drivers/STM32H7xx_HAL_Driver/Src/stm32h7xx_hal_pwr.c.obj
LOAD CMakeFiles/project.elf.dir/Drivers/STM32H7xx_HAL_Driver/Src/stm32h7xx_hal_pwr_ex.c.obj
LOAD CMakeFiles/project.elf.dir/Drivers/STM32H7xx_HAL_Driver/Src/stm32h7xx_hal_rcc.c.obj
LOAD CMakeFiles/project.elf.dir/Drivers/STM32H7xx_HAL_Driver/Src/stm32h7xx_hal_rcc_ex.c.obj
LOAD D:/ClionToolchains/gcc-arm-none-eabi-10.3-2021.10/bin/../lib/gcc/arm-none-eabi/13.3.1/thumb/v7e-m/nofp\libstdc++.a
LOAD D:/ClionToolchains/gcc-arm-none-eabi-10.3-2021.10/bin/../lib/gcc/arm-none-eabi/13.3.1/thumb/v7e-m/nofp\libm.a
START GROUP
LOAD D:/ClionToolchains/gcc-arm-none-eabi-10.3-2021.10/bin/../lib/gcc/arm-none-eabi/13.3.1/thumb/v7e-m/nofp\libgcc.a
LOAD D:/ClionToolchains/gcc-arm-none-eabi-10.3-2021.10/bin/../lib/gcc/arm-none-eabi/13.3.1/thumb/v7e-m/nofp\libg.a
LOAD D:/ClionToolchains/gcc-arm-none-eabi-10.3-2021.10/bin/../lib/gcc/arm-none-eabi/13.3.1/thumb/v7e-m/nofp\libc.a
END GROUP
LOAD D:/ClionToolchains/gcc-arm-none-eabi-10.3-2021.10/bin/../lib/gcc/arm-none-eabi/13.3.1/thumb/v7e-m/nofp/crtend.o
LOAD D:/ClionToolchains/gcc-arm-none-eabi-10.3-2021.10/bin/../lib/gcc/arm-none-eabi/13.3.1/thumb/v7e-m/nofp/crtn.o
                0x24050000                        _estack = (ORIGIN (RAM_D1) + LENGTH (RAM_D1))
                0x00000200                        _Min_Heap_Size = 0x200
                0x00000400                        _Min_Stack_Size = 0x400

.isr_vector     0x08000000      0x2cc
                0x08000000                        . = ALIGN (0x4)
 *(.isr_vector)
 .isr_vector    0x08000000      0x2cc CMakeFiles/project.elf.dir/Core/Startup/startup_stm32h723vgtx.s.obj
                0x08000000                g_pfnVectors
                0x080002cc                        . = ALIGN (0x4)

.text           0x080002cc     0x43fc
                0x080002cc                        . = ALIGN (0x4)
 *(.text)
 .text          0x080002cc      0x21c D:/ClionToolchains/gcc-arm-none-eabi-10.3-2021.10/bin/../lib/gcc/arm-none-eabi/13.3.1/thumb/v7e-m/nofp\libgcc.a(_arm_addsubsf3.o)
                0x080002cc                __aeabi_frsub
                0x080002d4                __subsf3
                0x080002d4                __aeabi_fsub
                0x080002d8                __aeabi_fadd
                0x080002d8                __addsf3
                0x08000438                __aeabi_ui2f
                0x08000438                __floatunsisf
                0x08000440                __aeabi_i2f
                0x08000440                __floatsisf
                0x0800045c                __aeabi_ul2f
                0x0800045c                __floatundisf
                0x0800046c                __aeabi_l2f
                0x0800046c                __floatdisf
 .text          0x080004e8      0x2a0 D:/ClionToolchains/gcc-arm-none-eabi-10.3-2021.10/bin/../lib/gcc/arm-none-eabi/13.3.1/thumb/v7e-m/nofp\libgcc.a(_arm_muldivsf3.o)
                0x080004e8                __mulsf3
                0x080004e8                __aeabi_fmul
                0x08000650                __aeabi_fdiv
                0x08000650                __divsf3
 .text          0x08000788       0x40 D:/ClionToolchains/gcc-arm-none-eabi-10.3-2021.10/bin/../lib/gcc/arm-none-eabi/13.3.1/thumb/v7e-m/nofp\libgcc.a(_arm_fixunssfsi.o)
                0x08000788                __fixunssfsi
                0x08000788                __aeabi_f2uiz
 .text          0x080007c8      0x1ac D:/ClionToolchains/gcc-arm-none-eabi-10.3-2021.10/bin/../lib/gcc/arm-none-eabi/13.3.1/thumb/v7e-m/nofp\libgcc.a(libunwind.o)
                0x080007c8                __restore_core_regs
                0x080007c8                restore_core_regs
                0x080007e0                __gnu_Unwind_Restore_VFP
                0x080007e8                __gnu_Unwind_Save_VFP
                0x080007f0                __gnu_Unwind_Restore_VFP_D
                0x080007f8                __gnu_Unwind_Save_VFP_D
                0x08000800                __gnu_Unwind_Restore_VFP_D_16_to_31
                0x08000808                __gnu_Unwind_Save_VFP_D_16_to_31
                0x08000810                __gnu_Unwind_Restore_WMMXD
                0x08000854                __gnu_Unwind_Save_WMMXD
                0x08000898                __gnu_Unwind_Restore_WMMXC
                0x080008ac                __gnu_Unwind_Save_WMMXC
                0x080008c0                ___Unwind_RaiseException
                0x080008c0                _Unwind_RaiseException
                0x080008e4                _Unwind_Resume
                0x080008e4                ___Unwind_Resume
                0x08000908                _Unwind_Resume_or_Rethrow
                0x08000908                ___Unwind_Resume_or_Rethrow
                0x0800092c                _Unwind_ForcedUnwind
                0x0800092c                ___Unwind_ForcedUnwind
                0x08000950                ___Unwind_Backtrace
                0x08000950                _Unwind_Backtrace
 .text          0x08000974      0x134 D:/ClionToolchains/gcc-arm-none-eabi-10.3-2021.10/bin/../lib/gcc/arm-none-eabi/13.3.1/thumb/v7e-m/nofp\libg.a(libc_a-memcpy.o)
                0x08000974                memcpy
 *(.text*)
 .text.deregister_tm_clones
                0x08000aa8       0x1c D:/ClionToolchains/gcc-arm-none-eabi-10.3-2021.10/bin/../lib/gcc/arm-none-eabi/13.3.1/thumb/v7e-m/nofp/crtbegin.o
 .text.register_tm_clones
                0x08000ac4       0x24 D:/ClionToolchains/gcc-arm-none-eabi-10.3-2021.10/bin/../lib/gcc/arm-none-eabi/13.3.1/thumb/v7e-m/nofp/crtbegin.o
 .text.__do_global_dtors_aux
                0x08000ae8       0x28 D:/ClionToolchains/gcc-arm-none-eabi-10.3-2021.10/bin/../lib/gcc/arm-none-eabi/13.3.1/thumb/v7e-m/nofp/crtbegin.o
 .text.frame_dummy
                0x08000b10       0x24 D:/ClionToolchains/gcc-arm-none-eabi-10.3-2021.10/bin/../lib/gcc/arm-none-eabi/13.3.1/thumb/v7e-m/nofp/crtbegin.o
 .text.MX_FDCAN1_Init
                0x08000b34       0x64 CMakeFiles/project.elf.dir/Core/Src/fdcan.c.obj
                0x08000b34                MX_FDCAN1_Init
 .text.HAL_FDCAN_MspInit
                0x08000b98       0xc0 CMakeFiles/project.elf.dir/Core/Src/fdcan.c.obj
                0x08000b98                HAL_FDCAN_MspInit
 .text.MX_GPIO_Init
                0x08000c58       0x54 CMakeFiles/project.elf.dir/Core/Src/gpio.c.obj
                0x08000c58                MX_GPIO_Init
 .text.MPU_Config
                0x08000cac       0x52 CMakeFiles/project.elf.dir/Core/Src/main.c.obj
 .text.Error_Handler
                0x08000cfe        0x4 CMakeFiles/project.elf.dir/Core/Src/main.c.obj
                0x08000cfe                Error_Handler
 *fill*         0x08000d02        0x2 
 .text.SystemClock_Config
                0x08000d04       0xa8 CMakeFiles/project.elf.dir/Core/Src/main.c.obj
                0x08000d04                SystemClock_Config
 .text.main     0x08000dac       0x26 CMakeFiles/project.elf.dir/Core/Src/main.c.obj
                0x08000dac                main
 *fill*         0x08000dd2        0x2 
 .text.HAL_MspInit
                0x08000dd4       0x24 CMakeFiles/project.elf.dir/Core/Src/stm32h7xx_hal_msp.c.obj
                0x08000dd4                HAL_MspInit
 .text.NMI_Handler
                0x08000df8        0x2 CMakeFiles/project.elf.dir/Core/Src/stm32h7xx_it.c.obj
                0x08000df8                NMI_Handler
 .text.HardFault_Handler
                0x08000dfa        0x2 CMakeFiles/project.elf.dir/Core/Src/stm32h7xx_it.c.obj
                0x08000dfa                HardFault_Handler
 .text.MemManage_Handler
                0x08000dfc        0x2 CMakeFiles/project.elf.dir/Core/Src/stm32h7xx_it.c.obj
                0x08000dfc                MemManage_Handler
 .text.BusFault_Handler
                0x08000dfe        0x2 CMakeFiles/project.elf.dir/Core/Src/stm32h7xx_it.c.obj
                0x08000dfe                BusFault_Handler
 .text.UsageFault_Handler
                0x08000e00        0x2 CMakeFiles/project.elf.dir/Core/Src/stm32h7xx_it.c.obj
                0x08000e00                UsageFault_Handler
 .text.SVC_Handler
                0x08000e02        0x2 CMakeFiles/project.elf.dir/Core/Src/stm32h7xx_it.c.obj
                0x08000e02                SVC_Handler
 .text.DebugMon_Handler
                0x08000e04        0x2 CMakeFiles/project.elf.dir/Core/Src/stm32h7xx_it.c.obj
                0x08000e04                DebugMon_Handler
 .text.PendSV_Handler
                0x08000e06        0x2 CMakeFiles/project.elf.dir/Core/Src/stm32h7xx_it.c.obj
                0x08000e06                PendSV_Handler
 .text.SysTick_Handler
                0x08000e08        0x8 CMakeFiles/project.elf.dir/Core/Src/stm32h7xx_it.c.obj
                0x08000e08                SysTick_Handler
 .text.FDCAN1_IT0_IRQHandler
                0x08000e10       0x10 CMakeFiles/project.elf.dir/Core/Src/stm32h7xx_it.c.obj
                0x08000e10                FDCAN1_IT0_IRQHandler
 .text.FDCAN1_IT1_IRQHandler
                0x08000e20       0x10 CMakeFiles/project.elf.dir/Core/Src/stm32h7xx_it.c.obj
                0x08000e20                FDCAN1_IT1_IRQHandler
 .text._getpid  0x08000e30        0x4 CMakeFiles/project.elf.dir/Core/Src/syscalls.c.obj
                0x08000e30                _getpid
 .text._kill    0x08000e34       0x10 CMakeFiles/project.elf.dir/Core/Src/syscalls.c.obj
                0x08000e34                _kill
 .text._exit    0x08000e44        0xc CMakeFiles/project.elf.dir/Core/Src/syscalls.c.obj
                0x08000e44                _exit
 .text.SystemInit
                0x08000e50       0xbc CMakeFiles/project.elf.dir/Core/Src/system_stm32h7xx.c.obj
                0x08000e50                SystemInit
 .text.ExitRun0Mode
                0x08000f0c       0x1c CMakeFiles/project.elf.dir/Core/Src/system_stm32h7xx.c.obj
                0x08000f0c                ExitRun0Mode
 .text.Reset_Handler
                0x08000f28       0x54 CMakeFiles/project.elf.dir/Core/Startup/startup_stm32h723vgtx.s.obj
                0x08000f28                Reset_Handler
 .text.Default_Handler
                0x08000f7c        0x2 CMakeFiles/project.elf.dir/Core/Startup/startup_stm32h723vgtx.s.obj
                0x08000f7c                RTC_Alarm_IRQHandler
                0x08000f7c                EXTI2_IRQHandler
                0x08000f7c                TIM8_CC_IRQHandler
                0x08000f7c                UART8_IRQHandler
                0x08000f7c                SPI4_IRQHandler
                0x08000f7c                FDCAN3_IT0_IRQHandler
                0x08000f7c                TIM1_CC_IRQHandler
                0x08000f7c                BDMA_Channel6_IRQHandler
                0x08000f7c                DMA2_Stream5_IRQHandler
                0x08000f7c                DMA1_Stream5_IRQHandler
                0x08000f7c                CORDIC_IRQHandler
                0x08000f7c                BDMA_Channel1_IRQHandler
                0x08000f7c                TAMP_STAMP_IRQHandler
                0x08000f7c                EXTI3_IRQHandler
                0x08000f7c                LPTIM4_IRQHandler
                0x08000f7c                TIM8_TRG_COM_TIM14_IRQHandler
                0x08000f7c                LPTIM2_IRQHandler
                0x08000f7c                DFSDM1_FLT1_IRQHandler
                0x08000f7c                DMAMUX2_OVR_IRQHandler
                0x08000f7c                TIM8_UP_TIM13_IRQHandler
                0x08000f7c                I2C3_ER_IRQHandler
                0x08000f7c                DFSDM1_FLT2_IRQHandler
                0x08000f7c                I2C5_EV_IRQHandler
                0x08000f7c                USART10_IRQHandler
                0x08000f7c                MDMA_IRQHandler
                0x08000f7c                LPTIM3_IRQHandler
                0x08000f7c                HSEM1_IRQHandler
                0x08000f7c                EXTI0_IRQHandler
                0x08000f7c                I2C2_EV_IRQHandler
                0x08000f7c                DMA1_Stream2_IRQHandler
                0x08000f7c                FPU_IRQHandler
                0x08000f7c                OTG_HS_WKUP_IRQHandler
                0x08000f7c                LTDC_ER_IRQHandler
                0x08000f7c                DMA2_Stream2_IRQHandler
                0x08000f7c                SPI1_IRQHandler
                0x08000f7c                OCTOSPI1_IRQHandler
                0x08000f7c                TIM6_DAC_IRQHandler
                0x08000f7c                DMA2_Stream3_IRQHandler
                0x08000f7c                OCTOSPI2_IRQHandler
                0x08000f7c                DFSDM1_FLT3_IRQHandler
                0x08000f7c                TIM23_IRQHandler
                0x08000f7c                USART6_IRQHandler
                0x08000f7c                TIM17_IRQHandler
                0x08000f7c                USART3_IRQHandler
                0x08000f7c                BDMA_Channel7_IRQHandler
                0x08000f7c                LPTIM5_IRQHandler
                0x08000f7c                UART5_IRQHandler
                0x08000f7c                ADC3_IRQHandler
                0x08000f7c                DMA2_Stream0_IRQHandler
                0x08000f7c                TIM4_IRQHandler
                0x08000f7c                BDMA_Channel2_IRQHandler
                0x08000f7c                I2C1_EV_IRQHandler
                0x08000f7c                DMA1_Stream6_IRQHandler
                0x08000f7c                DMAMUX1_OVR_IRQHandler
                0x08000f7c                DMA1_Stream1_IRQHandler
                0x08000f7c                TIM16_IRQHandler
                0x08000f7c                UART4_IRQHandler
                0x08000f7c                BDMA_Channel5_IRQHandler
                0x08000f7c                TIM3_IRQHandler
                0x08000f7c                RCC_IRQHandler
                0x08000f7c                UART9_IRQHandler
                0x08000f7c                TIM8_BRK_TIM12_IRQHandler
                0x08000f7c                TIM1_TRG_COM_IRQHandler
                0x08000f7c                Default_Handler
                0x08000f7c                ECC_IRQHandler
                0x08000f7c                FMAC_IRQHandler
                0x08000f7c                CEC_IRQHandler
                0x08000f7c                EXTI15_10_IRQHandler
                0x08000f7c                BDMA_Channel0_IRQHandler
                0x08000f7c                ADC_IRQHandler
                0x08000f7c                I2C5_ER_IRQHandler
                0x08000f7c                DMA1_Stream7_IRQHandler
                0x08000f7c                SPI5_IRQHandler
                0x08000f7c                TIM7_IRQHandler
                0x08000f7c                FDCAN3_IT1_IRQHandler
                0x08000f7c                SDMMC1_IRQHandler
                0x08000f7c                TIM5_IRQHandler
                0x08000f7c                DMA2_Stream7_IRQHandler
                0x08000f7c                TIM15_IRQHandler
                0x08000f7c                PVD_AVD_IRQHandler
                0x08000f7c                I2C3_EV_IRQHandler
                0x08000f7c                EXTI9_5_IRQHandler
                0x08000f7c                RTC_WKUP_IRQHandler
                0x08000f7c                LTDC_IRQHandler
                0x08000f7c                ETH_WKUP_IRQHandler
                0x08000f7c                SPDIF_RX_IRQHandler
                0x08000f7c                SPI2_IRQHandler
                0x08000f7c                OTG_HS_EP1_IN_IRQHandler
                0x08000f7c                DMA1_Stream0_IRQHandler
                0x08000f7c                TIM24_IRQHandler
                0x08000f7c                CRS_IRQHandler
                0x08000f7c                EXTI4_IRQHandler
                0x08000f7c                RNG_IRQHandler
                0x08000f7c                FDCAN2_IT1_IRQHandler
                0x08000f7c                ETH_IRQHandler
                0x08000f7c                TIM1_UP_IRQHandler
                0x08000f7c                BDMA_Channel4_IRQHandler
                0x08000f7c                OTG_HS_EP1_OUT_IRQHandler
                0x08000f7c                WWDG_IRQHandler
                0x08000f7c                SPI6_IRQHandler
                0x08000f7c                MDIOS_IRQHandler
                0x08000f7c                I2C4_EV_IRQHandler
                0x08000f7c                FDCAN2_IT0_IRQHandler
                0x08000f7c                LPUART1_IRQHandler
                0x08000f7c                TIM2_IRQHandler
                0x08000f7c                OTG_HS_IRQHandler
                0x08000f7c                DMA2D_IRQHandler
                0x08000f7c                TIM1_BRK_IRQHandler
                0x08000f7c                EXTI1_IRQHandler
                0x08000f7c                SDMMC2_IRQHandler
                0x08000f7c                BDMA_Channel3_IRQHandler
                0x08000f7c                DTS_IRQHandler
                0x08000f7c                UART7_IRQHandler
                0x08000f7c                MDIOS_WKUP_IRQHandler
                0x08000f7c                USART2_IRQHandler
                0x08000f7c                DFSDM1_FLT0_IRQHandler
                0x08000f7c                SAI4_IRQHandler
                0x08000f7c                I2C2_ER_IRQHandler
                0x08000f7c                DMA2_Stream1_IRQHandler
                0x08000f7c                FLASH_IRQHandler
                0x08000f7c                DMA2_Stream4_IRQHandler
                0x08000f7c                USART1_IRQHandler
                0x08000f7c                SPI3_IRQHandler
                0x08000f7c                WAKEUP_PIN_IRQHandler
                0x08000f7c                DMA1_Stream4_IRQHandler
                0x08000f7c                I2C1_ER_IRQHandler
                0x08000f7c                FMC_IRQHandler
                0x08000f7c                FDCAN_CAL_IRQHandler
                0x08000f7c                SWPMI1_IRQHandler
                0x08000f7c                COMP1_IRQHandler
                0x08000f7c                LPTIM1_IRQHandler
                0x08000f7c                DCMI_PSSI_IRQHandler
                0x08000f7c                I2C4_ER_IRQHandler
                0x08000f7c                DMA2_Stream6_IRQHandler
                0x08000f7c                SAI1_IRQHandler
                0x08000f7c                DMA1_Stream3_IRQHandler
 .text._Z24fdcan_filter_mask_configP19FDCAN_HandleTypeDefhmm
                0x08000f7e       0x36 CMakeFiles/project.elf.dir/Core/XTYF/Lib/Driver/CAN/drv_can.cpp.obj
                0x08000f7e                fdcan_filter_mask_config(FDCAN_HandleTypeDef*, unsigned char, unsigned long, unsigned long)
 .text._Z10FDCAN_InitP19FDCAN_HandleTypeDefPFvP20Struct_FDCAN_Rx_FIFOE
                0x08000fb4       0xac CMakeFiles/project.elf.dir/Core/XTYF/Lib/Driver/CAN/drv_can.cpp.obj
                0x08000fb4                FDCAN_Init(FDCAN_HandleTypeDef*, void (*)(Struct_FDCAN_Rx_FIFO*))
 .text._Z15FDCAN_Send_DataP19FDCAN_HandleTypeDeftPht
                0x08001060       0x24 CMakeFiles/project.elf.dir/Core/XTYF/Lib/Driver/CAN/drv_can.cpp.obj
                0x08001060                FDCAN_Send_Data(FDCAN_HandleTypeDef*, unsigned short, unsigned char*, unsigned short)
 .text.Task_Init
                0x08001084       0x1c CMakeFiles/project.elf.dir/Core/XTYF/Robot/Task/task.cpp.obj
                0x08001084                Task_Init
 .text.Task     0x080010a0       0x20 CMakeFiles/project.elf.dir/Core/XTYF/Robot/Task/task.cpp.obj
                0x080010a0                Task
 .text.HAL_InitTick
                0x080010c0       0x50 CMakeFiles/project.elf.dir/Drivers/STM32H7xx_HAL_Driver/Src/stm32h7xx_hal.c.obj
                0x080010c0                HAL_InitTick
 .text.HAL_Init
                0x08001110       0x5c CMakeFiles/project.elf.dir/Drivers/STM32H7xx_HAL_Driver/Src/stm32h7xx_hal.c.obj
                0x08001110                HAL_Init
 .text.HAL_IncTick
                0x0800116c       0x18 CMakeFiles/project.elf.dir/Drivers/STM32H7xx_HAL_Driver/Src/stm32h7xx_hal.c.obj
                0x0800116c                HAL_IncTick
 .text.HAL_GetTick
                0x08001184        0xc CMakeFiles/project.elf.dir/Drivers/STM32H7xx_HAL_Driver/Src/stm32h7xx_hal.c.obj
                0x08001184                HAL_GetTick
 .text.HAL_Delay
                0x08001190       0x28 CMakeFiles/project.elf.dir/Drivers/STM32H7xx_HAL_Driver/Src/stm32h7xx_hal.c.obj
                0x08001190                HAL_Delay
 .text.__NVIC_EnableIRQ
                0x080011b8       0x1c CMakeFiles/project.elf.dir/Drivers/STM32H7xx_HAL_Driver/Src/stm32h7xx_hal_cortex.c.obj
 .text.__NVIC_SetPriority
                0x080011d4       0x24 CMakeFiles/project.elf.dir/Drivers/STM32H7xx_HAL_Driver/Src/stm32h7xx_hal_cortex.c.obj
 .text.NVIC_EncodePriority
                0x080011f8       0x3e CMakeFiles/project.elf.dir/Drivers/STM32H7xx_HAL_Driver/Src/stm32h7xx_hal_cortex.c.obj
 *fill*         0x08001236        0x2 
 .text.HAL_NVIC_SetPriorityGrouping
                0x08001238       0x24 CMakeFiles/project.elf.dir/Drivers/STM32H7xx_HAL_Driver/Src/stm32h7xx_hal_cortex.c.obj
                0x08001238                HAL_NVIC_SetPriorityGrouping
 .text.HAL_NVIC_SetPriority
                0x0800125c       0x20 CMakeFiles/project.elf.dir/Drivers/STM32H7xx_HAL_Driver/Src/stm32h7xx_hal_cortex.c.obj
                0x0800125c                HAL_NVIC_SetPriority
 .text.HAL_NVIC_EnableIRQ
                0x0800127c        0x8 CMakeFiles/project.elf.dir/Drivers/STM32H7xx_HAL_Driver/Src/stm32h7xx_hal_cortex.c.obj
                0x0800127c                HAL_NVIC_EnableIRQ
 .text.HAL_SYSTICK_Config
                0x08001284       0x28 CMakeFiles/project.elf.dir/Drivers/STM32H7xx_HAL_Driver/Src/stm32h7xx_hal_cortex.c.obj
                0x08001284                HAL_SYSTICK_Config
 .text.HAL_MPU_Disable
                0x080012ac       0x1c CMakeFiles/project.elf.dir/Drivers/STM32H7xx_HAL_Driver/Src/stm32h7xx_hal_cortex.c.obj
                0x080012ac                HAL_MPU_Disable
 .text.HAL_MPU_Enable
                0x080012c8       0x20 CMakeFiles/project.elf.dir/Drivers/STM32H7xx_HAL_Driver/Src/stm32h7xx_hal_cortex.c.obj
                0x080012c8                HAL_MPU_Enable
 .text.HAL_MPU_ConfigRegion
                0x080012e8       0x58 CMakeFiles/project.elf.dir/Drivers/STM32H7xx_HAL_Driver/Src/stm32h7xx_hal_cortex.c.obj
                0x080012e8                HAL_MPU_ConfigRegion
 .text.FDCAN_CalcultateRamBlockAddresses
                0x08001340      0x1e0 CMakeFiles/project.elf.dir/Drivers/STM32H7xx_HAL_Driver/Src/stm32h7xx_hal_fdcan.c.obj
 .text.FDCAN_CopyMessageToRAM
                0x08001520       0x8c CMakeFiles/project.elf.dir/Drivers/STM32H7xx_HAL_Driver/Src/stm32h7xx_hal_fdcan.c.obj
 .text.HAL_FDCAN_Init
                0x080015ac      0x294 CMakeFiles/project.elf.dir/Drivers/STM32H7xx_HAL_Driver/Src/stm32h7xx_hal_fdcan.c.obj
                0x080015ac                HAL_FDCAN_Init
 .text.HAL_FDCAN_ConfigFilter
                0x08001840       0x84 CMakeFiles/project.elf.dir/Drivers/STM32H7xx_HAL_Driver/Src/stm32h7xx_hal_fdcan.c.obj
                0x08001840                HAL_FDCAN_ConfigFilter
 .text.HAL_FDCAN_ConfigGlobalFilter
                0x080018c4       0x36 CMakeFiles/project.elf.dir/Drivers/STM32H7xx_HAL_Driver/Src/stm32h7xx_hal_fdcan.c.obj
                0x080018c4                HAL_FDCAN_ConfigGlobalFilter
 .text.HAL_FDCAN_Start
                0x080018fa       0x34 CMakeFiles/project.elf.dir/Drivers/STM32H7xx_HAL_Driver/Src/stm32h7xx_hal_fdcan.c.obj
                0x080018fa                HAL_FDCAN_Start
 .text.HAL_FDCAN_AddMessageToTxFifoQ
                0x0800192e       0x76 CMakeFiles/project.elf.dir/Drivers/STM32H7xx_HAL_Driver/Src/stm32h7xx_hal_fdcan.c.obj
                0x0800192e                HAL_FDCAN_AddMessageToTxFifoQ
 .text.HAL_FDCAN_ActivateNotification
                0x080019a4       0x90 CMakeFiles/project.elf.dir/Drivers/STM32H7xx_HAL_Driver/Src/stm32h7xx_hal_fdcan.c.obj
                0x080019a4                HAL_FDCAN_ActivateNotification
 .text.HAL_FDCAN_ClockCalibrationCallback
                0x08001a34        0x2 CMakeFiles/project.elf.dir/Drivers/STM32H7xx_HAL_Driver/Src/stm32h7xx_hal_fdcan.c.obj
                0x08001a34                HAL_FDCAN_ClockCalibrationCallback
 .text.HAL_FDCAN_TxEventFifoCallback
                0x08001a36        0x2 CMakeFiles/project.elf.dir/Drivers/STM32H7xx_HAL_Driver/Src/stm32h7xx_hal_fdcan.c.obj
                0x08001a36                HAL_FDCAN_TxEventFifoCallback
 .text.HAL_FDCAN_RxFifo0Callback
                0x08001a38        0x2 CMakeFiles/project.elf.dir/Drivers/STM32H7xx_HAL_Driver/Src/stm32h7xx_hal_fdcan.c.obj
                0x08001a38                HAL_FDCAN_RxFifo0Callback
 .text.HAL_FDCAN_RxFifo1Callback
                0x08001a3a        0x2 CMakeFiles/project.elf.dir/Drivers/STM32H7xx_HAL_Driver/Src/stm32h7xx_hal_fdcan.c.obj
                0x08001a3a                HAL_FDCAN_RxFifo1Callback
 .text.HAL_FDCAN_TxFifoEmptyCallback
                0x08001a3c        0x2 CMakeFiles/project.elf.dir/Drivers/STM32H7xx_HAL_Driver/Src/stm32h7xx_hal_fdcan.c.obj
                0x08001a3c                HAL_FDCAN_TxFifoEmptyCallback
 .text.HAL_FDCAN_TxBufferCompleteCallback
                0x08001a3e        0x2 CMakeFiles/project.elf.dir/Drivers/STM32H7xx_HAL_Driver/Src/stm32h7xx_hal_fdcan.c.obj
                0x08001a3e                HAL_FDCAN_TxBufferCompleteCallback
 .text.HAL_FDCAN_TxBufferAbortCallback
                0x08001a40        0x2 CMakeFiles/project.elf.dir/Drivers/STM32H7xx_HAL_Driver/Src/stm32h7xx_hal_fdcan.c.obj
                0x08001a40                HAL_FDCAN_TxBufferAbortCallback
 .text.HAL_FDCAN_RxBufferNewMessageCallback
                0x08001a42        0x2 CMakeFiles/project.elf.dir/Drivers/STM32H7xx_HAL_Driver/Src/stm32h7xx_hal_fdcan.c.obj
                0x08001a42                HAL_FDCAN_RxBufferNewMessageCallback
 .text.HAL_FDCAN_TimestampWraparoundCallback
                0x08001a44        0x2 CMakeFiles/project.elf.dir/Drivers/STM32H7xx_HAL_Driver/Src/stm32h7xx_hal_fdcan.c.obj
                0x08001a44                HAL_FDCAN_TimestampWraparoundCallback
 .text.HAL_FDCAN_TimeoutOccurredCallback
                0x08001a46        0x2 CMakeFiles/project.elf.dir/Drivers/STM32H7xx_HAL_Driver/Src/stm32h7xx_hal_fdcan.c.obj
                0x08001a46                HAL_FDCAN_TimeoutOccurredCallback
 .text.HAL_FDCAN_HighPriorityMessageCallback
                0x08001a48        0x2 CMakeFiles/project.elf.dir/Drivers/STM32H7xx_HAL_Driver/Src/stm32h7xx_hal_fdcan.c.obj
                0x08001a48                HAL_FDCAN_HighPriorityMessageCallback
 .text.HAL_FDCAN_ErrorCallback
                0x08001a4a        0x2 CMakeFiles/project.elf.dir/Drivers/STM32H7xx_HAL_Driver/Src/stm32h7xx_hal_fdcan.c.obj
                0x08001a4a                HAL_FDCAN_ErrorCallback
 .text.HAL_FDCAN_ErrorStatusCallback
                0x08001a4c        0x2 CMakeFiles/project.elf.dir/Drivers/STM32H7xx_HAL_Driver/Src/stm32h7xx_hal_fdcan.c.obj
                0x08001a4c                HAL_FDCAN_ErrorStatusCallback
 .text.HAL_FDCAN_TT_ScheduleSyncCallback
                0x08001a4e        0x2 CMakeFiles/project.elf.dir/Drivers/STM32H7xx_HAL_Driver/Src/stm32h7xx_hal_fdcan.c.obj
                0x08001a4e                HAL_FDCAN_TT_ScheduleSyncCallback
 .text.HAL_FDCAN_TT_TimeMarkCallback
                0x08001a50        0x2 CMakeFiles/project.elf.dir/Drivers/STM32H7xx_HAL_Driver/Src/stm32h7xx_hal_fdcan.c.obj
                0x08001a50                HAL_FDCAN_TT_TimeMarkCallback
 .text.HAL_FDCAN_TT_StopWatchCallback
                0x08001a52        0x2 CMakeFiles/project.elf.dir/Drivers/STM32H7xx_HAL_Driver/Src/stm32h7xx_hal_fdcan.c.obj
                0x08001a52                HAL_FDCAN_TT_StopWatchCallback
 .text.HAL_FDCAN_TT_GlobalTimeCallback
                0x08001a54        0x2 CMakeFiles/project.elf.dir/Drivers/STM32H7xx_HAL_Driver/Src/stm32h7xx_hal_fdcan.c.obj
                0x08001a54                HAL_FDCAN_TT_GlobalTimeCallback
 *fill*         0x08001a56        0x2 
 .text.HAL_FDCAN_IRQHandler
                0x08001a58      0x320 CMakeFiles/project.elf.dir/Drivers/STM32H7xx_HAL_Driver/Src/stm32h7xx_hal_fdcan.c.obj
                0x08001a58                HAL_FDCAN_IRQHandler
 .text.HAL_GPIO_Init
                0x08001d78      0x21c CMakeFiles/project.elf.dir/Drivers/STM32H7xx_HAL_Driver/Src/stm32h7xx_hal_gpio.c.obj
                0x08001d78                HAL_GPIO_Init
 .text.HAL_PWREx_ConfigSupply
                0x08001f94       0x54 CMakeFiles/project.elf.dir/Drivers/STM32H7xx_HAL_Driver/Src/stm32h7xx_hal_pwr_ex.c.obj
                0x08001f94                HAL_PWREx_ConfigSupply
 .text.HAL_RCC_OscConfig
                0x08001fe8      0x5e4 CMakeFiles/project.elf.dir/Drivers/STM32H7xx_HAL_Driver/Src/stm32h7xx_hal_rcc.c.obj
                0x08001fe8                HAL_RCC_OscConfig
 .text.HAL_RCC_GetSysClockFreq
                0x080025cc      0x224 CMakeFiles/project.elf.dir/Drivers/STM32H7xx_HAL_Driver/Src/stm32h7xx_hal_rcc.c.obj
                0x080025cc                HAL_RCC_GetSysClockFreq
 .text.HAL_RCC_ClockConfig
                0x080027f0      0x294 CMakeFiles/project.elf.dir/Drivers/STM32H7xx_HAL_Driver/Src/stm32h7xx_hal_rcc.c.obj
                0x080027f0                HAL_RCC_ClockConfig
 .text.RCCEx_PLL2_Config
                0x08002a84      0x108 CMakeFiles/project.elf.dir/Drivers/STM32H7xx_HAL_Driver/Src/stm32h7xx_hal_rcc_ex.c.obj
 .text.RCCEx_PLL3_Config
                0x08002b8c      0x108 CMakeFiles/project.elf.dir/Drivers/STM32H7xx_HAL_Driver/Src/stm32h7xx_hal_rcc_ex.c.obj
 .text.HAL_RCCEx_PeriphCLKConfig
                0x08002c94      0xa2c CMakeFiles/project.elf.dir/Drivers/STM32H7xx_HAL_Driver/Src/stm32h7xx_hal_rcc_ex.c.obj
                0x08002c94                HAL_RCCEx_PeriphCLKConfig
 .text.selfrel_offset31
                0x080036c0       0x14 D:/ClionToolchains/gcc-arm-none-eabi-10.3-2021.10/bin/../lib/gcc/arm-none-eabi/13.3.1/thumb/v7e-m/nofp\libgcc.a(unwind-arm.o)
 .text.search_EIT_table
                0x080036d4       0x68 D:/ClionToolchains/gcc-arm-none-eabi-10.3-2021.10/bin/../lib/gcc/arm-none-eabi/13.3.1/thumb/v7e-m/nofp\libgcc.a(unwind-arm.o)
 .text.__gnu_unwind_get_pr_addr
                0x0800373c       0x28 D:/ClionToolchains/gcc-arm-none-eabi-10.3-2021.10/bin/../lib/gcc/arm-none-eabi/13.3.1/thumb/v7e-m/nofp\libgcc.a(unwind-arm.o)
 .text.get_eit_entry
                0x08003764       0x98 D:/ClionToolchains/gcc-arm-none-eabi-10.3-2021.10/bin/../lib/gcc/arm-none-eabi/13.3.1/thumb/v7e-m/nofp\libgcc.a(unwind-arm.o)
 .text.restore_non_core_regs
                0x080037fc       0x58 D:/ClionToolchains/gcc-arm-none-eabi-10.3-2021.10/bin/../lib/gcc/arm-none-eabi/13.3.1/thumb/v7e-m/nofp\libgcc.a(unwind-arm.o)
 .text._Unwind_decode_typeinfo_ptr.constprop.0
                0x08003854        0xc D:/ClionToolchains/gcc-arm-none-eabi-10.3-2021.10/bin/../lib/gcc/arm-none-eabi/13.3.1/thumb/v7e-m/nofp\libgcc.a(unwind-arm.o)
 .text._Unwind_DebugHook
                0x08003860        0x4 D:/ClionToolchains/gcc-arm-none-eabi-10.3-2021.10/bin/../lib/gcc/arm-none-eabi/13.3.1/thumb/v7e-m/nofp\libgcc.a(unwind-arm.o)
 .text.unwind_phase2
                0x08003864       0x3c D:/ClionToolchains/gcc-arm-none-eabi-10.3-2021.10/bin/../lib/gcc/arm-none-eabi/13.3.1/thumb/v7e-m/nofp\libgcc.a(unwind-arm.o)
 .text.unwind_phase2_forced
                0x080038a0       0xd8 D:/ClionToolchains/gcc-arm-none-eabi-10.3-2021.10/bin/../lib/gcc/arm-none-eabi/13.3.1/thumb/v7e-m/nofp\libgcc.a(unwind-arm.o)
 .text.__gnu_Unwind_RaiseException
                0x08003978       0x68 D:/ClionToolchains/gcc-arm-none-eabi-10.3-2021.10/bin/../lib/gcc/arm-none-eabi/13.3.1/thumb/v7e-m/nofp\libgcc.a(unwind-arm.o)
                0x08003978                __gnu_Unwind_RaiseException
 .text.__gnu_Unwind_ForcedUnwind
                0x080039e0       0x10 D:/ClionToolchains/gcc-arm-none-eabi-10.3-2021.10/bin/../lib/gcc/arm-none-eabi/13.3.1/thumb/v7e-m/nofp\libgcc.a(unwind-arm.o)
                0x080039e0                __gnu_Unwind_ForcedUnwind
 .text.__gnu_Unwind_Resume
                0x080039f0       0x44 D:/ClionToolchains/gcc-arm-none-eabi-10.3-2021.10/bin/../lib/gcc/arm-none-eabi/13.3.1/thumb/v7e-m/nofp\libgcc.a(unwind-arm.o)
                0x080039f0                __gnu_Unwind_Resume
 .text.__gnu_Unwind_Resume_or_Rethrow
                0x08003a34       0x14 D:/ClionToolchains/gcc-arm-none-eabi-10.3-2021.10/bin/../lib/gcc/arm-none-eabi/13.3.1/thumb/v7e-m/nofp\libgcc.a(unwind-arm.o)
                0x08003a34                __gnu_Unwind_Resume_or_Rethrow
 .text._Unwind_VRS_Get
                0x08003a48       0x34 D:/ClionToolchains/gcc-arm-none-eabi-10.3-2021.10/bin/../lib/gcc/arm-none-eabi/13.3.1/thumb/v7e-m/nofp\libgcc.a(unwind-arm.o)
                0x08003a48                _Unwind_VRS_Get
 .text._Unwind_GetGR
                0x08003a7c       0x1c D:/ClionToolchains/gcc-arm-none-eabi-10.3-2021.10/bin/../lib/gcc/arm-none-eabi/13.3.1/thumb/v7e-m/nofp\libgcc.a(unwind-arm.o)
 .text._Unwind_VRS_Set
                0x08003a98       0x34 D:/ClionToolchains/gcc-arm-none-eabi-10.3-2021.10/bin/../lib/gcc/arm-none-eabi/13.3.1/thumb/v7e-m/nofp\libgcc.a(unwind-arm.o)
                0x08003a98                _Unwind_VRS_Set
 .text._Unwind_SetGR
                0x08003acc       0x18 D:/ClionToolchains/gcc-arm-none-eabi-10.3-2021.10/bin/../lib/gcc/arm-none-eabi/13.3.1/thumb/v7e-m/nofp\libgcc.a(unwind-arm.o)
 .text.__gnu_Unwind_Backtrace
                0x08003ae4       0x84 D:/ClionToolchains/gcc-arm-none-eabi-10.3-2021.10/bin/../lib/gcc/arm-none-eabi/13.3.1/thumb/v7e-m/nofp\libgcc.a(unwind-arm.o)
                0x08003ae4                __gnu_Unwind_Backtrace
 .text.__gnu_unwind_pr_common
                0x08003b68      0x2a4 D:/ClionToolchains/gcc-arm-none-eabi-10.3-2021.10/bin/../lib/gcc/arm-none-eabi/13.3.1/thumb/v7e-m/nofp\libgcc.a(unwind-arm.o)
 .text.__aeabi_unwind_cpp_pr0
                0x08003e0c        0x8 D:/ClionToolchains/gcc-arm-none-eabi-10.3-2021.10/bin/../lib/gcc/arm-none-eabi/13.3.1/thumb/v7e-m/nofp\libgcc.a(unwind-arm.o)
                0x08003e0c                __aeabi_unwind_cpp_pr0
 .text.__aeabi_unwind_cpp_pr1
                0x08003e14        0x8 D:/ClionToolchains/gcc-arm-none-eabi-10.3-2021.10/bin/../lib/gcc/arm-none-eabi/13.3.1/thumb/v7e-m/nofp\libgcc.a(unwind-arm.o)
                0x08003e14                __aeabi_unwind_cpp_pr1
 .text.__aeabi_unwind_cpp_pr2
                0x08003e1c        0x8 D:/ClionToolchains/gcc-arm-none-eabi-10.3-2021.10/bin/../lib/gcc/arm-none-eabi/13.3.1/thumb/v7e-m/nofp\libgcc.a(unwind-arm.o)
                0x08003e1c                __aeabi_unwind_cpp_pr2
 .text._Unwind_VRS_Pop
                0x08003e24      0x2f0 D:/ClionToolchains/gcc-arm-none-eabi-10.3-2021.10/bin/../lib/gcc/arm-none-eabi/13.3.1/thumb/v7e-m/nofp\libgcc.a(unwind-arm.o)
                0x08003e24                _Unwind_VRS_Pop
 .text.next_unwind_byte
                0x08004114       0x38 D:/ClionToolchains/gcc-arm-none-eabi-10.3-2021.10/bin/../lib/gcc/arm-none-eabi/13.3.1/thumb/v7e-m/nofp\libgcc.a(pr-support.o)
 .text.__gnu_unwind_execute
                0x0800414c      0x2fc D:/ClionToolchains/gcc-arm-none-eabi-10.3-2021.10/bin/../lib/gcc/arm-none-eabi/13.3.1/thumb/v7e-m/nofp\libgcc.a(pr-support.o)
                0x0800414c                __gnu_unwind_execute
 .text.abort    0x08004448       0x10 D:/ClionToolchains/gcc-arm-none-eabi-10.3-2021.10/bin/../lib/gcc/arm-none-eabi/13.3.1/thumb/v7e-m/nofp\libg.a(libc_a-abort.o)
                0x08004448                abort
 .text.memset   0x08004458       0xa4 D:/ClionToolchains/gcc-arm-none-eabi-10.3-2021.10/bin/../lib/gcc/arm-none-eabi/13.3.1/thumb/v7e-m/nofp\libg.a(libc_a-memset.o)
                0x08004458                memset
 .text.raise    0x080044fc       0x58 D:/ClionToolchains/gcc-arm-none-eabi-10.3-2021.10/bin/../lib/gcc/arm-none-eabi/13.3.1/thumb/v7e-m/nofp\libg.a(libc_a-signal.o)
                0x080044fc                raise
 .text._kill_r  0x08004554       0x2c D:/ClionToolchains/gcc-arm-none-eabi-10.3-2021.10/bin/../lib/gcc/arm-none-eabi/13.3.1/thumb/v7e-m/nofp\libg.a(libc_a-signalr.o)
                0x08004554                _kill_r
 .text._getpid_r
                0x08004580        0x4 D:/ClionToolchains/gcc-arm-none-eabi-10.3-2021.10/bin/../lib/gcc/arm-none-eabi/13.3.1/thumb/v7e-m/nofp\libg.a(libc_a-signalr.o)
                0x08004580                _getpid_r
 .text.__errno  0x08004584        0xc D:/ClionToolchains/gcc-arm-none-eabi-10.3-2021.10/bin/../lib/gcc/arm-none-eabi/13.3.1/thumb/v7e-m/nofp\libg.a(libc_a-errno.o)
                0x08004584                __errno
 .text.__libc_init_array
                0x08004590       0x50 D:/ClionToolchains/gcc-arm-none-eabi-10.3-2021.10/bin/../lib/gcc/arm-none-eabi/13.3.1/thumb/v7e-m/nofp\libg.a(libc_a-init.o)
                0x08004590                __libc_init_array
 .text.__retarget_lock_acquire_recursive
                0x080045e0        0x4 D:/ClionToolchains/gcc-arm-none-eabi-10.3-2021.10/bin/../lib/gcc/arm-none-eabi/13.3.1/thumb/v7e-m/nofp\libg.a(libc_a-lock.o)
                0x080045e0                __retarget_lock_acquire_recursive
 .text.__retarget_lock_release_recursive
                0x080045e4        0x4 D:/ClionToolchains/gcc-arm-none-eabi-10.3-2021.10/bin/../lib/gcc/arm-none-eabi/13.3.1/thumb/v7e-m/nofp\libg.a(libc_a-lock.o)
                0x080045e4                __retarget_lock_release_recursive
 .text.startup.register_fini
                0x080045e8       0x14 D:/ClionToolchains/gcc-arm-none-eabi-10.3-2021.10/bin/../lib/gcc/arm-none-eabi/13.3.1/thumb/v7e-m/nofp\libg.a(libc_a-__call_atexit.o)
 .text.atexit   0x080045fc        0xc D:/ClionToolchains/gcc-arm-none-eabi-10.3-2021.10/bin/../lib/gcc/arm-none-eabi/13.3.1/thumb/v7e-m/nofp\libg.a(libc_a-atexit.o)
                0x080045fc                atexit
 .text.__libc_fini_array
                0x08004608       0x28 D:/ClionToolchains/gcc-arm-none-eabi-10.3-2021.10/bin/../lib/gcc/arm-none-eabi/13.3.1/thumb/v7e-m/nofp\libg.a(libc_a-fini.o)
                0x08004608                __libc_fini_array
 .text.__register_exitproc
                0x08004630       0x80 D:/ClionToolchains/gcc-arm-none-eabi-10.3-2021.10/bin/../lib/gcc/arm-none-eabi/13.3.1/thumb/v7e-m/nofp\libg.a(libc_a-__atexit.o)
                0x08004630                __register_exitproc
 *(.glue_7)
 .glue_7        0x080046b0        0x0 linker stubs
 *(.glue_7t)
 .glue_7t       0x080046b0        0x0 linker stubs
 *(.eh_frame)
 .eh_frame      0x080046b0        0x0 D:/ClionToolchains/gcc-arm-none-eabi-10.3-2021.10/bin/../lib/gcc/arm-none-eabi/13.3.1/thumb/v7e-m/nofp/crtbegin.o
 *(.init)
 .init          0x080046b0        0x4 D:/ClionToolchains/gcc-arm-none-eabi-10.3-2021.10/bin/../lib/gcc/arm-none-eabi/13.3.1/thumb/v7e-m/nofp/crti.o
                0x080046b0                _init
 .init          0x080046b4        0x8 D:/ClionToolchains/gcc-arm-none-eabi-10.3-2021.10/bin/../lib/gcc/arm-none-eabi/13.3.1/thumb/v7e-m/nofp/crtn.o
 *(.fini)
 .fini          0x080046bc        0x4 D:/ClionToolchains/gcc-arm-none-eabi-10.3-2021.10/bin/../lib/gcc/arm-none-eabi/13.3.1/thumb/v7e-m/nofp/crti.o
                0x080046bc                _fini
 .fini          0x080046c0        0x8 D:/ClionToolchains/gcc-arm-none-eabi-10.3-2021.10/bin/../lib/gcc/arm-none-eabi/13.3.1/thumb/v7e-m/nofp/crtn.o
                0x080046c8                        . = ALIGN (0x4)
                0x080046c8                        _etext = .

.vfp11_veneer   0x080046c8        0x0
 .vfp11_veneer  0x080046c8        0x0 linker stubs

.v4_bx          0x080046c8        0x0
 .v4_bx         0x080046c8        0x0 linker stubs

.iplt           0x080046c8        0x0
 .iplt          0x080046c8        0x0 D:/ClionToolchains/gcc-arm-none-eabi-10.3-2021.10/bin/../lib/gcc/arm-none-eabi/13.3.1/thumb/v7e-m/nofp/crtbegin.o

.rodata         0x080046c8       0x6c
                0x080046c8                        . = ALIGN (0x4)
 *(.rodata)
 .rodata        0x080046c8       0x4c CMakeFiles/project.elf.dir/Drivers/STM32H7xx_HAL_Driver/Src/stm32h7xx_hal_fdcan.c.obj
 *(.rodata*)
 .rodata.D1CorePrescTable
                0x08004714       0x10 CMakeFiles/project.elf.dir/Core/Src/system_stm32h7xx.c.obj
                0x08004714                D1CorePrescTable
 .rodata.DLCtoBytes
                0x08004724       0x10 CMakeFiles/project.elf.dir/Drivers/STM32H7xx_HAL_Driver/Src/stm32h7xx_hal_fdcan.c.obj
                0x08004734                        . = ALIGN (0x4)

.ARM.extab      0x08004734       0x18
 *(.ARM.extab* .gnu.linkonce.armextab.*)
 .ARM.extab.text.Task_Init
                0x08004734        0xc CMakeFiles/project.elf.dir/Core/XTYF/Robot/Task/task.cpp.obj
 .ARM.extab.text.Task
                0x08004740        0xc CMakeFiles/project.elf.dir/Core/XTYF/Robot/Task/task.cpp.obj

.ARM            0x0800474c       0xb8
                0x0800474c                        __exidx_start = .
 *(.ARM.exidx*)
 .ARM.exidx     0x0800474c        0x8 D:/ClionToolchains/gcc-arm-none-eabi-10.3-2021.10/bin/../lib/gcc/arm-none-eabi/13.3.1/thumb/v7e-m/nofp\libg.a(libc_a-memcpy.o)
 .ARM.exidx.text._Z24fdcan_filter_mask_configP19FDCAN_HandleTypeDefhmm
                0x08004754        0x8 CMakeFiles/project.elf.dir/Core/XTYF/Lib/Driver/CAN/drv_can.cpp.obj
 .ARM.exidx.text._Z10FDCAN_InitP19FDCAN_HandleTypeDefPFvP20Struct_FDCAN_Rx_FIFOE
                0x0800475c        0x8 CMakeFiles/project.elf.dir/Core/XTYF/Lib/Driver/CAN/drv_can.cpp.obj
 .ARM.exidx.text._Z15FDCAN_Send_DataP19FDCAN_HandleTypeDeftPht
                0x08004764        0x8 CMakeFiles/project.elf.dir/Core/XTYF/Lib/Driver/CAN/drv_can.cpp.obj
 .ARM.exidx.text.Task_Init
                0x0800476c        0x8 CMakeFiles/project.elf.dir/Core/XTYF/Robot/Task/task.cpp.obj
 .ARM.exidx.text.Task
                0x08004774       0x10 CMakeFiles/project.elf.dir/Core/XTYF/Robot/Task/task.cpp.obj
                                  0x8 (size before relaxing)
 .ARM.exidx.text.selfrel_offset31
                0x08004784        0x0 D:/ClionToolchains/gcc-arm-none-eabi-10.3-2021.10/bin/../lib/gcc/arm-none-eabi/13.3.1/thumb/v7e-m/nofp\libgcc.a(unwind-arm.o)
                                  0x8 (size before relaxing)
 .ARM.exidx.text.search_EIT_table
                0x08004784        0x0 D:/ClionToolchains/gcc-arm-none-eabi-10.3-2021.10/bin/../lib/gcc/arm-none-eabi/13.3.1/thumb/v7e-m/nofp\libgcc.a(unwind-arm.o)
                                  0x8 (size before relaxing)
 .ARM.exidx.text.__gnu_unwind_get_pr_addr
                0x08004784        0x0 D:/ClionToolchains/gcc-arm-none-eabi-10.3-2021.10/bin/../lib/gcc/arm-none-eabi/13.3.1/thumb/v7e-m/nofp\libgcc.a(unwind-arm.o)
                                  0x8 (size before relaxing)
 .ARM.exidx.text.get_eit_entry
                0x08004784        0x8 D:/ClionToolchains/gcc-arm-none-eabi-10.3-2021.10/bin/../lib/gcc/arm-none-eabi/13.3.1/thumb/v7e-m/nofp\libgcc.a(unwind-arm.o)
 .ARM.exidx.text.restore_non_core_regs
                0x0800478c        0x8 D:/ClionToolchains/gcc-arm-none-eabi-10.3-2021.10/bin/../lib/gcc/arm-none-eabi/13.3.1/thumb/v7e-m/nofp\libgcc.a(unwind-arm.o)
 .ARM.exidx.text._Unwind_decode_typeinfo_ptr.constprop.0
                0x08004794        0x8 D:/ClionToolchains/gcc-arm-none-eabi-10.3-2021.10/bin/../lib/gcc/arm-none-eabi/13.3.1/thumb/v7e-m/nofp\libgcc.a(unwind-arm.o)
 .ARM.exidx.text._Unwind_DebugHook
                0x0800479c        0x0 D:/ClionToolchains/gcc-arm-none-eabi-10.3-2021.10/bin/../lib/gcc/arm-none-eabi/13.3.1/thumb/v7e-m/nofp\libgcc.a(unwind-arm.o)
                                  0x8 (size before relaxing)
 .ARM.exidx.text.unwind_phase2
                0x0800479c        0x8 D:/ClionToolchains/gcc-arm-none-eabi-10.3-2021.10/bin/../lib/gcc/arm-none-eabi/13.3.1/thumb/v7e-m/nofp\libgcc.a(unwind-arm.o)
 .ARM.exidx.text.unwind_phase2_forced
                0x080047a4        0x8 D:/ClionToolchains/gcc-arm-none-eabi-10.3-2021.10/bin/../lib/gcc/arm-none-eabi/13.3.1/thumb/v7e-m/nofp\libgcc.a(unwind-arm.o)
 .ARM.exidx.text.__gnu_Unwind_RaiseException
                0x080047ac        0x8 D:/ClionToolchains/gcc-arm-none-eabi-10.3-2021.10/bin/../lib/gcc/arm-none-eabi/13.3.1/thumb/v7e-m/nofp\libgcc.a(unwind-arm.o)
 .ARM.exidx.text.__gnu_Unwind_ForcedUnwind
                0x080047b4        0x8 D:/ClionToolchains/gcc-arm-none-eabi-10.3-2021.10/bin/../lib/gcc/arm-none-eabi/13.3.1/thumb/v7e-m/nofp\libgcc.a(unwind-arm.o)
 .ARM.exidx.text.__gnu_Unwind_Resume
                0x080047bc        0x8 D:/ClionToolchains/gcc-arm-none-eabi-10.3-2021.10/bin/../lib/gcc/arm-none-eabi/13.3.1/thumb/v7e-m/nofp\libgcc.a(unwind-arm.o)
 .ARM.exidx.text.__gnu_Unwind_Resume_or_Rethrow
                0x080047c4        0x8 D:/ClionToolchains/gcc-arm-none-eabi-10.3-2021.10/bin/../lib/gcc/arm-none-eabi/13.3.1/thumb/v7e-m/nofp\libgcc.a(unwind-arm.o)
 .ARM.exidx.text._Unwind_VRS_Get
                0x080047cc        0x0 D:/ClionToolchains/gcc-arm-none-eabi-10.3-2021.10/bin/../lib/gcc/arm-none-eabi/13.3.1/thumb/v7e-m/nofp\libgcc.a(unwind-arm.o)
                                  0x8 (size before relaxing)
 .ARM.exidx.text._Unwind_GetGR
                0x080047cc        0x0 D:/ClionToolchains/gcc-arm-none-eabi-10.3-2021.10/bin/../lib/gcc/arm-none-eabi/13.3.1/thumb/v7e-m/nofp\libgcc.a(unwind-arm.o)
                                  0x8 (size before relaxing)
 .ARM.exidx.text._Unwind_VRS_Set
                0x080047cc        0x0 D:/ClionToolchains/gcc-arm-none-eabi-10.3-2021.10/bin/../lib/gcc/arm-none-eabi/13.3.1/thumb/v7e-m/nofp\libgcc.a(unwind-arm.o)
                                  0x8 (size before relaxing)
 .ARM.exidx.text._Unwind_SetGR
                0x080047cc        0x0 D:/ClionToolchains/gcc-arm-none-eabi-10.3-2021.10/bin/../lib/gcc/arm-none-eabi/13.3.1/thumb/v7e-m/nofp\libgcc.a(unwind-arm.o)
                                  0x8 (size before relaxing)
 .ARM.exidx.text.__gnu_Unwind_Backtrace
                0x080047cc        0x8 D:/ClionToolchains/gcc-arm-none-eabi-10.3-2021.10/bin/../lib/gcc/arm-none-eabi/13.3.1/thumb/v7e-m/nofp\libgcc.a(unwind-arm.o)
 .ARM.exidx.text.__gnu_unwind_pr_common
                0x080047d4        0x8 D:/ClionToolchains/gcc-arm-none-eabi-10.3-2021.10/bin/../lib/gcc/arm-none-eabi/13.3.1/thumb/v7e-m/nofp\libgcc.a(unwind-arm.o)
 .ARM.exidx.text.__aeabi_unwind_cpp_pr0
                0x080047dc        0x8 D:/ClionToolchains/gcc-arm-none-eabi-10.3-2021.10/bin/../lib/gcc/arm-none-eabi/13.3.1/thumb/v7e-m/nofp\libgcc.a(unwind-arm.o)
 .ARM.exidx.text.__aeabi_unwind_cpp_pr1
                0x080047e4        0x0 D:/ClionToolchains/gcc-arm-none-eabi-10.3-2021.10/bin/../lib/gcc/arm-none-eabi/13.3.1/thumb/v7e-m/nofp\libgcc.a(unwind-arm.o)
                                  0x8 (size before relaxing)
 .ARM.exidx.text.__aeabi_unwind_cpp_pr2
                0x080047e4        0x0 D:/ClionToolchains/gcc-arm-none-eabi-10.3-2021.10/bin/../lib/gcc/arm-none-eabi/13.3.1/thumb/v7e-m/nofp\libgcc.a(unwind-arm.o)
                                  0x8 (size before relaxing)
 .ARM.exidx.text._Unwind_VRS_Pop
                0x080047e4        0x8 D:/ClionToolchains/gcc-arm-none-eabi-10.3-2021.10/bin/../lib/gcc/arm-none-eabi/13.3.1/thumb/v7e-m/nofp\libgcc.a(unwind-arm.o)
 .ARM.exidx.text.next_unwind_byte
                0x080047ec        0x8 D:/ClionToolchains/gcc-arm-none-eabi-10.3-2021.10/bin/../lib/gcc/arm-none-eabi/13.3.1/thumb/v7e-m/nofp\libgcc.a(pr-support.o)
 .ARM.exidx.text.__gnu_unwind_execute
                0x080047f4       0x10 D:/ClionToolchains/gcc-arm-none-eabi-10.3-2021.10/bin/../lib/gcc/arm-none-eabi/13.3.1/thumb/v7e-m/nofp\libgcc.a(pr-support.o)
                                  0x8 (size before relaxing)
                0x08004804                        __exidx_end = .

.preinit_array  0x08004804        0x0
                0x08004804                        PROVIDE (__preinit_array_start = .)
 *(.preinit_array*)
                0x08004804                        PROVIDE (__preinit_array_end = .)

.init_array     0x08004804        0x8
                0x08004804                        PROVIDE (__init_array_start = .)
 *(SORT_BY_NAME(.init_array.*))
 .init_array.00000
                0x08004804        0x4 D:/ClionToolchains/gcc-arm-none-eabi-10.3-2021.10/bin/../lib/gcc/arm-none-eabi/13.3.1/thumb/v7e-m/nofp\libg.a(libc_a-__call_atexit.o)
 *(.init_array*)
 .init_array    0x08004808        0x4 D:/ClionToolchains/gcc-arm-none-eabi-10.3-2021.10/bin/../lib/gcc/arm-none-eabi/13.3.1/thumb/v7e-m/nofp/crtbegin.o
                0x0800480c                        PROVIDE (__init_array_end = .)

.fini_array     0x0800480c        0x4
                0x0800480c                        PROVIDE (__fini_array_start = .)
 *(SORT_BY_NAME(.fini_array.*))
 *(.fini_array*)
 .fini_array    0x0800480c        0x4 D:/ClionToolchains/gcc-arm-none-eabi-10.3-2021.10/bin/../lib/gcc/arm-none-eabi/13.3.1/thumb/v7e-m/nofp/crtbegin.o
                0x08004810                        PROVIDE (__fini_array_end = .)
                0x08004810                        _sidata = LOADADDR (.data)

.rel.dyn        0x08004810        0x0
 .rel.iplt      0x08004810        0x0 D:/ClionToolchains/gcc-arm-none-eabi-10.3-2021.10/bin/../lib/gcc/arm-none-eabi/13.3.1/thumb/v7e-m/nofp/crtbegin.o

.data           0x24000000      0x15c load address 0x08004810
                0x24000000                        . = ALIGN (0x4)
                0x24000000                        _sdata = .
 *(.data)
 *(.data*)
 .data.SystemD2Clock
                0x24000000        0x4 CMakeFiles/project.elf.dir/Core/Src/system_stm32h7xx.c.obj
                0x24000000                SystemD2Clock
 .data.SystemCoreClock
                0x24000004        0x4 CMakeFiles/project.elf.dir/Core/Src/system_stm32h7xx.c.obj
                0x24000004                SystemCoreClock
 .data.uwTickFreq
                0x24000008        0x1 CMakeFiles/project.elf.dir/Drivers/STM32H7xx_HAL_Driver/Src/stm32h7xx_hal.c.obj
                0x24000008                uwTickFreq
 *fill*         0x24000009        0x3 
 .data.uwTickPrio
                0x2400000c        0x4 CMakeFiles/project.elf.dir/Drivers/STM32H7xx_HAL_Driver/Src/stm32h7xx_hal.c.obj
                0x2400000c                uwTickPrio
 .data._impure_ptr
                0x24000010        0x4 D:/ClionToolchains/gcc-arm-none-eabi-10.3-2021.10/bin/../lib/gcc/arm-none-eabi/13.3.1/thumb/v7e-m/nofp\libg.a(libc_a-impure.o)
                0x24000010                _impure_ptr
 *fill*         0x24000014        0x4 
 .data._impure_data
                0x24000018      0x140 D:/ClionToolchains/gcc-arm-none-eabi-10.3-2021.10/bin/../lib/gcc/arm-none-eabi/13.3.1/thumb/v7e-m/nofp\libg.a(libc_a-impure.o)
                0x24000018                _impure_data
 .data.__atexit_recursive_mutex
                0x24000158        0x4 D:/ClionToolchains/gcc-arm-none-eabi-10.3-2021.10/bin/../lib/gcc/arm-none-eabi/13.3.1/thumb/v7e-m/nofp\libg.a(libc_a-__call_atexit.o)
                0x24000158                __atexit_recursive_mutex
 *(.RamFunc)
 *(.RamFunc*)
                0x2400015c                        . = ALIGN (0x4)
                0x2400015c                        _edata = .

.tm_clone_table
                0x2400015c        0x0 load address 0x0800496c
 .tm_clone_table
                0x2400015c        0x0 D:/ClionToolchains/gcc-arm-none-eabi-10.3-2021.10/bin/../lib/gcc/arm-none-eabi/13.3.1/thumb/v7e-m/nofp/crtbegin.o
 .tm_clone_table
                0x2400015c        0x0 D:/ClionToolchains/gcc-arm-none-eabi-10.3-2021.10/bin/../lib/gcc/arm-none-eabi/13.3.1/thumb/v7e-m/nofp/crtend.o

.igot.plt       0x2400015c        0x0 load address 0x0800496c
 .igot.plt      0x2400015c        0x0 D:/ClionToolchains/gcc-arm-none-eabi-10.3-2021.10/bin/../lib/gcc/arm-none-eabi/13.3.1/thumb/v7e-m/nofp/crtbegin.o
                0x2400015c                        . = ALIGN (0x4)

.bss            0x2400015c      0x448 load address 0x0800496c
                0x2400015c                        _sbss = .
                0x2400015c                        __bss_start__ = _sbss
 *(.bss)
 *(.bss*)
 .bss.completed.1
                0x2400015c        0x1 D:/ClionToolchains/gcc-arm-none-eabi-10.3-2021.10/bin/../lib/gcc/arm-none-eabi/13.3.1/thumb/v7e-m/nofp/crtbegin.o
 *fill*         0x2400015d        0x3 
 .bss.object.0  0x24000160       0x18 D:/ClionToolchains/gcc-arm-none-eabi-10.3-2021.10/bin/../lib/gcc/arm-none-eabi/13.3.1/thumb/v7e-m/nofp/crtbegin.o
 .bss.hfdcan1   0x24000178       0xa0 CMakeFiles/project.elf.dir/Core/Src/fdcan.c.obj
                0x24000178                hfdcan1
 .bss.FDCAN1_0x200_Tx_Data
                0x24000218        0x8 CMakeFiles/project.elf.dir/Core/XTYF/Lib/Driver/CAN/drv_can.cpp.obj
                0x24000218                FDCAN1_0x200_Tx_Data
 .bss.FDCAN3_Manage_Object
                0x24000220       0x38 CMakeFiles/project.elf.dir/Core/XTYF/Lib/Driver/CAN/drv_can.cpp.obj
                0x24000220                FDCAN3_Manage_Object
 .bss.FDCAN2_Manage_Object
                0x24000258       0x38 CMakeFiles/project.elf.dir/Core/XTYF/Lib/Driver/CAN/drv_can.cpp.obj
                0x24000258                FDCAN2_Manage_Object
 .bss.FDCAN1_Manage_Object
                0x24000290       0x38 CMakeFiles/project.elf.dir/Core/XTYF/Lib/Driver/CAN/drv_can.cpp.obj
                0x24000290                FDCAN1_Manage_Object
 .bss.init_finished
                0x240002c8        0x1 CMakeFiles/project.elf.dir/Core/XTYF/Robot/Task/task.cpp.obj
                0x240002c8                init_finished
 *fill*         0x240002c9        0x3 
 .bss.uwTick    0x240002cc        0x4 CMakeFiles/project.elf.dir/Drivers/STM32H7xx_HAL_Driver/Src/stm32h7xx_hal.c.obj
                0x240002cc                uwTick
 .bss.__sf      0x240002d0      0x138 D:/ClionToolchains/gcc-arm-none-eabi-10.3-2021.10/bin/../lib/gcc/arm-none-eabi/13.3.1/thumb/v7e-m/nofp\libg.a(libc_a-findfp.o)
                0x240002d0                __sf
 .bss.errno     0x24000408        0x4 D:/ClionToolchains/gcc-arm-none-eabi-10.3-2021.10/bin/../lib/gcc/arm-none-eabi/13.3.1/thumb/v7e-m/nofp\libg.a(libc_a-reent.o)
                0x24000408                errno
 .bss.__lock___atexit_recursive_mutex
                0x2400040c        0x1 D:/ClionToolchains/gcc-arm-none-eabi-10.3-2021.10/bin/../lib/gcc/arm-none-eabi/13.3.1/thumb/v7e-m/nofp\libg.a(libc_a-lock.o)
                0x2400040c                __lock___atexit_recursive_mutex
 *fill*         0x2400040d        0x3 
 .bss.__atexit  0x24000410        0x4 D:/ClionToolchains/gcc-arm-none-eabi-10.3-2021.10/bin/../lib/gcc/arm-none-eabi/13.3.1/thumb/v7e-m/nofp\libg.a(libc_a-__call_atexit.o)
                0x24000410                __atexit
 .bss.__atexit0
                0x24000414      0x190 D:/ClionToolchains/gcc-arm-none-eabi-10.3-2021.10/bin/../lib/gcc/arm-none-eabi/13.3.1/thumb/v7e-m/nofp\libg.a(libc_a-__atexit.o)
                0x24000414                __atexit0
 *(COMMON)
                0x240005a4                        . = ALIGN (0x4)
                0x240005a4                        _ebss = .
                0x240005a4                        __bss_end__ = _ebss

._user_heap_stack
                0x240005a4      0x604 load address 0x0800496c
                0x240005a8                        . = ALIGN (0x8)
 *fill*         0x240005a4        0x4 
                [!provide]                        PROVIDE (end = .)
                0x240005a8                        PROVIDE (_end = .)
                0x240007a8                        . = (. + _Min_Heap_Size)
 *fill*         0x240005a8      0x200 
                0x24000ba8                        . = (. + _Min_Stack_Size)
 *fill*         0x240007a8      0x400 
                0x24000ba8                        . = ALIGN (0x8)

/DISCARD/
 libc.a(*)
 libm.a(*)
 libgcc.a(*)

.ARM.attributes
                0x00000000       0x2a
 *(.ARM.attributes)
 .ARM.attributes
                0x00000000       0x1e D:/ClionToolchains/gcc-arm-none-eabi-10.3-2021.10/bin/../lib/gcc/arm-none-eabi/13.3.1/thumb/v7e-m/nofp/crti.o
 .ARM.attributes
                0x0000001e       0x2e D:/ClionToolchains/gcc-arm-none-eabi-10.3-2021.10/bin/../lib/gcc/arm-none-eabi/13.3.1/thumb/v7e-m/nofp/crtbegin.o
 .ARM.attributes
                0x0000004c       0x2e CMakeFiles/project.elf.dir/Core/Src/fdcan.c.obj
 .ARM.attributes
                0x0000007a       0x2e CMakeFiles/project.elf.dir/Core/Src/gpio.c.obj
 .ARM.attributes
                0x000000a8       0x2e CMakeFiles/project.elf.dir/Core/Src/main.c.obj
 .ARM.attributes
                0x000000d6       0x2e CMakeFiles/project.elf.dir/Core/Src/stm32h7xx_hal_msp.c.obj
 .ARM.attributes
                0x00000104       0x2e CMakeFiles/project.elf.dir/Core/Src/stm32h7xx_it.c.obj
 .ARM.attributes
                0x00000132       0x2e CMakeFiles/project.elf.dir/Core/Src/system_stm32h7xx.c.obj
 .ARM.attributes
                0x00000160       0x21 CMakeFiles/project.elf.dir/Core/Startup/startup_stm32h723vgtx.s.obj
 .ARM.attributes
                0x00000181       0x2e CMakeFiles/project.elf.dir/Core/XTYF/Lib/Driver/CAN/drv_can.cpp.obj
 .ARM.attributes
                0x000001af       0x2e CMakeFiles/project.elf.dir/Core/XTYF/Robot/Task/task.cpp.obj
 .ARM.attributes
                0x000001dd       0x2e CMakeFiles/project.elf.dir/Drivers/STM32H7xx_HAL_Driver/Src/stm32h7xx_hal.c.obj
 .ARM.attributes
                0x0000020b       0x2e CMakeFiles/project.elf.dir/Drivers/STM32H7xx_HAL_Driver/Src/stm32h7xx_hal_cortex.c.obj
 .ARM.attributes
                0x00000239       0x2e CMakeFiles/project.elf.dir/Drivers/STM32H7xx_HAL_Driver/Src/stm32h7xx_hal_fdcan.c.obj
 .ARM.attributes
                0x00000267       0x2e CMakeFiles/project.elf.dir/Drivers/STM32H7xx_HAL_Driver/Src/stm32h7xx_hal_gpio.c.obj
 .ARM.attributes
                0x00000295       0x2e CMakeFiles/project.elf.dir/Drivers/STM32H7xx_HAL_Driver/Src/stm32h7xx_hal_pwr_ex.c.obj
 .ARM.attributes
                0x000002c3       0x2e CMakeFiles/project.elf.dir/Drivers/STM32H7xx_HAL_Driver/Src/stm32h7xx_hal_rcc.c.obj
 .ARM.attributes
                0x000002f1       0x2e CMakeFiles/project.elf.dir/Drivers/STM32H7xx_HAL_Driver/Src/stm32h7xx_hal_rcc_ex.c.obj
 .ARM.attributes
                0x0000031f       0x1e D:/ClionToolchains/gcc-arm-none-eabi-10.3-2021.10/bin/../lib/gcc/arm-none-eabi/13.3.1/thumb/v7e-m/nofp\libgcc.a(_arm_addsubsf3.o)
 .ARM.attributes
                0x0000033d       0x1e D:/ClionToolchains/gcc-arm-none-eabi-10.3-2021.10/bin/../lib/gcc/arm-none-eabi/13.3.1/thumb/v7e-m/nofp\libgcc.a(_arm_muldivsf3.o)
 .ARM.attributes
                0x0000035b       0x1e D:/ClionToolchains/gcc-arm-none-eabi-10.3-2021.10/bin/../lib/gcc/arm-none-eabi/13.3.1/thumb/v7e-m/nofp\libgcc.a(_arm_fixunssfsi.o)
 .ARM.attributes
                0x00000379       0x2e D:/ClionToolchains/gcc-arm-none-eabi-10.3-2021.10/bin/../lib/gcc/arm-none-eabi/13.3.1/thumb/v7e-m/nofp\libgcc.a(unwind-arm.o)
 .ARM.attributes
                0x000003a7       0x1e D:/ClionToolchains/gcc-arm-none-eabi-10.3-2021.10/bin/../lib/gcc/arm-none-eabi/13.3.1/thumb/v7e-m/nofp\libgcc.a(libunwind.o)
 .ARM.attributes
                0x000003c5       0x2e D:/ClionToolchains/gcc-arm-none-eabi-10.3-2021.10/bin/../lib/gcc/arm-none-eabi/13.3.1/thumb/v7e-m/nofp\libgcc.a(pr-support.o)
 .ARM.attributes
                0x000003f3       0x2e D:/ClionToolchains/gcc-arm-none-eabi-10.3-2021.10/bin/../lib/gcc/arm-none-eabi/13.3.1/thumb/v7e-m/nofp\libg.a(libc_a-abort.o)
 .ARM.attributes
                0x00000421       0x2e D:/ClionToolchains/gcc-arm-none-eabi-10.3-2021.10/bin/../lib/gcc/arm-none-eabi/13.3.1/thumb/v7e-m/nofp\libg.a(libc_a-findfp.o)
 .ARM.attributes
                0x0000044f       0x2e D:/ClionToolchains/gcc-arm-none-eabi-10.3-2021.10/bin/../lib/gcc/arm-none-eabi/13.3.1/thumb/v7e-m/nofp\libg.a(libc_a-memset.o)
 .ARM.attributes
                0x0000047d       0x2e D:/ClionToolchains/gcc-arm-none-eabi-10.3-2021.10/bin/../lib/gcc/arm-none-eabi/13.3.1/thumb/v7e-m/nofp\libg.a(libc_a-signal.o)
 .ARM.attributes
                0x000004ab       0x2e D:/ClionToolchains/gcc-arm-none-eabi-10.3-2021.10/bin/../lib/gcc/arm-none-eabi/13.3.1/thumb/v7e-m/nofp\libg.a(libc_a-reent.o)
 .ARM.attributes
                0x000004d9       0x2e D:/ClionToolchains/gcc-arm-none-eabi-10.3-2021.10/bin/../lib/gcc/arm-none-eabi/13.3.1/thumb/v7e-m/nofp\libg.a(libc_a-impure.o)
 .ARM.attributes
                0x00000507       0x2e D:/ClionToolchains/gcc-arm-none-eabi-10.3-2021.10/bin/../lib/gcc/arm-none-eabi/13.3.1/thumb/v7e-m/nofp\libg.a(libc_a-signalr.o)
 .ARM.attributes
                0x00000535       0x2e D:/ClionToolchains/gcc-arm-none-eabi-10.3-2021.10/bin/../lib/gcc/arm-none-eabi/13.3.1/thumb/v7e-m/nofp\libg.a(libc_a-errno.o)
 .ARM.attributes
                0x00000563       0x2e D:/ClionToolchains/gcc-arm-none-eabi-10.3-2021.10/bin/../lib/gcc/arm-none-eabi/13.3.1/thumb/v7e-m/nofp\libg.a(libc_a-init.o)
 .ARM.attributes
                0x00000591       0x2e D:/ClionToolchains/gcc-arm-none-eabi-10.3-2021.10/bin/../lib/gcc/arm-none-eabi/13.3.1/thumb/v7e-m/nofp\libg.a(libc_a-lock.o)
 .ARM.attributes
                0x000005bf       0x1c D:/ClionToolchains/gcc-arm-none-eabi-10.3-2021.10/bin/../lib/gcc/arm-none-eabi/13.3.1/thumb/v7e-m/nofp\libg.a(libc_a-memcpy.o)
 .ARM.attributes
                0x000005db       0x2e D:/ClionToolchains/gcc-arm-none-eabi-10.3-2021.10/bin/../lib/gcc/arm-none-eabi/13.3.1/thumb/v7e-m/nofp\libg.a(libc_a-__call_atexit.o)
 .ARM.attributes
                0x00000609       0x2e D:/ClionToolchains/gcc-arm-none-eabi-10.3-2021.10/bin/../lib/gcc/arm-none-eabi/13.3.1/thumb/v7e-m/nofp\libg.a(libc_a-atexit.o)
 .ARM.attributes
                0x00000637       0x2e D:/ClionToolchains/gcc-arm-none-eabi-10.3-2021.10/bin/../lib/gcc/arm-none-eabi/13.3.1/thumb/v7e-m/nofp\libg.a(libc_a-fini.o)
 .ARM.attributes
                0x00000665       0x2e D:/ClionToolchains/gcc-arm-none-eabi-10.3-2021.10/bin/../lib/gcc/arm-none-eabi/13.3.1/thumb/v7e-m/nofp\libg.a(libc_a-__atexit.o)
 .ARM.attributes
                0x00000693       0x2e D:/ClionToolchains/gcc-arm-none-eabi-10.3-2021.10/bin/../lib/gcc/arm-none-eabi/13.3.1/thumb/v7e-m/nofp/crtend.o
 .ARM.attributes
                0x000006c1       0x1e D:/ClionToolchains/gcc-arm-none-eabi-10.3-2021.10/bin/../lib/gcc/arm-none-eabi/13.3.1/thumb/v7e-m/nofp/crtn.o
OUTPUT(project.elf elf32-littlearm)
LOAD linker stubs
LOAD D:/ClionToolchains/gcc-arm-none-eabi-10.3-2021.10/bin/../lib/gcc/arm-none-eabi/13.3.1/thumb/v7e-m/nofp\libc.a
LOAD D:/ClionToolchains/gcc-arm-none-eabi-10.3-2021.10/bin/../lib/gcc/arm-none-eabi/13.3.1/thumb/v7e-m/nofp\libm.a
LOAD D:/ClionToolchains/gcc-arm-none-eabi-10.3-2021.10/bin/../lib/gcc/arm-none-eabi/13.3.1/thumb/v7e-m/nofp\libgcc.a

.debug_info     0x00000000    0x12ab1
 .debug_info    0x00000000     0x1640 CMakeFiles/project.elf.dir/Core/Src/fdcan.c.obj
 .debug_info    0x00001640      0x494 CMakeFiles/project.elf.dir/Core/Src/gpio.c.obj
 .debug_info    0x00001ad4      0x680 CMakeFiles/project.elf.dir/Core/Src/main.c.obj
 .debug_info    0x00002154      0x460 CMakeFiles/project.elf.dir/Core/Src/stm32h7xx_hal_msp.c.obj
 .debug_info    0x000025b4      0x913 CMakeFiles/project.elf.dir/Core/Src/stm32h7xx_it.c.obj
 .debug_info    0x00002ec7      0x975 CMakeFiles/project.elf.dir/Core/Src/system_stm32h7xx.c.obj
 .debug_info    0x0000383c       0x30 CMakeFiles/project.elf.dir/Core/Startup/startup_stm32h723vgtx.s.obj
 .debug_info    0x0000386c     0x275a CMakeFiles/project.elf.dir/Core/XTYF/Lib/Driver/CAN/drv_can.cpp.obj
 .debug_info    0x00005fc6     0x212e CMakeFiles/project.elf.dir/Core/XTYF/Robot/Task/task.cpp.obj
 .debug_info    0x000080f4     0x1796 CMakeFiles/project.elf.dir/Drivers/STM32H7xx_HAL_Driver/Src/stm32h7xx_hal.c.obj
 .debug_info    0x0000988a     0x130e CMakeFiles/project.elf.dir/Drivers/STM32H7xx_HAL_Driver/Src/stm32h7xx_hal_cortex.c.obj
 .debug_info    0x0000ab98     0x3275 CMakeFiles/project.elf.dir/Drivers/STM32H7xx_HAL_Driver/Src/stm32h7xx_hal_fdcan.c.obj
 .debug_info    0x0000de0d      0xca7 CMakeFiles/project.elf.dir/Drivers/STM32H7xx_HAL_Driver/Src/stm32h7xx_hal_gpio.c.obj
 .debug_info    0x0000eab4      0xf2c CMakeFiles/project.elf.dir/Drivers/STM32H7xx_HAL_Driver/Src/stm32h7xx_hal_pwr_ex.c.obj
 .debug_info    0x0000f9e0     0x11df CMakeFiles/project.elf.dir/Drivers/STM32H7xx_HAL_Driver/Src/stm32h7xx_hal_rcc.c.obj
 .debug_info    0x00010bbf     0x1ef2 CMakeFiles/project.elf.dir/Drivers/STM32H7xx_HAL_Driver/Src/stm32h7xx_hal_rcc_ex.c.obj

.debug_abbrev   0x00000000     0x2234
 .debug_abbrev  0x00000000      0x225 CMakeFiles/project.elf.dir/Core/Src/fdcan.c.obj
 .debug_abbrev  0x00000225       0xe6 CMakeFiles/project.elf.dir/Core/Src/gpio.c.obj
 .debug_abbrev  0x0000030b      0x222 CMakeFiles/project.elf.dir/Core/Src/main.c.obj
 .debug_abbrev  0x0000052d       0xd9 CMakeFiles/project.elf.dir/Core/Src/stm32h7xx_hal_msp.c.obj
 .debug_abbrev  0x00000606      0x186 CMakeFiles/project.elf.dir/Core/Src/stm32h7xx_it.c.obj
 .debug_abbrev  0x0000078c      0x170 CMakeFiles/project.elf.dir/Core/Src/system_stm32h7xx.c.obj
 .debug_abbrev  0x000008fc       0x24 CMakeFiles/project.elf.dir/Core/Startup/startup_stm32h723vgtx.s.obj
 .debug_abbrev  0x00000920      0x316 CMakeFiles/project.elf.dir/Core/XTYF/Lib/Driver/CAN/drv_can.cpp.obj
 .debug_abbrev  0x00000c36      0x292 CMakeFiles/project.elf.dir/Core/XTYF/Robot/Task/task.cpp.obj
 .debug_abbrev  0x00000ec8      0x2c3 CMakeFiles/project.elf.dir/Drivers/STM32H7xx_HAL_Driver/Src/stm32h7xx_hal.c.obj
 .debug_abbrev  0x0000118b      0x3ad CMakeFiles/project.elf.dir/Drivers/STM32H7xx_HAL_Driver/Src/stm32h7xx_hal_cortex.c.obj
 .debug_abbrev  0x00001538      0x2be CMakeFiles/project.elf.dir/Drivers/STM32H7xx_HAL_Driver/Src/stm32h7xx_hal_fdcan.c.obj
 .debug_abbrev  0x000017f6      0x255 CMakeFiles/project.elf.dir/Drivers/STM32H7xx_HAL_Driver/Src/stm32h7xx_hal_gpio.c.obj
 .debug_abbrev  0x00001a4b      0x2b5 CMakeFiles/project.elf.dir/Drivers/STM32H7xx_HAL_Driver/Src/stm32h7xx_hal_pwr_ex.c.obj
 .debug_abbrev  0x00001d00      0x2a3 CMakeFiles/project.elf.dir/Drivers/STM32H7xx_HAL_Driver/Src/stm32h7xx_hal_rcc.c.obj
 .debug_abbrev  0x00001fa3      0x291 CMakeFiles/project.elf.dir/Drivers/STM32H7xx_HAL_Driver/Src/stm32h7xx_hal_rcc_ex.c.obj

.debug_loclists
                0x00000000     0x537a
 .debug_loclists
                0x00000000       0x85 CMakeFiles/project.elf.dir/Core/Src/fdcan.c.obj
 .debug_loclists
                0x00000085      0x155 CMakeFiles/project.elf.dir/Core/Src/system_stm32h7xx.c.obj
 .debug_loclists
                0x000001da      0x1f9 CMakeFiles/project.elf.dir/Core/XTYF/Lib/Driver/CAN/drv_can.cpp.obj
 .debug_loclists
                0x000003d3      0x2e8 CMakeFiles/project.elf.dir/Drivers/STM32H7xx_HAL_Driver/Src/stm32h7xx_hal.c.obj
 .debug_loclists
                0x000006bb      0x50a CMakeFiles/project.elf.dir/Drivers/STM32H7xx_HAL_Driver/Src/stm32h7xx_hal_cortex.c.obj
 .debug_loclists
                0x00000bc5     0x26fe CMakeFiles/project.elf.dir/Drivers/STM32H7xx_HAL_Driver/Src/stm32h7xx_hal_fdcan.c.obj
 .debug_loclists
                0x000032c3      0x2a0 CMakeFiles/project.elf.dir/Drivers/STM32H7xx_HAL_Driver/Src/stm32h7xx_hal_gpio.c.obj
 .debug_loclists
                0x00003563      0x2be CMakeFiles/project.elf.dir/Drivers/STM32H7xx_HAL_Driver/Src/stm32h7xx_hal_pwr_ex.c.obj
 .debug_loclists
                0x00003821      0x663 CMakeFiles/project.elf.dir/Drivers/STM32H7xx_HAL_Driver/Src/stm32h7xx_hal_rcc.c.obj
 .debug_loclists
                0x00003e84     0x14f6 CMakeFiles/project.elf.dir/Drivers/STM32H7xx_HAL_Driver/Src/stm32h7xx_hal_rcc_ex.c.obj

.debug_aranges  0x00000000      0xaf0
 .debug_aranges
                0x00000000       0x30 CMakeFiles/project.elf.dir/Core/Src/fdcan.c.obj
 .debug_aranges
                0x00000030       0x20 CMakeFiles/project.elf.dir/Core/Src/gpio.c.obj
 .debug_aranges
                0x00000050       0x38 CMakeFiles/project.elf.dir/Core/Src/main.c.obj
 .debug_aranges
                0x00000088       0x20 CMakeFiles/project.elf.dir/Core/Src/stm32h7xx_hal_msp.c.obj
 .debug_aranges
                0x000000a8       0x70 CMakeFiles/project.elf.dir/Core/Src/stm32h7xx_it.c.obj
 .debug_aranges
                0x00000118       0x30 CMakeFiles/project.elf.dir/Core/Src/system_stm32h7xx.c.obj
 .debug_aranges
                0x00000148       0x28 CMakeFiles/project.elf.dir/Core/Startup/startup_stm32h723vgtx.s.obj
 .debug_aranges
                0x00000170       0x40 CMakeFiles/project.elf.dir/Core/XTYF/Lib/Driver/CAN/drv_can.cpp.obj
 .debug_aranges
                0x000001b0       0x28 CMakeFiles/project.elf.dir/Core/XTYF/Robot/Task/task.cpp.obj
 .debug_aranges
                0x000001d8      0x1c8 CMakeFiles/project.elf.dir/Drivers/STM32H7xx_HAL_Driver/Src/stm32h7xx_hal.c.obj
 .debug_aranges
                0x000003a0       0xf8 CMakeFiles/project.elf.dir/Drivers/STM32H7xx_HAL_Driver/Src/stm32h7xx_hal_cortex.c.obj
 .debug_aranges
                0x00000498      0x338 CMakeFiles/project.elf.dir/Drivers/STM32H7xx_HAL_Driver/Src/stm32h7xx_hal_fdcan.c.obj
 .debug_aranges
                0x000007d0       0x58 CMakeFiles/project.elf.dir/Drivers/STM32H7xx_HAL_Driver/Src/stm32h7xx_hal_gpio.c.obj
 .debug_aranges
                0x00000828      0x148 CMakeFiles/project.elf.dir/Drivers/STM32H7xx_HAL_Driver/Src/stm32h7xx_hal_pwr_ex.c.obj
 .debug_aranges
                0x00000970       0x88 CMakeFiles/project.elf.dir/Drivers/STM32H7xx_HAL_Driver/Src/stm32h7xx_hal_rcc.c.obj
 .debug_aranges
                0x000009f8       0xf8 CMakeFiles/project.elf.dir/Drivers/STM32H7xx_HAL_Driver/Src/stm32h7xx_hal_rcc_ex.c.obj

.debug_rnglists
                0x00000000      0x8aa
 .debug_rnglists
                0x00000000       0x20 CMakeFiles/project.elf.dir/Core/Src/fdcan.c.obj
 .debug_rnglists
                0x00000020       0x13 CMakeFiles/project.elf.dir/Core/Src/gpio.c.obj
 .debug_rnglists
                0x00000033       0x26 CMakeFiles/project.elf.dir/Core/Src/main.c.obj
 .debug_rnglists
                0x00000059       0x13 CMakeFiles/project.elf.dir/Core/Src/stm32h7xx_hal_msp.c.obj
 .debug_rnglists
                0x0000006c       0x4f CMakeFiles/project.elf.dir/Core/Src/stm32h7xx_it.c.obj
 .debug_rnglists
                0x000000bb       0x21 CMakeFiles/project.elf.dir/Core/Src/system_stm32h7xx.c.obj
 .debug_rnglists
                0x000000dc       0x19 CMakeFiles/project.elf.dir/Core/Startup/startup_stm32h723vgtx.s.obj
 .debug_rnglists
                0x000000f5       0x2e CMakeFiles/project.elf.dir/Core/XTYF/Lib/Driver/CAN/drv_can.cpp.obj
 .debug_rnglists
                0x00000123       0x19 CMakeFiles/project.elf.dir/Core/XTYF/Robot/Task/task.cpp.obj
 .debug_rnglists
                0x0000013c      0x153 CMakeFiles/project.elf.dir/Drivers/STM32H7xx_HAL_Driver/Src/stm32h7xx_hal.c.obj
 .debug_rnglists
                0x0000028f       0xb5 CMakeFiles/project.elf.dir/Drivers/STM32H7xx_HAL_Driver/Src/stm32h7xx_hal_cortex.c.obj
 .debug_rnglists
                0x00000344      0x29a CMakeFiles/project.elf.dir/Drivers/STM32H7xx_HAL_Driver/Src/stm32h7xx_hal_fdcan.c.obj
 .debug_rnglists
                0x000005de       0x3f CMakeFiles/project.elf.dir/Drivers/STM32H7xx_HAL_Driver/Src/stm32h7xx_hal_gpio.c.obj
 .debug_rnglists
                0x0000061d      0x125 CMakeFiles/project.elf.dir/Drivers/STM32H7xx_HAL_Driver/Src/stm32h7xx_hal_pwr_ex.c.obj
 .debug_rnglists
                0x00000742       0xa9 CMakeFiles/project.elf.dir/Drivers/STM32H7xx_HAL_Driver/Src/stm32h7xx_hal_rcc.c.obj
 .debug_rnglists
                0x000007eb       0xbf CMakeFiles/project.elf.dir/Drivers/STM32H7xx_HAL_Driver/Src/stm32h7xx_hal_rcc_ex.c.obj

.debug_line     0x00000000     0xaea2
 .debug_line    0x00000000      0x498 CMakeFiles/project.elf.dir/Core/Src/fdcan.c.obj
 .debug_line    0x00000498      0x1ad CMakeFiles/project.elf.dir/Core/Src/gpio.c.obj
 .debug_line    0x00000645      0x51a CMakeFiles/project.elf.dir/Core/Src/main.c.obj
 .debug_line    0x00000b5f      0x1ae CMakeFiles/project.elf.dir/Core/Src/stm32h7xx_hal_msp.c.obj
 .debug_line    0x00000d0d      0x330 CMakeFiles/project.elf.dir/Core/Src/stm32h7xx_it.c.obj
 .debug_line    0x0000103d      0x49b CMakeFiles/project.elf.dir/Core/Src/system_stm32h7xx.c.obj
 .debug_line    0x000014d8       0x7b CMakeFiles/project.elf.dir/Core/Startup/startup_stm32h723vgtx.s.obj
 .debug_line    0x00001553      0x769 CMakeFiles/project.elf.dir/Core/XTYF/Lib/Driver/CAN/drv_can.cpp.obj
 .debug_line    0x00001cbc      0x5b9 CMakeFiles/project.elf.dir/Core/XTYF/Robot/Task/task.cpp.obj
 .debug_line    0x00002275      0xa2f CMakeFiles/project.elf.dir/Drivers/STM32H7xx_HAL_Driver/Src/stm32h7xx_hal.c.obj
 .debug_line    0x00002ca4      0x8e5 CMakeFiles/project.elf.dir/Drivers/STM32H7xx_HAL_Driver/Src/stm32h7xx_hal_cortex.c.obj
 .debug_line    0x00003589     0x344b CMakeFiles/project.elf.dir/Drivers/STM32H7xx_HAL_Driver/Src/stm32h7xx_hal_fdcan.c.obj
 .debug_line    0x000069d4      0x77f CMakeFiles/project.elf.dir/Drivers/STM32H7xx_HAL_Driver/Src/stm32h7xx_hal_gpio.c.obj
 .debug_line    0x00007153      0xaee CMakeFiles/project.elf.dir/Drivers/STM32H7xx_HAL_Driver/Src/stm32h7xx_hal_pwr_ex.c.obj
 .debug_line    0x00007c41     0x138c CMakeFiles/project.elf.dir/Drivers/STM32H7xx_HAL_Driver/Src/stm32h7xx_hal_rcc.c.obj
 .debug_line    0x00008fcd     0x1ed5 CMakeFiles/project.elf.dir/Drivers/STM32H7xx_HAL_Driver/Src/stm32h7xx_hal_rcc_ex.c.obj

.debug_str      0x00000000     0x5c50
 .debug_str     0x00000000     0x5c50 CMakeFiles/project.elf.dir/Core/Src/fdcan.c.obj
                               0x15a0 (size before relaxing)
 .debug_str     0x00005c50      0x426 CMakeFiles/project.elf.dir/Core/Src/gpio.c.obj
 .debug_str     0x00005c50      0x5b2 CMakeFiles/project.elf.dir/Core/Src/main.c.obj
 .debug_str     0x00005c50      0x432 CMakeFiles/project.elf.dir/Core/Src/stm32h7xx_hal_msp.c.obj
 .debug_str     0x00005c50      0x7cd CMakeFiles/project.elf.dir/Core/Src/stm32h7xx_it.c.obj
 .debug_str     0x00005c50      0x64b CMakeFiles/project.elf.dir/Core/Src/system_stm32h7xx.c.obj
 .debug_str     0x00005c50       0xaf CMakeFiles/project.elf.dir/Core/Startup/startup_stm32h723vgtx.s.obj
 .debug_str     0x00005c50     0x17e3 CMakeFiles/project.elf.dir/Core/XTYF/Lib/Driver/CAN/drv_can.cpp.obj
 .debug_str     0x00005c50     0x1441 CMakeFiles/project.elf.dir/Core/XTYF/Robot/Task/task.cpp.obj
 .debug_str     0x00005c50     0x15dc CMakeFiles/project.elf.dir/Drivers/STM32H7xx_HAL_Driver/Src/stm32h7xx_hal.c.obj
 .debug_str     0x00005c50     0x1081 CMakeFiles/project.elf.dir/Drivers/STM32H7xx_HAL_Driver/Src/stm32h7xx_hal_cortex.c.obj
 .debug_str     0x00005c50     0x1dec CMakeFiles/project.elf.dir/Drivers/STM32H7xx_HAL_Driver/Src/stm32h7xx_hal_fdcan.c.obj
 .debug_str     0x00005c50      0x716 CMakeFiles/project.elf.dir/Drivers/STM32H7xx_HAL_Driver/Src/stm32h7xx_hal_gpio.c.obj
 .debug_str     0x00005c50      0x9f4 CMakeFiles/project.elf.dir/Drivers/STM32H7xx_HAL_Driver/Src/stm32h7xx_hal_pwr_ex.c.obj
 .debug_str     0x00005c50      0xa3d CMakeFiles/project.elf.dir/Drivers/STM32H7xx_HAL_Driver/Src/stm32h7xx_hal_rcc.c.obj
 .debug_str     0x00005c50      0xf7f CMakeFiles/project.elf.dir/Drivers/STM32H7xx_HAL_Driver/Src/stm32h7xx_hal_rcc_ex.c.obj

.comment        0x00000000       0x45
 .comment       0x00000000       0x45 CMakeFiles/project.elf.dir/Core/Src/fdcan.c.obj
                                 0x46 (size before relaxing)
 .comment       0x00000045       0x46 CMakeFiles/project.elf.dir/Core/Src/gpio.c.obj
 .comment       0x00000045       0x46 CMakeFiles/project.elf.dir/Core/Src/main.c.obj
 .comment       0x00000045       0x46 CMakeFiles/project.elf.dir/Core/Src/stm32h7xx_hal_msp.c.obj
 .comment       0x00000045       0x46 CMakeFiles/project.elf.dir/Core/Src/stm32h7xx_it.c.obj
 .comment       0x00000045       0x46 CMakeFiles/project.elf.dir/Core/Src/system_stm32h7xx.c.obj
 .comment       0x00000045       0x46 CMakeFiles/project.elf.dir/Core/XTYF/Lib/Driver/CAN/drv_can.cpp.obj
 .comment       0x00000045       0x46 CMakeFiles/project.elf.dir/Core/XTYF/Robot/Task/task.cpp.obj
 .comment       0x00000045       0x46 CMakeFiles/project.elf.dir/Drivers/STM32H7xx_HAL_Driver/Src/stm32h7xx_hal.c.obj
 .comment       0x00000045       0x46 CMakeFiles/project.elf.dir/Drivers/STM32H7xx_HAL_Driver/Src/stm32h7xx_hal_cortex.c.obj
 .comment       0x00000045       0x46 CMakeFiles/project.elf.dir/Drivers/STM32H7xx_HAL_Driver/Src/stm32h7xx_hal_fdcan.c.obj
 .comment       0x00000045       0x46 CMakeFiles/project.elf.dir/Drivers/STM32H7xx_HAL_Driver/Src/stm32h7xx_hal_gpio.c.obj
 .comment       0x00000045       0x46 CMakeFiles/project.elf.dir/Drivers/STM32H7xx_HAL_Driver/Src/stm32h7xx_hal_pwr_ex.c.obj
 .comment       0x00000045       0x46 CMakeFiles/project.elf.dir/Drivers/STM32H7xx_HAL_Driver/Src/stm32h7xx_hal_rcc.c.obj
 .comment       0x00000045       0x46 CMakeFiles/project.elf.dir/Drivers/STM32H7xx_HAL_Driver/Src/stm32h7xx_hal_rcc_ex.c.obj

.debug_frame    0x00000000     0x21c4
 .debug_frame   0x00000000       0x68 CMakeFiles/project.elf.dir/Core/Src/fdcan.c.obj
 .debug_frame   0x00000068       0x28 CMakeFiles/project.elf.dir/Core/Src/gpio.c.obj
 .debug_frame   0x00000090       0x78 CMakeFiles/project.elf.dir/Core/Src/main.c.obj
 .debug_frame   0x00000108       0x28 CMakeFiles/project.elf.dir/Core/Src/stm32h7xx_hal_msp.c.obj
 .debug_frame   0x00000130       0xd8 CMakeFiles/project.elf.dir/Core/Src/stm32h7xx_it.c.obj
 .debug_frame   0x00000208       0x50 CMakeFiles/project.elf.dir/Core/Src/system_stm32h7xx.c.obj
 .debug_frame   0x00000258       0xa0 CMakeFiles/project.elf.dir/Core/XTYF/Lib/Driver/CAN/drv_can.cpp.obj
 .debug_frame   0x000002f8       0x40 CMakeFiles/project.elf.dir/Core/XTYF/Robot/Task/task.cpp.obj
 .debug_frame   0x00000338      0x3c0 CMakeFiles/project.elf.dir/Drivers/STM32H7xx_HAL_Driver/Src/stm32h7xx_hal.c.obj
 .debug_frame   0x000006f8      0x214 CMakeFiles/project.elf.dir/Drivers/STM32H7xx_HAL_Driver/Src/stm32h7xx_hal_cortex.c.obj
 .debug_frame   0x0000090c      0x79c CMakeFiles/project.elf.dir/Drivers/STM32H7xx_HAL_Driver/Src/stm32h7xx_hal_fdcan.c.obj
 .debug_frame   0x000010a8       0xd0 CMakeFiles/project.elf.dir/Drivers/STM32H7xx_HAL_Driver/Src/stm32h7xx_hal_gpio.c.obj
 .debug_frame   0x00001178      0x2d4 CMakeFiles/project.elf.dir/Drivers/STM32H7xx_HAL_Driver/Src/stm32h7xx_hal_pwr_ex.c.obj
 .debug_frame   0x0000144c      0x180 CMakeFiles/project.elf.dir/Drivers/STM32H7xx_HAL_Driver/Src/stm32h7xx_hal_rcc.c.obj
 .debug_frame   0x000015cc      0x284 CMakeFiles/project.elf.dir/Drivers/STM32H7xx_HAL_Driver/Src/stm32h7xx_hal_rcc_ex.c.obj
 .debug_frame   0x00001850       0x4c D:/ClionToolchains/gcc-arm-none-eabi-10.3-2021.10/bin/../lib/gcc/arm-none-eabi/13.3.1/thumb/v7e-m/nofp\libgcc.a(_arm_addsubsf3.o)
 .debug_frame   0x0000189c       0x38 D:/ClionToolchains/gcc-arm-none-eabi-10.3-2021.10/bin/../lib/gcc/arm-none-eabi/13.3.1/thumb/v7e-m/nofp\libgcc.a(_arm_muldivsf3.o)
 .debug_frame   0x000018d4       0x24 D:/ClionToolchains/gcc-arm-none-eabi-10.3-2021.10/bin/../lib/gcc/arm-none-eabi/13.3.1/thumb/v7e-m/nofp\libgcc.a(_arm_fixunssfsi.o)
 .debug_frame   0x000018f8      0x2c8 D:/ClionToolchains/gcc-arm-none-eabi-10.3-2021.10/bin/../lib/gcc/arm-none-eabi/13.3.1/thumb/v7e-m/nofp\libgcc.a(unwind-arm.o)
 .debug_frame   0x00001bc0      0x104 D:/ClionToolchains/gcc-arm-none-eabi-10.3-2021.10/bin/../lib/gcc/arm-none-eabi/13.3.1/thumb/v7e-m/nofp\libgcc.a(pr-support.o)
 .debug_frame   0x00001cc4       0x28 D:/ClionToolchains/gcc-arm-none-eabi-10.3-2021.10/bin/../lib/gcc/arm-none-eabi/13.3.1/thumb/v7e-m/nofp\libg.a(libc_a-abort.o)
 .debug_frame   0x00001cec      0x13c D:/ClionToolchains/gcc-arm-none-eabi-10.3-2021.10/bin/../lib/gcc/arm-none-eabi/13.3.1/thumb/v7e-m/nofp\libg.a(libc_a-findfp.o)
 .debug_frame   0x00001e28       0x2c D:/ClionToolchains/gcc-arm-none-eabi-10.3-2021.10/bin/../lib/gcc/arm-none-eabi/13.3.1/thumb/v7e-m/nofp\libg.a(libc_a-memset.o)
 .debug_frame   0x00001e54      0x118 D:/ClionToolchains/gcc-arm-none-eabi-10.3-2021.10/bin/../lib/gcc/arm-none-eabi/13.3.1/thumb/v7e-m/nofp\libg.a(libc_a-signal.o)
 .debug_frame   0x00001f6c       0x3c D:/ClionToolchains/gcc-arm-none-eabi-10.3-2021.10/bin/../lib/gcc/arm-none-eabi/13.3.1/thumb/v7e-m/nofp\libg.a(libc_a-reent.o)
 .debug_frame   0x00001fa8       0x3c D:/ClionToolchains/gcc-arm-none-eabi-10.3-2021.10/bin/../lib/gcc/arm-none-eabi/13.3.1/thumb/v7e-m/nofp\libg.a(libc_a-signalr.o)
 .debug_frame   0x00001fe4       0x20 D:/ClionToolchains/gcc-arm-none-eabi-10.3-2021.10/bin/../lib/gcc/arm-none-eabi/13.3.1/thumb/v7e-m/nofp\libg.a(libc_a-errno.o)
 .debug_frame   0x00002004       0x2c D:/ClionToolchains/gcc-arm-none-eabi-10.3-2021.10/bin/../lib/gcc/arm-none-eabi/13.3.1/thumb/v7e-m/nofp\libg.a(libc_a-init.o)
 .debug_frame   0x00002030       0xb0 D:/ClionToolchains/gcc-arm-none-eabi-10.3-2021.10/bin/../lib/gcc/arm-none-eabi/13.3.1/thumb/v7e-m/nofp\libg.a(libc_a-lock.o)
 .debug_frame   0x000020e0       0x5c D:/ClionToolchains/gcc-arm-none-eabi-10.3-2021.10/bin/../lib/gcc/arm-none-eabi/13.3.1/thumb/v7e-m/nofp\libg.a(libc_a-__call_atexit.o)
 .debug_frame   0x0000213c       0x20 D:/ClionToolchains/gcc-arm-none-eabi-10.3-2021.10/bin/../lib/gcc/arm-none-eabi/13.3.1/thumb/v7e-m/nofp\libg.a(libc_a-atexit.o)
 .debug_frame   0x0000215c       0x34 D:/ClionToolchains/gcc-arm-none-eabi-10.3-2021.10/bin/../lib/gcc/arm-none-eabi/13.3.1/thumb/v7e-m/nofp\libg.a(libc_a-fini.o)
 .debug_frame   0x00002190       0x34 D:/ClionToolchains/gcc-arm-none-eabi-10.3-2021.10/bin/../lib/gcc/arm-none-eabi/13.3.1/thumb/v7e-m/nofp\libg.a(libc_a-__atexit.o)

.debug_line_str
                0x00000000      0x24a
 .debug_line_str
                0x00000000      0x24a CMakeFiles/project.elf.dir/Core/Startup/startup_stm32h723vgtx.s.obj
                                 0x93 (size before relaxing)
 .debug_line_str
                0x0000024a       0xcb D:/ClionToolchains/gcc-arm-none-eabi-10.3-2021.10/bin/../lib/gcc/arm-none-eabi/13.3.1/thumb/v7e-m/nofp\libgcc.a(_arm_addsubsf3.o)
 .debug_line_str
                0x0000024a       0xcb D:/ClionToolchains/gcc-arm-none-eabi-10.3-2021.10/bin/../lib/gcc/arm-none-eabi/13.3.1/thumb/v7e-m/nofp\libgcc.a(_arm_muldivsf3.o)
 .debug_line_str
                0x0000024a       0xcb D:/ClionToolchains/gcc-arm-none-eabi-10.3-2021.10/bin/../lib/gcc/arm-none-eabi/13.3.1/thumb/v7e-m/nofp\libgcc.a(_arm_fixunssfsi.o)
 .debug_line_str
                0x0000024a       0xca D:/ClionToolchains/gcc-arm-none-eabi-10.3-2021.10/bin/../lib/gcc/arm-none-eabi/13.3.1/thumb/v7e-m/nofp\libgcc.a(libunwind.o)
 .debug_line_str
                0x0000024a       0xe0 D:/ClionToolchains/gcc-arm-none-eabi-10.3-2021.10/bin/../lib/gcc/arm-none-eabi/13.3.1/thumb/v7e-m/nofp\libg.a(libc_a-memcpy.o)
