Archive member included to satisfy reference by file (symbol)

D:/ClionToolchains/gcc-arm-none-eabi-10.3-2021.10/bin/../lib/gcc/arm-none-eabi/13.3.1/thumb/v7e-m+fp/hard\libgcc.a(_aeabi_uldivmod.o)
                              CMakeFiles/project.elf.dir/Drivers/STM32H7xx_HAL_Driver/Src/stm32h7xx_hal_uart.c.obj (__aeabi_uldivmod)
D:/ClionToolchains/gcc-arm-none-eabi-10.3-2021.10/bin/../lib/gcc/arm-none-eabi/13.3.1/thumb/v7e-m+fp/hard\libgcc.a(_udivmoddi4.o)
                              D:/ClionToolchains/gcc-arm-none-eabi-10.3-2021.10/bin/../lib/gcc/arm-none-eabi/13.3.1/thumb/v7e-m+fp/hard\libgcc.a(_aeabi_uldivmod.o) (__udivmoddi4)
D:/ClionToolchains/gcc-arm-none-eabi-10.3-2021.10/bin/../lib/gcc/arm-none-eabi/13.3.1/thumb/v7e-m+fp/hard\libgcc.a(unwind-arm.o)
                              CMakeFiles/project.elf.dir/Core/XTYF/Lib/Device/DR16/dvc_dr16.cpp.obj (__aeabi_unwind_cpp_pr0)
D:/ClionToolchains/gcc-arm-none-eabi-10.3-2021.10/bin/../lib/gcc/arm-none-eabi/13.3.1/thumb/v7e-m+fp/hard\libgcc.a(libunwind.o)
                              D:/ClionToolchains/gcc-arm-none-eabi-10.3-2021.10/bin/../lib/gcc/arm-none-eabi/13.3.1/thumb/v7e-m+fp/hard\libgcc.a(unwind-arm.o) (restore_core_regs)
D:/ClionToolchains/gcc-arm-none-eabi-10.3-2021.10/bin/../lib/gcc/arm-none-eabi/13.3.1/thumb/v7e-m+fp/hard\libgcc.a(pr-support.o)
                              D:/ClionToolchains/gcc-arm-none-eabi-10.3-2021.10/bin/../lib/gcc/arm-none-eabi/13.3.1/thumb/v7e-m+fp/hard\libgcc.a(unwind-arm.o) (__gnu_unwind_execute)
D:/ClionToolchains/gcc-arm-none-eabi-10.3-2021.10/bin/../lib/gcc/arm-none-eabi/13.3.1/thumb/v7e-m+fp/hard\libgcc.a(_dvmd_tls.o)
                              D:/ClionToolchains/gcc-arm-none-eabi-10.3-2021.10/bin/../lib/gcc/arm-none-eabi/13.3.1/thumb/v7e-m+fp/hard\libgcc.a(_aeabi_uldivmod.o) (__aeabi_ldiv0)
D:/ClionToolchains/gcc-arm-none-eabi-10.3-2021.10/bin/../lib/gcc/arm-none-eabi/13.3.1/thumb/v7e-m+fp/hard\libg.a(libc_a-abort.o)
                              D:/ClionToolchains/gcc-arm-none-eabi-10.3-2021.10/bin/../lib/gcc/arm-none-eabi/13.3.1/thumb/v7e-m+fp/hard\libgcc.a(unwind-arm.o) (abort)
D:/ClionToolchains/gcc-arm-none-eabi-10.3-2021.10/bin/../lib/gcc/arm-none-eabi/13.3.1/thumb/v7e-m+fp/hard\libg.a(libc_a-exit.o)
                              D:/ClionToolchains/gcc-arm-none-eabi-10.3-2021.10/bin/../lib/gcc/arm-none-eabi/13.3.1/thumb/v7e-m+fp/hard/crt0.o (exit)
D:/ClionToolchains/gcc-arm-none-eabi-10.3-2021.10/bin/../lib/gcc/arm-none-eabi/13.3.1/thumb/v7e-m+fp/hard\libg.a(libc_a-strtod.o)
                              CMakeFiles/project.elf.dir/Core/XTYF/Lib/Device/VOFA/dvc_vofa.cpp.obj (strtof)
D:/ClionToolchains/gcc-arm-none-eabi-10.3-2021.10/bin/../lib/gcc/arm-none-eabi/13.3.1/thumb/v7e-m+fp/hard\libg.a(libc_a-findfp.o)
                              D:/ClionToolchains/gcc-arm-none-eabi-10.3-2021.10/bin/../lib/gcc/arm-none-eabi/13.3.1/thumb/v7e-m+fp/hard\libg.a(libc_a-exit.o) (__stdio_exit_handler)
D:/ClionToolchains/gcc-arm-none-eabi-10.3-2021.10/bin/../lib/gcc/arm-none-eabi/13.3.1/thumb/v7e-m+fp/hard\libg.a(libc_a-fwalk.o)
                              D:/ClionToolchains/gcc-arm-none-eabi-10.3-2021.10/bin/../lib/gcc/arm-none-eabi/13.3.1/thumb/v7e-m+fp/hard\libg.a(libc_a-findfp.o) (_fwalk_sglue)
D:/ClionToolchains/gcc-arm-none-eabi-10.3-2021.10/bin/../lib/gcc/arm-none-eabi/13.3.1/thumb/v7e-m+fp/hard\libg.a(libc_a-stdio.o)
                              D:/ClionToolchains/gcc-arm-none-eabi-10.3-2021.10/bin/../lib/gcc/arm-none-eabi/13.3.1/thumb/v7e-m+fp/hard\libg.a(libc_a-findfp.o) (__sread)
D:/ClionToolchains/gcc-arm-none-eabi-10.3-2021.10/bin/../lib/gcc/arm-none-eabi/13.3.1/thumb/v7e-m+fp/hard\libg.a(libc_a-memset.o)
                              D:/ClionToolchains/gcc-arm-none-eabi-10.3-2021.10/bin/../lib/gcc/arm-none-eabi/13.3.1/thumb/v7e-m+fp/hard/crt0.o (memset)
D:/ClionToolchains/gcc-arm-none-eabi-10.3-2021.10/bin/../lib/gcc/arm-none-eabi/13.3.1/thumb/v7e-m+fp/hard\libg.a(libc_a-strncmp.o)
                              D:/ClionToolchains/gcc-arm-none-eabi-10.3-2021.10/bin/../lib/gcc/arm-none-eabi/13.3.1/thumb/v7e-m+fp/hard\libg.a(libc_a-strtod.o) (strncmp)
D:/ClionToolchains/gcc-arm-none-eabi-10.3-2021.10/bin/../lib/gcc/arm-none-eabi/13.3.1/thumb/v7e-m+fp/hard\libg.a(libc_a-signal.o)
                              D:/ClionToolchains/gcc-arm-none-eabi-10.3-2021.10/bin/../lib/gcc/arm-none-eabi/13.3.1/thumb/v7e-m+fp/hard\libg.a(libc_a-abort.o) (raise)
D:/ClionToolchains/gcc-arm-none-eabi-10.3-2021.10/bin/../lib/gcc/arm-none-eabi/13.3.1/thumb/v7e-m+fp/hard\libg.a(libc_a-locale.o)
                              D:/ClionToolchains/gcc-arm-none-eabi-10.3-2021.10/bin/../lib/gcc/arm-none-eabi/13.3.1/thumb/v7e-m+fp/hard\libg.a(libc_a-strtod.o) (__global_locale)
D:/ClionToolchains/gcc-arm-none-eabi-10.3-2021.10/bin/../lib/gcc/arm-none-eabi/13.3.1/thumb/v7e-m+fp/hard\libg.a(libc_a-closer.o)
[...]
Memory Configuration

Name             Origin             Length             Attributes
ITCMRAM          0x00000000         0x00010000         xrw
DTCMRAM          0x20000000         0x00020000         xrw
FLASH            0x08000000         0x00100000         xr
RAM_D1           0x24000000         0x00050000         xrw
RAM_D2           0x30000000         0x00008000         xrw
RAM_D3           0x38000000         0x00004000         xrw
*default*        0x00000000         0xffffffff

Linker script and memory map

LOAD D:/ClionToolchains/gcc-arm-none-eabi-10.3-2021.10/bin/../lib/gcc/arm-none-eabi/13.3.1/thumb/v7e-m+fp/hard/crti.o
LOAD D:/ClionToolchains/gcc-arm-none-eabi-10.3-2021.10/bin/../lib/gcc/arm-none-eabi/13.3.1/thumb/v7e-m+fp/hard/crtbegin.o
LOAD D:/ClionToolchains/gcc-arm-none-eabi-10.3-2021.10/bin/../lib/gcc/arm-none-eabi/13.3.1/thumb/v7e-m+fp/hard/crt0.o
LOAD CMakeFiles/project.elf.dir/Core/Src/dma.c.obj
LOAD CMakeFiles/project.elf.dir/Core/Src/fdcan.c.obj
LOAD CMakeFiles/project.elf.dir/Core/Src/gpio.c.obj
LOAD CMakeFiles/project.elf.dir/Core/Src/main.c.obj
LOAD CMakeFiles/project.elf.dir/Core/Src/memorymap.c.obj
LOAD CMakeFiles/project.elf.dir/Core/Src/stm32h7xx_hal_msp.c.obj
LOAD CMakeFiles/project.elf.dir/Core/Src/stm32h7xx_it.c.obj
LOAD CMakeFiles/project.elf.dir/Core/Src/syscalls.c.obj
LOAD CMakeFiles/project.elf.dir/Core/Src/sysmem.c.obj
LOAD CMakeFiles/project.elf.dir/Core/Src/system_stm32h7xx.c.obj
LOAD CMakeFiles/project.elf.dir/Core/Src/usart.c.obj
LOAD CMakeFiles/project.elf.dir/Core/Startup/startup_stm32h723vgtx.s.obj
LOAD CMakeFiles/project.elf.dir/Core/XTYF/Lib/Device/BMI088/dvc_bmi088.cpp.obj
LOAD CMakeFiles/project.elf.dir/Core/XTYF/Lib/Device/DR16/dvc_dr16.cpp.obj
LOAD CMakeFiles/project.elf.dir/Core/XTYF/Lib/Device/VOFA/dvc_vofa.cpp.obj
LOAD CMakeFiles/project.elf.dir/Core/XTYF/Lib/Driver/CAN/drv_can.cpp.obj
LOAD CMakeFiles/project.elf.dir/Core/XTYF/Lib/Driver/USART/drv_usart.cpp.obj
LOAD CMakeFiles/project.elf.dir/Core/XTYF/Robot/Task/task.cpp.obj
LOAD CMakeFiles/project.elf.dir/Drivers/STM32H7xx_HAL_Driver/Src/stm32h7xx_hal.c.obj
LOAD CMakeFiles/project.elf.dir/Drivers/STM32H7xx_HAL_Driver/Src/stm32h7xx_hal_cortex.c.obj
LOAD CMakeFiles/project.elf.dir/Drivers/STM32H7xx_HAL_Driver/Src/stm32h7xx_hal_dma.c.obj
LOAD CMakeFiles/project.elf.dir/Drivers/STM32H7xx_HAL_Driver/Src/stm32h7xx_hal_dma_ex.c.obj
LOAD CMakeFiles/project.elf.dir/Drivers/STM32H7xx_HAL_Driver/Src/stm32h7xx_hal_exti.c.obj
LOAD CMakeFiles/project.elf.dir/Drivers/STM32H7xx_HAL_Driver/Src/stm32h7xx_hal_fdcan.c.obj
LOAD CMakeFiles/project.elf.dir/Drivers/STM32H7xx_HAL_Driver/Src/stm32h7xx_hal_flash.c.obj
LOAD CMakeFiles/project.elf.dir/Drivers/STM32H7xx_HAL_Driver/Src/stm32h7xx_hal_flash_ex.c.obj
LOAD CMakeFiles/project.elf.dir/Drivers/STM32H7xx_HAL_Driver/Src/stm32h7xx_hal_gpio.c.obj
LOAD CMakeFiles/project.elf.dir/Drivers/STM32H7xx_HAL_Driver/Src/stm32h7xx_hal_hsem.c.obj
LOAD CMakeFiles/project.elf.dir/Drivers/STM32H7xx_HAL_Driver/Src/stm32h7xx_hal_i2c.c.obj
LOAD CMakeFiles/project.elf.dir/Drivers/STM32H7xx_HAL_Driver/Src/stm32h7xx_hal_i2c_ex.c.obj
LOAD CMakeFiles/project.elf.dir/Drivers/STM32H7xx_HAL_Driver/Src/stm32h7xx_hal_mdma.c.obj
LOAD CMakeFiles/project.elf.dir/Drivers/STM32H7xx_HAL_Driver/Src/stm32h7xx_hal_pwr.c.obj
LOAD CMakeFiles/project.elf.dir/Drivers/STM32H7xx_HAL_Driver/Src/stm32h7xx_hal_pwr_ex.c.obj
LOAD CMakeFiles/project.elf.dir/Drivers/STM32H7xx_HAL_Driver/Src/stm32h7xx_hal_rcc.c.obj
LOAD CMakeFiles/project.elf.dir/Drivers/STM32H7xx_HAL_Driver/Src/stm32h7xx_hal_rcc_ex.c.obj
LOAD CMakeFiles/project.elf.dir/Drivers/STM32H7xx_HAL_Driver/Src/stm32h7xx_hal_uart.c.obj
LOAD CMakeFiles/project.elf.dir/Drivers/STM32H7xx_HAL_Driver/Src/stm32h7xx_hal_uart_ex.c.obj
LOAD D:/ClionToolchains/gcc-arm-none-eabi-10.3-2021.10/bin/../lib/gcc/arm-none-eabi/13.3.1/thumb/v7e-m+fp/hard\libstdc++.a
LOAD D:/ClionToolchains/gcc-arm-none-eabi-10.3-2021.10/bin/../lib/gcc/arm-none-eabi/13.3.1/thumb/v7e-m+fp/hard\libm.a
START GROUP
LOAD D:/ClionToolchains/gcc-arm-none-eabi-10.3-2021.10/bin/../lib/gcc/arm-none-eabi/13.3.1/thumb/v7e-m+fp/hard\libgcc.a
LOAD D:/ClionToolchains/gcc-arm-none-eabi-10.3-2021.10/bin/../lib/gcc/arm-none-eabi/13.3.1/thumb/v7e-m+fp/hard\libg.a
LOAD D:/ClionToolchains/gcc-arm-none-eabi-10.3-2021.10/bin/../lib/gcc/arm-none-eabi/13.3.1/thumb/v7e-m+fp/hard\libc.a
END GROUP
LOAD D:/ClionToolchains/gcc-arm-none-eabi-10.3-2021.10/bin/../lib/gcc/arm-none-eabi/13.3.1/thumb/v7e-m+fp/hard/crtend.o
LOAD D:/ClionToolchains/gcc-arm-none-eabi-10.3-2021.10/bin/../lib/gcc/arm-none-eabi/13.3.1/thumb/v7e-m+fp/hard/crtn.o
                0x24050000                        _estack = (ORIGIN (RAM_D1) + LENGTH (RAM_D1))
                0x00000200                        _Min_Heap_Size = 0x200
                0x00000400                        _Min_Stack_Size = 0x400

.isr_vector     0x08000000      0x2cc
                0x08000000                        . = ALIGN (0x4)
 *(.isr_vector)
 .isr_vector    0x08000000      0x2cc CMakeFiles/project.elf.dir/Core/Startup/startup_stm32h723vgtx.s.obj
                0x08000000                g_pfnVectors
                0x080002cc                        . = ALIGN (0x4)

.text           0x080002cc     0x77c0
                0x080002cc                        . = ALIGN (0x4)
 *(.text)
 .text          0x080002cc       0x30 D:/ClionToolchains/gcc-arm-none-eabi-10.3-2021.10/bin/../lib/gcc/arm-none-eabi/13.3.1/thumb/v7e-m+fp/hard\libgcc.a(_aeabi_uldivmod.o)
                0x080002cc                __aeabi_uldivmod
 .text          0x080002fc      0x1ac D:/ClionToolchains/gcc-arm-none-eabi-10.3-2021.10/bin/../lib/gcc/arm-none-eabi/13.3.1/thumb/v7e-m+fp/hard\libgcc.a(libunwind.o)
                0x080002fc                __restore_core_regs
                0x080002fc                restore_core_regs
                0x08000314                __gnu_Unwind_Restore_VFP
                0x0800031c                __gnu_Unwind_Save_VFP
                0x08000324                __gnu_Unwind_Restore_VFP_D
                0x0800032c                __gnu_Unwind_Save_VFP_D
                0x08000334                __gnu_Unwind_Restore_VFP_D_16_to_31
                0x0800033c                __gnu_Unwind_Save_VFP_D_16_to_31
                0x08000344                __gnu_Unwind_Restore_WMMXD
                0x08000388                __gnu_Unwind_Save_WMMXD
                0x080003cc                __gnu_Unwind_Restore_WMMXC
                0x080003e0                __gnu_Unwind_Save_WMMXC
                0x080003f4                ___Unwind_RaiseException
                0x080003f4                _Unwind_RaiseException
                0x08000418                _Unwind_Resume
                0x08000418                ___Unwind_Resume
                0x0800043c                _Unwind_Resume_or_Rethrow
                0x0800043c                ___Unwind_Resume_or_Rethrow
                0x08000460                _Unwind_ForcedUnwind
                0x08000460                ___Unwind_ForcedUnwind
                0x08000484                ___Unwind_Backtrace
                0x08000484                _Unwind_Backtrace
 .text          0x080004a8        0x4 D:/ClionToolchains/gcc-arm-none-eabi-10.3-2021.10/bin/../lib/gcc/arm-none-eabi/13.3.1/thumb/v7e-m+fp/hard\libgcc.a(_dvmd_tls.o)
                0x080004a8                __aeabi_idiv0
                0x080004a8                __aeabi_ldiv0
 .text          0x080004ac      0x134 D:/ClionToolchains/gcc-arm-none-eabi-10.3-2021.10/bin/../lib/gcc/arm-none-eabi/13.3.1/thumb/v7e-m+fp/hard\libg.a(libc_a-memcpy.o)
                0x080004ac                memcpy
 *(.text*)
 .text.deregister_tm_clones
                0x080005e0       0x1c D:/ClionToolchains/gcc-arm-none-eabi-10.3-2021.10/bin/../lib/gcc/arm-none-eabi/13.3.1/thumb/v7e-m+fp/hard/crtbegin.o
 .text.register_tm_clones
                0x080005fc       0x24 D:/ClionToolchains/gcc-arm-none-eabi-10.3-2021.10/bin/../lib/gcc/arm-none-eabi/13.3.1/thumb/v7e-m+fp/hard/crtbegin.o
 .text.__do_global_dtors_aux
                0x08000620       0x28 D:/ClionToolchains/gcc-arm-none-eabi-10.3-2021.10/bin/../lib/gcc/arm-none-eabi/13.3.1/thumb/v7e-m+fp/hard/crtbegin.o
 .text.frame_dummy
                0x08000648       0x24 D:/ClionToolchains/gcc-arm-none-eabi-10.3-2021.10/bin/../lib/gcc/arm-none-eabi/13.3.1/thumb/v7e-m+fp/hard/crtbegin.o
 .text.MX_DMA_Init
                0x0800066c       0x58 CMakeFiles/project.elf.dir/Core/Src/dma.c.obj
                0x0800066c                MX_DMA_Init
 .text.MX_FDCAN1_Init
                0x080006c4       0x64 CMakeFiles/project.elf.dir/Core/Src/fdcan.c.obj
                0x080006c4                MX_FDCAN1_Init
 .text.HAL_FDCAN_MspInit
                0x08000728       0xc0 CMakeFiles/project.elf.dir/Core/Src/fdcan.c.obj
                0x08000728                HAL_FDCAN_MspInit
 .text.MX_GPIO_Init
                0x080007e8       0x6c CMakeFiles/project.elf.dir/Core/Src/gpio.c.obj
                0x080007e8                MX_GPIO_Init
 .text.MPU_Config
                0x08000854       0x52 CMakeFiles/project.elf.dir/Core/Src/main.c.obj
 .text.Error_Handler
                0x080008a6        0x4 CMakeFiles/project.elf.dir/Core/Src/main.c.obj
                0x080008a6                Error_Handler
 *fill*         0x080008aa        0x2 
 .text.SystemClock_Config
                0x080008ac       0xa8 CMakeFiles/project.elf.dir/Core/Src/main.c.obj
                0x080008ac                SystemClock_Config
 .text.main     0x08000954       0x2c CMakeFiles/project.elf.dir/Core/Src/main.c.obj
                0x08000954                main
 .text.HAL_MspInit
                0x08000980       0x24 CMakeFiles/project.elf.dir/Core/Src/stm32h7xx_hal_msp.c.obj
                0x08000980                HAL_MspInit
 .text.NMI_Handler
                0x080009a4        0x2 CMakeFiles/project.elf.dir/Core/Src/stm32h7xx_it.c.obj
                0x080009a4                NMI_Handler
 .text.HardFault_Handler
                0x080009a6        0x2 CMakeFiles/project.elf.dir/Core/Src/stm32h7xx_it.c.obj
                0x080009a6                HardFault_Handler
 .text.MemManage_Handler
                0x080009a8        0x2 CMakeFiles/project.elf.dir/Core/Src/stm32h7xx_it.c.obj
                0x080009a8                MemManage_Handler
 .text.BusFault_Handler
                0x080009aa        0x2 CMakeFiles/project.elf.dir/Core/Src/stm32h7xx_it.c.obj
                0x080009aa                BusFault_Handler
 .text.UsageFault_Handler
                0x080009ac        0x2 CMakeFiles/project.elf.dir/Core/Src/stm32h7xx_it.c.obj
                0x080009ac                UsageFault_Handler
 .text.SVC_Handler
                0x080009ae        0x2 CMakeFiles/project.elf.dir/Core/Src/stm32h7xx_it.c.obj
                0x080009ae                SVC_Handler
 .text.DebugMon_Handler
                0x080009b0        0x2 CMakeFiles/project.elf.dir/Core/Src/stm32h7xx_it.c.obj
                0x080009b0                DebugMon_Handler
 .text.PendSV_Handler
                0x080009b2        0x2 CMakeFiles/project.elf.dir/Core/Src/stm32h7xx_it.c.obj
                0x080009b2                PendSV_Handler
 .text.SysTick_Handler
                0x080009b4        0x8 CMakeFiles/project.elf.dir/Core/Src/stm32h7xx_it.c.obj
                0x080009b4                SysTick_Handler
 .text.DMA1_Stream0_IRQHandler
                0x080009bc       0x10 CMakeFiles/project.elf.dir/Core/Src/stm32h7xx_it.c.obj
                0x080009bc                DMA1_Stream0_IRQHandler
 .text.DMA1_Stream1_IRQHandler
                0x080009cc       0x10 CMakeFiles/project.elf.dir/Core/Src/stm32h7xx_it.c.obj
                0x080009cc                DMA1_Stream1_IRQHandler
 .text.DMA1_Stream2_IRQHandler
                0x080009dc       0x10 CMakeFiles/project.elf.dir/Core/Src/stm32h7xx_it.c.obj
                0x080009dc                DMA1_Stream2_IRQHandler
 .text.FDCAN1_IT0_IRQHandler
                0x080009ec       0x10 CMakeFiles/project.elf.dir/Core/Src/stm32h7xx_it.c.obj
                0x080009ec                FDCAN1_IT0_IRQHandler
 .text.FDCAN1_IT1_IRQHandler
                0x080009fc       0x10 CMakeFiles/project.elf.dir/Core/Src/stm32h7xx_it.c.obj
                0x080009fc                FDCAN1_IT1_IRQHandler
 .text.USART1_IRQHandler
                0x08000a0c       0x10 CMakeFiles/project.elf.dir/Core/Src/stm32h7xx_it.c.obj
                0x08000a0c                USART1_IRQHandler
 .text.UART5_IRQHandler
                0x08000a1c       0x10 CMakeFiles/project.elf.dir/Core/Src/stm32h7xx_it.c.obj
                0x08000a1c                UART5_IRQHandler
 .text._getpid  0x08000a2c        0x4 CMakeFiles/project.elf.dir/Core/Src/syscalls.c.obj
                0x08000a2c                _getpid
 .text._kill    0x08000a30       0x10 CMakeFiles/project.elf.dir/Core/Src/syscalls.c.obj
                0x08000a30                _kill
 .text._exit    0x08000a40        0xc CMakeFiles/project.elf.dir/Core/Src/syscalls.c.obj
                0x08000a40                _exit
 .text.SystemInit
                0x08000a4c       0xd0 CMakeFiles/project.elf.dir/Core/Src/system_stm32h7xx.c.obj
                0x08000a4c                SystemInit
 .text.ExitRun0Mode
                0x08000b1c       0x1c CMakeFiles/project.elf.dir/Core/Src/system_stm32h7xx.c.obj
                0x08000b1c                ExitRun0Mode
 .text.MX_UART5_Init
                0x08000b38       0x74 CMakeFiles/project.elf.dir/Core/Src/usart.c.obj
                0x08000b38                MX_UART5_Init
 .text.MX_USART1_UART_Init
                0x08000bac       0x6c CMakeFiles/project.elf.dir/Core/Src/usart.c.obj
                0x08000bac                MX_USART1_UART_Init
 .text.HAL_UART_MspInit
                0x08000c18      0x218 CMakeFiles/project.elf.dir/Core/Src/usart.c.obj
                0x08000c18                HAL_UART_MspInit
 .text.Reset_Handler
                0x08000e30       0x54 CMakeFiles/project.elf.dir/Core/Startup/startup_stm32h723vgtx.s.obj
                0x08000e30                Reset_Handler
 .text.Default_Handler
                0x08000e84        0x2 CMakeFiles/project.elf.dir/Core/Startup/startup_stm32h723vgtx.s.obj
                0x08000e84                RTC_Alarm_IRQHandler
                0x08000e84                EXTI2_IRQHandler
                0x08000e84                TIM8_CC_IRQHandler
                0x08000e84                UART8_IRQHandler
                0x08000e84                SPI4_IRQHandler
                0x08000e84                FDCAN3_IT0_IRQHandler
                0x08000e84                TIM1_CC_IRQHandler
                0x08000e84                BDMA_Channel6_IRQHandler
                0x08000e84                DMA2_Stream5_IRQHandler
                0x08000e84                DMA1_Stream5_IRQHandler
                0x08000e84                CORDIC_IRQHandler
                0x08000e84                BDMA_Channel1_IRQHandler
                0x08000e84                TAMP_STAMP_IRQHandler
                0x08000e84                EXTI3_IRQHandler
                0x08000e84                LPTIM4_IRQHandler
                0x08000e84                TIM8_TRG_COM_TIM14_IRQHandler
                0x08000e84                LPTIM2_IRQHandler
                0x08000e84                DFSDM1_FLT1_IRQHandler
                0x08000e84                DMAMUX2_OVR_IRQHandler
                0x08000e84                TIM8_UP_TIM13_IRQHandler
                0x08000e84                I2C3_ER_IRQHandler
                0x08000e84                DFSDM1_FLT2_IRQHandler
                0x08000e84                I2C5_EV_IRQHandler
                0x08000e84                USART10_IRQHandler
                0x08000e84                MDMA_IRQHandler
                0x08000e84                LPTIM3_IRQHandler
                0x08000e84                HSEM1_IRQHandler
                0x08000e84                EXTI0_IRQHandler
                0x08000e84                I2C2_EV_IRQHandler
                0x08000e84                FPU_IRQHandler
                0x08000e84                OTG_HS_WKUP_IRQHandler
                0x08000e84                LTDC_ER_IRQHandler
                0x08000e84                DMA2_Stream2_IRQHandler
                0x08000e84                SPI1_IRQHandler
                0x08000e84                OCTOSPI1_IRQHandler
                0x08000e84                TIM6_DAC_IRQHandler
                0x08000e84                DMA2_Stream3_IRQHandler
                0x08000e84                OCTOSPI2_IRQHandler
                0x08000e84                DFSDM1_FLT3_IRQHandler
                0x08000e84                TIM23_IRQHandler
                0x08000e84                USART6_IRQHandler
                0x08000e84                TIM17_IRQHandler
                0x08000e84                USART3_IRQHandler
                0x08000e84                BDMA_Channel7_IRQHandler
                0x08000e84                LPTIM5_IRQHandler
                0x08000e84                ADC3_IRQHandler
                0x08000e84                DMA2_Stream0_IRQHandler
                0x08000e84                TIM4_IRQHandler
                0x08000e84                BDMA_Channel2_IRQHandler
                0x08000e84                I2C1_EV_IRQHandler
                0x08000e84                DMA1_Stream6_IRQHandler
                0x08000e84                DMAMUX1_OVR_IRQHandler
                0x08000e84                TIM16_IRQHandler
                0x08000e84                UART4_IRQHandler
                0x08000e84                BDMA_Channel5_IRQHandler
                0x08000e84                TIM3_IRQHandler
                0x08000e84                RCC_IRQHandler
                0x08000e84                UART9_IRQHandler
                0x08000e84                TIM8_BRK_TIM12_IRQHandler
                0x08000e84                TIM1_TRG_COM_IRQHandler
                0x08000e84                Default_Handler
                0x08000e84                ECC_IRQHandler
                0x08000e84                FMAC_IRQHandler
                0x08000e84                CEC_IRQHandler
                0x08000e84                EXTI15_10_IRQHandler
                0x08000e84                BDMA_Channel0_IRQHandler
                0x08000e84                ADC_IRQHandler
                0x08000e84                I2C5_ER_IRQHandler
                0x08000e84                DMA1_Stream7_IRQHandler
                0x08000e84                SPI5_IRQHandler
                0x08000e84                TIM7_IRQHandler
                0x08000e84                FDCAN3_IT1_IRQHandler
                0x08000e84                SDMMC1_IRQHandler
                0x08000e84                TIM5_IRQHandler
                0x08000e84                DMA2_Stream7_IRQHandler
                0x08000e84                TIM15_IRQHandler
                0x08000e84                PVD_AVD_IRQHandler
                0x08000e84                I2C3_EV_IRQHandler
                0x08000e84                EXTI9_5_IRQHandler
                0x08000e84                RTC_WKUP_IRQHandler
                0x08000e84                LTDC_IRQHandler
                0x08000e84                ETH_WKUP_IRQHandler
                0x08000e84                SPDIF_RX_IRQHandler
                0x08000e84                SPI2_IRQHandler
                0x08000e84                OTG_HS_EP1_IN_IRQHandler
                0x08000e84                TIM24_IRQHandler
                0x08000e84                CRS_IRQHandler
                0x08000e84                EXTI4_IRQHandler
                0x08000e84                RNG_IRQHandler
                0x08000e84                FDCAN2_IT1_IRQHandler
                0x08000e84                ETH_IRQHandler
                0x08000e84                TIM1_UP_IRQHandler
                0x08000e84                BDMA_Channel4_IRQHandler
                0x08000e84                OTG_HS_EP1_OUT_IRQHandler
                0x08000e84                WWDG_IRQHandler
                0x08000e84                SPI6_IRQHandler
                0x08000e84                MDIOS_IRQHandler
                0x08000e84                I2C4_EV_IRQHandler
                0x08000e84                FDCAN2_IT0_IRQHandler
                0x08000e84                LPUART1_IRQHandler
                0x08000e84                TIM2_IRQHandler
                0x08000e84                OTG_HS_IRQHandler
                0x08000e84                DMA2D_IRQHandler
                0x08000e84                TIM1_BRK_IRQHandler
                0x08000e84                EXTI1_IRQHandler
                0x08000e84                SDMMC2_IRQHandler
                0x08000e84                BDMA_Channel3_IRQHandler
                0x08000e84                DTS_IRQHandler
                0x08000e84                UART7_IRQHandler
                0x08000e84                MDIOS_WKUP_IRQHandler
                0x08000e84                USART2_IRQHandler
                0x08000e84                DFSDM1_FLT0_IRQHandler
                0x08000e84                SAI4_IRQHandler
                0x08000e84                I2C2_ER_IRQHandler
                0x08000e84                DMA2_Stream1_IRQHandler
                0x08000e84                FLASH_IRQHandler
                0x08000e84                DMA2_Stream4_IRQHandler
                0x08000e84                SPI3_IRQHandler
                0x08000e84                WAKEUP_PIN_IRQHandler
                0x08000e84                DMA1_Stream4_IRQHandler
                0x08000e84                I2C1_ER_IRQHandler
                0x08000e84                FMC_IRQHandler
                0x08000e84                FDCAN_CAL_IRQHandler
                0x08000e84                SWPMI1_IRQHandler
                0x08000e84                COMP1_IRQHandler
                0x08000e84                LPTIM1_IRQHandler
                0x08000e84                DCMI_PSSI_IRQHandler
                0x08000e84                I2C4_ER_IRQHandler
                0x08000e84                DMA2_Stream6_IRQHandler
                0x08000e84                SAI1_IRQHandler
                0x08000e84                DMA1_Stream3_IRQHandler
 *fill*         0x08000e86        0x2 
 .text._ZN10Class_DR164InitEP20__UART_HandleTypeDefPFvPhtEt
                0x08000e88       0x28 CMakeFiles/project.elf.dir/Core/XTYF/Lib/Device/DR16/dvc_dr16.cpp.obj
                0x08000e88                Class_DR16::Init(__UART_HandleTypeDef*, void (*)(unsigned char*, unsigned short), unsigned short)
 .text._ZN10Class_DR1612Data_ProcessEt
                0x08000eb0      0x114 CMakeFiles/project.elf.dir/Core/XTYF/Lib/Device/DR16/dvc_dr16.cpp.obj
                0x08000eb0                Class_DR16::Data_Process(unsigned short)
 .text._ZN10Class_DR1619UART_RxCpltCallbackEPht
                0x08000fc4       0x10 CMakeFiles/project.elf.dir/Core/XTYF/Lib/Device/DR16/dvc_dr16.cpp.obj
                0x08000fc4                Class_DR16::UART_RxCpltCallback(unsigned char*, unsigned short)
 .text._ZN10Class_VOFA4InitEP20__UART_HandleTypeDefPFvPhtEt
                0x08000fd4       0xec CMakeFiles/project.elf.dir/Core/XTYF/Lib/Device/VOFA/dvc_vofa.cpp.obj
                0x08000fd4                Class_VOFA::Init(__UART_HandleTypeDef*, void (*)(unsigned char*, unsigned short), unsigned short)
 .text._ZN10Class_VOFA6OutputEv
                0x080010c0       0x4a CMakeFiles/project.elf.dir/Core/XTYF/Lib/Device/VOFA/dvc_vofa.cpp.obj
                0x080010c0                Class_VOFA::Output()
 .text._ZN10Class_VOFA4SendEPfh
                0x0800110a       0x2c CMakeFiles/project.elf.dir/Core/XTYF/Lib/Device/VOFA/dvc_vofa.cpp.obj
                0x0800110a                Class_VOFA::Send(float*, unsigned char)
 *fill*         0x08001136        0x2 
 .text._Z9UART_InitP20__UART_HandleTypeDefPFvPhtEt
                0x08001138      0x16c CMakeFiles/project.elf.dir/Core/XTYF/Lib/Driver/USART/drv_usart.cpp.obj
                0x08001138                UART_Init(__UART_HandleTypeDef*, void (*)(unsigned char*, unsigned short), unsigned short)
 .text._Z14UART_Send_DataP20__UART_HandleTypeDefPht
                0x080012a4        0x8 CMakeFiles/project.elf.dir/Core/XTYF/Lib/Driver/USART/drv_usart.cpp.obj
                0x080012a4                UART_Send_Data(__UART_HandleTypeDef*, unsigned char*, unsigned short)
 .text.HAL_UARTEx_RxEventCallback
                0x080012ac      0x1f8 CMakeFiles/project.elf.dir/Core/XTYF/Lib/Driver/USART/drv_usart.cpp.obj
                0x080012ac                HAL_UARTEx_RxEventCallback
 .text.HAL_UART_ErrorCallback
                0x080014a4      0x160 CMakeFiles/project.elf.dir/Core/XTYF/Lib/Driver/USART/drv_usart.cpp.obj
                0x080014a4                HAL_UART_ErrorCallback
 .text._Z41__static_initialization_and_destruction_0v
                0x08001604       0x20 CMakeFiles/project.elf.dir/Core/XTYF/Robot/Task/task.cpp.obj
 .text._Z18DR16_UART_CallbackPht
                0x08001624       0x14 CMakeFiles/project.elf.dir/Core/XTYF/Robot/Task/task.cpp.obj
                0x08001624                DR16_UART_Callback(unsigned char*, unsigned short)
 .text.Task_Init
                0x08001638       0x44 CMakeFiles/project.elf.dir/Core/XTYF/Robot/Task/task.cpp.obj
                0x08001638                Task_Init
 .text.Task     0x0800167c       0x2c CMakeFiles/project.elf.dir/Core/XTYF/Robot/Task/task.cpp.obj
                0x0800167c                Task
 .text._GLOBAL__sub_I_DR16
                0x080016a8        0x8 CMakeFiles/project.elf.dir/Core/XTYF/Robot/Task/task.cpp.obj
 .text.HAL_InitTick
                0x080016b0       0x50 CMakeFiles/project.elf.dir/Drivers/STM32H7xx_HAL_Driver/Src/stm32h7xx_hal.c.obj
                0x080016b0                HAL_InitTick
 .text.HAL_Init
                0x08001700       0x5c CMakeFiles/project.elf.dir/Drivers/STM32H7xx_HAL_Driver/Src/stm32h7xx_hal.c.obj
                0x08001700                HAL_Init
 .text.HAL_IncTick
                0x0800175c       0x18 CMakeFiles/project.elf.dir/Drivers/STM32H7xx_HAL_Driver/Src/stm32h7xx_hal.c.obj
                0x0800175c                HAL_IncTick
 .text.HAL_GetTick
                0x08001774        0xc CMakeFiles/project.elf.dir/Drivers/STM32H7xx_HAL_Driver/Src/stm32h7xx_hal.c.obj
                0x08001774                HAL_GetTick
 .text.__NVIC_EnableIRQ
                0x08001780       0x1c CMakeFiles/project.elf.dir/Drivers/STM32H7xx_HAL_Driver/Src/stm32h7xx_hal_cortex.c.obj
 .text.__NVIC_SetPriority
                0x0800179c       0x24 CMakeFiles/project.elf.dir/Drivers/STM32H7xx_HAL_Driver/Src/stm32h7xx_hal_cortex.c.obj
 .text.NVIC_EncodePriority
                0x080017c0       0x3e CMakeFiles/project.elf.dir/Drivers/STM32H7xx_HAL_Driver/Src/stm32h7xx_hal_cortex.c.obj
 *fill*         0x080017fe        0x2 
 .text.HAL_NVIC_SetPriorityGrouping
                0x08001800       0x24 CMakeFiles/project.elf.dir/Drivers/STM32H7xx_HAL_Driver/Src/stm32h7xx_hal_cortex.c.obj
                0x08001800                HAL_NVIC_SetPriorityGrouping
 .text.HAL_NVIC_SetPriority
                0x08001824       0x20 CMakeFiles/project.elf.dir/Drivers/STM32H7xx_HAL_Driver/Src/stm32h7xx_hal_cortex.c.obj
                0x08001824                HAL_NVIC_SetPriority
 .text.HAL_NVIC_EnableIRQ
                0x08001844        0x8 CMakeFiles/project.elf.dir/Drivers/STM32H7xx_HAL_Driver/Src/stm32h7xx_hal_cortex.c.obj
                0x08001844                HAL_NVIC_EnableIRQ
 .text.HAL_SYSTICK_Config
                0x0800184c       0x28 CMakeFiles/project.elf.dir/Drivers/STM32H7xx_HAL_Driver/Src/stm32h7xx_hal_cortex.c.obj
                0x0800184c                HAL_SYSTICK_Config
 .text.HAL_MPU_Disable
                0x08001874       0x1c CMakeFiles/project.elf.dir/Drivers/STM32H7xx_HAL_Driver/Src/stm32h7xx_hal_cortex.c.obj
                0x08001874                HAL_MPU_Disable
 .text.HAL_MPU_Enable
                0x08001890       0x20 CMakeFiles/project.elf.dir/Drivers/STM32H7xx_HAL_Driver/Src/stm32h7xx_hal_cortex.c.obj
                0x08001890                HAL_MPU_Enable
 .text.HAL_MPU_ConfigRegion
                0x080018b0       0x58 CMakeFiles/project.elf.dir/Drivers/STM32H7xx_HAL_Driver/Src/stm32h7xx_hal_cortex.c.obj
                0x080018b0                HAL_MPU_ConfigRegion
 .text.DMA_SetConfig
                0x08001908      0x1b4 CMakeFiles/project.elf.dir/Drivers/STM32H7xx_HAL_Driver/Src/stm32h7xx_hal_dma.c.obj
 .text.DMA_CalcBaseAndBitshift
                0x08001abc       0xb0 CMakeFiles/project.elf.dir/Drivers/STM32H7xx_HAL_Driver/Src/stm32h7xx_hal_dma.c.obj
 .text.DMA_CheckFifoParam
                0x08001b6c       0x92 CMakeFiles/project.elf.dir/Drivers/STM32H7xx_HAL_Driver/Src/stm32h7xx_hal_dma.c.obj
 *fill*         0x08001bfe        0x2 
 .text.DMA_CalcDMAMUXChannelBaseAndMask
                0x08001c00       0xac CMakeFiles/project.elf.dir/Drivers/STM32H7xx_HAL_Driver/Src/stm32h7xx_hal_dma.c.obj
 .text.DMA_CalcDMAMUXRequestGenBaseAndMask
                0x08001cac       0x7c CMakeFiles/project.elf.dir/Drivers/STM32H7xx_HAL_Driver/Src/stm32h7xx_hal_dma.c.obj
 .text.HAL_DMA_Init
                0x08001d28      0x39c CMakeFiles/project.elf.dir/Drivers/STM32H7xx_HAL_Driver/Src/stm32h7xx_hal_dma.c.obj
                0x08001d28                HAL_DMA_Init
 .text.HAL_DMA_Start_IT
                0x080020c4      0x298 CMakeFiles/project.elf.dir/Drivers/STM32H7xx_HAL_Driver/Src/stm32h7xx_hal_dma.c.obj
                0x080020c4                HAL_DMA_Start_IT
 .text.HAL_DMA_Abort
                0x0800235c      0x340 CMakeFiles/project.elf.dir/Drivers/STM32H7xx_HAL_Driver/Src/stm32h7xx_hal_dma.c.obj
                0x0800235c                HAL_DMA_Abort
 .text.HAL_DMA_Abort_IT
                0x0800269c      0x270 CMakeFiles/project.elf.dir/Drivers/STM32H7xx_HAL_Driver/Src/stm32h7xx_hal_dma.c.obj
                0x0800269c                HAL_DMA_Abort_IT
 .text.HAL_DMA_IRQHandler
                0x0800290c      0x738 CMakeFiles/project.elf.dir/Drivers/STM32H7xx_HAL_Driver/Src/stm32h7xx_hal_dma.c.obj
                0x0800290c                HAL_DMA_IRQHandler
 .text.FDCAN_CalcultateRamBlockAddresses
                0x08003044      0x1d4 CMakeFiles/project.elf.dir/Drivers/STM32H7xx_HAL_Driver/Src/stm32h7xx_hal_fdcan.c.obj
 .text.HAL_FDCAN_Init
                0x08003218      0x294 CMakeFiles/project.elf.dir/Drivers/STM32H7xx_HAL_Driver/Src/stm32h7xx_hal_fdcan.c.obj
                0x08003218                HAL_FDCAN_Init
 .text.HAL_FDCAN_ClockCalibrationCallback
                0x080034ac        0x2 CMakeFiles/project.elf.dir/Drivers/STM32H7xx_HAL_Driver/Src/stm32h7xx_hal_fdcan.c.obj
                0x080034ac                HAL_FDCAN_ClockCalibrationCallback
 .text.HAL_FDCAN_TxEventFifoCallback
                0x080034ae        0x2 CMakeFiles/project.elf.dir/Drivers/STM32H7xx_HAL_Driver/Src/stm32h7xx_hal_fdcan.c.obj
                0x080034ae                HAL_FDCAN_TxEventFifoCallback
 .text.HAL_FDCAN_RxFifo0Callback
                0x080034b0        0x2 CMakeFiles/project.elf.dir/Drivers/STM32H7xx_HAL_Driver/Src/stm32h7xx_hal_fdcan.c.obj
                0x080034b0                HAL_FDCAN_RxFifo0Callback
 .text.HAL_FDCAN_RxFifo1Callback
                0x080034b2        0x2 CMakeFiles/project.elf.dir/Drivers/STM32H7xx_HAL_Driver/Src/stm32h7xx_hal_fdcan.c.obj
                0x080034b2                HAL_FDCAN_RxFifo1Callback
 .text.HAL_FDCAN_TxFifoEmptyCallback
                0x080034b4        0x2 CMakeFiles/project.elf.dir/Drivers/STM32H7xx_HAL_Driver/Src/stm32h7xx_hal_fdcan.c.obj
                0x080034b4                HAL_FDCAN_TxFifoEmptyCallback
 .text.HAL_FDCAN_TxBufferCompleteCallback
                0x080034b6        0x2 CMakeFiles/project.elf.dir/Drivers/STM32H7xx_HAL_Driver/Src/stm32h7xx_hal_fdcan.c.obj
                0x080034b6                HAL_FDCAN_TxBufferCompleteCallback
 .text.HAL_FDCAN_TxBufferAbortCallback
                0x080034b8        0x2 CMakeFiles/project.elf.dir/Drivers/STM32H7xx_HAL_Driver/Src/stm32h7xx_hal_fdcan.c.obj
                0x080034b8                HAL_FDCAN_TxBufferAbortCallback
 .text.HAL_FDCAN_RxBufferNewMessageCallback
                0x080034ba        0x2 CMakeFiles/project.elf.dir/Drivers/STM32H7xx_HAL_Driver/Src/stm32h7xx_hal_fdcan.c.obj
                0x080034ba                HAL_FDCAN_RxBufferNewMessageCallback
 .text.HAL_FDCAN_TimestampWraparoundCallback
                0x080034bc        0x2 CMakeFiles/project.elf.dir/Drivers/STM32H7xx_HAL_Driver/Src/stm32h7xx_hal_fdcan.c.obj
                0x080034bc                HAL_FDCAN_TimestampWraparoundCallback
 .text.HAL_FDCAN_TimeoutOccurredCallback
                0x080034be        0x2 CMakeFiles/project.elf.dir/Drivers/STM32H7xx_HAL_Driver/Src/stm32h7xx_hal_fdcan.c.obj
                0x080034be                HAL_FDCAN_TimeoutOccurredCallback
 .text.HAL_FDCAN_HighPriorityMessageCallback
                0x080034c0        0x2 CMakeFiles/project.elf.dir/Drivers/STM32H7xx_HAL_Driver/Src/stm32h7xx_hal_fdcan.c.obj
                0x080034c0                HAL_FDCAN_HighPriorityMessageCallback
 .text.HAL_FDCAN_ErrorCallback
                0x080034c2        0x2 CMakeFiles/project.elf.dir/Drivers/STM32H7xx_HAL_Driver/Src/stm32h7xx_hal_fdcan.c.obj
                0x080034c2                HAL_FDCAN_ErrorCallback
 .text.HAL_FDCAN_ErrorStatusCallback
                0x080034c4        0x2 CMakeFiles/project.elf.dir/Drivers/STM32H7xx_HAL_Driver/Src/stm32h7xx_hal_fdcan.c.obj
                0x080034c4                HAL_FDCAN_ErrorStatusCallback
 .text.HAL_FDCAN_TT_ScheduleSyncCallback
                0x080034c6        0x2 CMakeFiles/project.elf.dir/Drivers/STM32H7xx_HAL_Driver/Src/stm32h7xx_hal_fdcan.c.obj
                0x080034c6                HAL_FDCAN_TT_ScheduleSyncCallback
 .text.HAL_FDCAN_TT_TimeMarkCallback
                0x080034c8        0x2 CMakeFiles/project.elf.dir/Drivers/STM32H7xx_HAL_Driver/Src/stm32h7xx_hal_fdcan.c.obj
                0x080034c8                HAL_FDCAN_TT_TimeMarkCallback
 .text.HAL_FDCAN_TT_StopWatchCallback
                0x080034ca        0x2 CMakeFiles/project.elf.dir/Drivers/STM32H7xx_HAL_Driver/Src/stm32h7xx_hal_fdcan.c.obj
                0x080034ca                HAL_FDCAN_TT_StopWatchCallback
 .text.HAL_FDCAN_TT_GlobalTimeCallback
                0x080034cc        0x2 CMakeFiles/project.elf.dir/Drivers/STM32H7xx_HAL_Driver/Src/stm32h7xx_hal_fdcan.c.obj
                0x080034cc                HAL_FDCAN_TT_GlobalTimeCallback
 *fill*         0x080034ce        0x2 
 .text.HAL_FDCAN_IRQHandler
                0x080034d0      0x320 CMakeFiles/project.elf.dir/Drivers/STM32H7xx_HAL_Driver/Src/stm32h7xx_hal_fdcan.c.obj
                0x080034d0                HAL_FDCAN_IRQHandler
 .text.HAL_GPIO_Init
                0x080037f0      0x214 CMakeFiles/project.elf.dir/Drivers/STM32H7xx_HAL_Driver/Src/stm32h7xx_hal_gpio.c.obj
                0x080037f0                HAL_GPIO_Init
 .text.HAL_PWREx_ConfigSupply
                0x08003a04       0x54 CMakeFiles/project.elf.dir/Drivers/STM32H7xx_HAL_Driver/Src/stm32h7xx_hal_pwr_ex.c.obj
                0x08003a04                HAL_PWREx_ConfigSupply
 .text.HAL_RCC_OscConfig
                0x08003a58      0x5e4 CMakeFiles/project.elf.dir/Drivers/STM32H7xx_HAL_Driver/Src/stm32h7xx_hal_rcc.c.obj
                0x08003a58                HAL_RCC_OscConfig
 .text.HAL_RCC_GetSysClockFreq
                0x0800403c      0x1f8 CMakeFiles/project.elf.dir/Drivers/STM32H7xx_HAL_Driver/Src/stm32h7xx_hal_rcc.c.obj
                0x0800403c                HAL_RCC_GetSysClockFreq
 .text.HAL_RCC_ClockConfig
                0x08004234      0x294 CMakeFiles/project.elf.dir/Drivers/STM32H7xx_HAL_Driver/Src/stm32h7xx_hal_rcc.c.obj
                0x08004234                HAL_RCC_ClockConfig
 .text.HAL_RCC_GetHCLKFreq
                0x080044c8       0x44 CMakeFiles/project.elf.dir/Drivers/STM32H7xx_HAL_Driver/Src/stm32h7xx_hal_rcc.c.obj
                0x080044c8                HAL_RCC_GetHCLKFreq
 .text.HAL_RCC_GetPCLK1Freq
                0x0800450c       0x24 CMakeFiles/project.elf.dir/Drivers/STM32H7xx_HAL_Driver/Src/stm32h7xx_hal_rcc.c.obj
                0x0800450c                HAL_RCC_GetPCLK1Freq
 .text.HAL_RCC_GetPCLK2Freq
                0x08004530       0x24 CMakeFiles/project.elf.dir/Drivers/STM32H7xx_HAL_Driver/Src/stm32h7xx_hal_rcc.c.obj
                0x08004530                HAL_RCC_GetPCLK2Freq
 .text.RCCEx_PLL2_Config
                0x08004554      0x108 CMakeFiles/project.elf.dir/Drivers/STM32H7xx_HAL_Driver/Src/stm32h7xx_hal_rcc_ex.c.obj
 .text.RCCEx_PLL3_Config
                0x0800465c      0x108 CMakeFiles/project.elf.dir/Drivers/STM32H7xx_HAL_Driver/Src/stm32h7xx_hal_rcc_ex.c.obj
 .text.HAL_RCCEx_PeriphCLKConfig
                0x08004764      0xa2c CMakeFiles/project.elf.dir/Drivers/STM32H7xx_HAL_Driver/Src/stm32h7xx_hal_rcc_ex.c.obj
                0x08004764                HAL_RCCEx_PeriphCLKConfig
 .text.HAL_RCCEx_GetD3PCLK1Freq
                0x08005190       0x24 CMakeFiles/project.elf.dir/Drivers/STM32H7xx_HAL_Driver/Src/stm32h7xx_hal_rcc_ex.c.obj
                0x08005190                HAL_RCCEx_GetD3PCLK1Freq
 .text.HAL_RCCEx_GetPLL2ClockFreq
                0x080051b4      0x200 CMakeFiles/project.elf.dir/Drivers/STM32H7xx_HAL_Driver/Src/stm32h7xx_hal_rcc_ex.c.obj
                0x080051b4                HAL_RCCEx_GetPLL2ClockFreq
 .text.HAL_RCCEx_GetPLL3ClockFreq
                0x080053b4      0x200 CMakeFiles/project.elf.dir/Drivers/STM32H7xx_HAL_Driver/Src/stm32h7xx_hal_rcc_ex.c.obj
                0x080053b4                HAL_RCCEx_GetPLL3ClockFreq
 .text.UART_EndTxTransfer
                0x080055b4       0x32 CMakeFiles/project.elf.dir/Drivers/STM32H7xx_HAL_Driver/Src/stm32h7xx_hal_uart.c.obj
 *fill*         0x080055e6        0x2 
 .text.UART_EndRxTransfer
                0x080055e8       0x58 CMakeFiles/project.elf.dir/Drivers/STM32H7xx_HAL_Driver/Src/stm32h7xx_hal_uart.c.obj
 .text.HAL_UART_Transmit_DMA
                0x08005640       0x9c CMakeFiles/project.elf.dir/Drivers/STM32H7xx_HAL_Driver/Src/stm32h7xx_hal_uart.c.obj
                0x08005640                HAL_UART_Transmit_DMA
 .text.HAL_UART_TxCpltCallback
                0x080056dc        0x2 CMakeFiles/project.elf.dir/Drivers/STM32H7xx_HAL_Driver/Src/stm32h7xx_hal_uart.c.obj
                0x080056dc                HAL_UART_TxCpltCallback
 .text.UART_DMATransmitCplt
                0x080056de       0x46 CMakeFiles/project.elf.dir/Drivers/STM32H7xx_HAL_Driver/Src/stm32h7xx_hal_uart.c.obj
 .text.UART_EndTransmit_IT
                0x08005724       0x24 CMakeFiles/project.elf.dir/Drivers/STM32H7xx_HAL_Driver/Src/stm32h7xx_hal_uart.c.obj
 .text.HAL_UART_TxHalfCpltCallback
                0x08005748        0x2 CMakeFiles/project.elf.dir/Drivers/STM32H7xx_HAL_Driver/Src/stm32h7xx_hal_uart.c.obj
                0x08005748                HAL_UART_TxHalfCpltCallback
 .text.UART_DMATxHalfCplt
                0x0800574a        0xa CMakeFiles/project.elf.dir/Drivers/STM32H7xx_HAL_Driver/Src/stm32h7xx_hal_uart.c.obj
 .text.HAL_UART_RxCpltCallback
                0x08005754        0x2 CMakeFiles/project.elf.dir/Drivers/STM32H7xx_HAL_Driver/Src/stm32h7xx_hal_uart.c.obj
                0x08005754                HAL_UART_RxCpltCallback
 .text.HAL_UART_RxHalfCpltCallback
                0x08005756        0x2 CMakeFiles/project.elf.dir/Drivers/STM32H7xx_HAL_Driver/Src/stm32h7xx_hal_uart.c.obj
                0x08005756                HAL_UART_RxHalfCpltCallback
 .text.UART_DMAError
                0x08005758       0x58 CMakeFiles/project.elf.dir/Drivers/STM32H7xx_HAL_Driver/Src/stm32h7xx_hal_uart.c.obj
 .text.UART_DMAAbortOnError
                0x080057b0       0x10 CMakeFiles/project.elf.dir/Drivers/STM32H7xx_HAL_Driver/Src/stm32h7xx_hal_uart.c.obj
 .text.HAL_UART_IRQHandler
                0x080057c0      0x3d0 CMakeFiles/project.elf.dir/Drivers/STM32H7xx_HAL_Driver/Src/stm32h7xx_hal_uart.c.obj
                0x080057c0                HAL_UART_IRQHandler
 .text.UART_DMARxHalfCplt
                0x08005b90       0x20 CMakeFiles/project.elf.dir/Drivers/STM32H7xx_HAL_Driver/Src/stm32h7xx_hal_uart.c.obj
 .text.UART_DMAReceiveCplt
                0x08005bb0       0x90 CMakeFiles/project.elf.dir/Drivers/STM32H7xx_HAL_Driver/Src/stm32h7xx_hal_uart.c.obj
 .text.UART_SetConfig
                0x08005c40      0x6c4 CMakeFiles/project.elf.dir/Drivers/STM32H7xx_HAL_Driver/Src/stm32h7xx_hal_uart.c.obj
                0x08005c40                UART_SetConfig
 .text.UART_AdvFeatureConfig
                0x08006304       0xca CMakeFiles/project.elf.dir/Drivers/STM32H7xx_HAL_Driver/Src/stm32h7xx_hal_uart.c.obj
                0x08006304                UART_AdvFeatureConfig
 .text.UART_WaitOnFlagUntilTimeout
                0x080063ce       0xa6 CMakeFiles/project.elf.dir/Drivers/STM32H7xx_HAL_Driver/Src/stm32h7xx_hal_uart.c.obj
                0x080063ce                UART_WaitOnFlagUntilTimeout
 .text.UART_CheckIdleState
                0x08006474       0xca CMakeFiles/project.elf.dir/Drivers/STM32H7xx_HAL_Driver/Src/stm32h7xx_hal_uart.c.obj
                0x08006474                UART_CheckIdleState
 .text.HAL_UART_Init
                0x0800653e       0x66 CMakeFiles/project.elf.dir/Drivers/STM32H7xx_HAL_Driver/Src/stm32h7xx_hal_uart.c.obj
                0x0800653e                HAL_UART_Init
 .text.UART_Start_Receive_DMA
                0x080065a4       0xb0 CMakeFiles/project.elf.dir/Drivers/STM32H7xx_HAL_Driver/Src/stm32h7xx_hal_uart.c.obj
                0x080065a4                UART_Start_Receive_DMA
 .text.UARTEx_SetNbDataToProcess
                0x08006654       0x4c CMakeFiles/project.elf.dir/Drivers/STM32H7xx_HAL_Driver/Src/stm32h7xx_hal_uart_ex.c.obj
 .text.HAL_UARTEx_WakeupCallback
                0x080066a0        0x2 CMakeFiles/project.elf.dir/Drivers/STM32H7xx_HAL_Driver/Src/stm32h7xx_hal_uart_ex.c.obj
                0x080066a0                HAL_UARTEx_WakeupCallback
 .text.HAL_UARTEx_RxFifoFullCallback
                0x080066a2        0x2 CMakeFiles/project.elf.dir/Drivers/STM32H7xx_HAL_Driver/Src/stm32h7xx_hal_uart_ex.c.obj
                0x080066a2                HAL_UARTEx_RxFifoFullCallback
 .text.HAL_UARTEx_TxFifoEmptyCallback
                0x080066a4        0x2 CMakeFiles/project.elf.dir/Drivers/STM32H7xx_HAL_Driver/Src/stm32h7xx_hal_uart_ex.c.obj
                0x080066a4                HAL_UARTEx_TxFifoEmptyCallback
 .text.HAL_UARTEx_DisableFifoMode
                0x080066a6       0x3e CMakeFiles/project.elf.dir/Drivers/STM32H7xx_HAL_Driver/Src/stm32h7xx_hal_uart_ex.c.obj
                0x080066a6                HAL_UARTEx_DisableFifoMode
 .text.HAL_UARTEx_SetTxFifoThreshold
                0x080066e4       0x4a CMakeFiles/project.elf.dir/Drivers/STM32H7xx_HAL_Driver/Src/stm32h7xx_hal_uart_ex.c.obj
                0x080066e4                HAL_UARTEx_SetTxFifoThreshold
 .text.HAL_UARTEx_SetRxFifoThreshold
                0x0800672e       0x4a CMakeFiles/project.elf.dir/Drivers/STM32H7xx_HAL_Driver/Src/stm32h7xx_hal_uart_ex.c.obj
                0x0800672e                HAL_UARTEx_SetRxFifoThreshold
 .text.HAL_UARTEx_ReceiveToIdle_DMA
                0x08006778       0x50 CMakeFiles/project.elf.dir/Drivers/STM32H7xx_HAL_Driver/Src/stm32h7xx_hal_uart_ex.c.obj
                0x08006778                HAL_UARTEx_ReceiveToIdle_DMA
 .text.__udivmoddi4
                0x080067c8      0x2bc D:/ClionToolchains/gcc-arm-none-eabi-10.3-2021.10/bin/../lib/gcc/arm-none-eabi/13.3.1/thumb/v7e-m+fp/hard\libgcc.a(_udivmoddi4.o)
                0x080067c8                __udivmoddi4
 .text.selfrel_offset31
                0x08006a84       0x14 D:/ClionToolchains/gcc-arm-none-eabi-10.3-2021.10/bin/../lib/gcc/arm-none-eabi/13.3.1/thumb/v7e-m+fp/hard\libgcc.a(unwind-arm.o)
 .text.search_EIT_table
                0x08006a98       0x68 D:/ClionToolchains/gcc-arm-none-eabi-10.3-2021.10/bin/../lib/gcc/arm-none-eabi/13.3.1/thumb/v7e-m+fp/hard\libgcc.a(unwind-arm.o)
 .text.__gnu_unwind_get_pr_addr
                0x08006b00       0x28 D:/ClionToolchains/gcc-arm-none-eabi-10.3-2021.10/bin/../lib/gcc/arm-none-eabi/13.3.1/thumb/v7e-m+fp/hard\libgcc.a(unwind-arm.o)
 .text.get_eit_entry
                0x08006b28       0x98 D:/ClionToolchains/gcc-arm-none-eabi-10.3-2021.10/bin/../lib/gcc/arm-none-eabi/13.3.1/thumb/v7e-m+fp/hard\libgcc.a(unwind-arm.o)
 .text.restore_non_core_regs
                0x08006bc0       0x58 D:/ClionToolchains/gcc-arm-none-eabi-10.3-2021.10/bin/../lib/gcc/arm-none-eabi/13.3.1/thumb/v7e-m+fp/hard\libgcc.a(unwind-arm.o)
 .text._Unwind_decode_typeinfo_ptr.constprop.0
                0x08006c18        0xc D:/ClionToolchains/gcc-arm-none-eabi-10.3-2021.10/bin/../lib/gcc/arm-none-eabi/13.3.1/thumb/v7e-m+fp/hard\libgcc.a(unwind-arm.o)
 .text._Unwind_DebugHook
                0x08006c24        0x4 D:/ClionToolchains/gcc-arm-none-eabi-10.3-2021.10/bin/../lib/gcc/arm-none-eabi/13.3.1/thumb/v7e-m+fp/hard\libgcc.a(unwind-arm.o)
 .text.unwind_phase2
                0x08006c28       0x3c D:/ClionToolchains/gcc-arm-none-eabi-10.3-2021.10/bin/../lib/gcc/arm-none-eabi/13.3.1/thumb/v7e-m+fp/hard\libgcc.a(unwind-arm.o)
 .text.unwind_phase2_forced
                0x08006c64       0xd8 D:/ClionToolchains/gcc-arm-none-eabi-10.3-2021.10/bin/../lib/gcc/arm-none-eabi/13.3.1/thumb/v7e-m+fp/hard\libgcc.a(unwind-arm.o)
 .text.__gnu_Unwind_RaiseException
                0x08006d3c       0x68 D:/ClionToolchains/gcc-arm-none-eabi-10.3-2021.10/bin/../lib/gcc/arm-none-eabi/13.3.1/thumb/v7e-m+fp/hard\libgcc.a(unwind-arm.o)
                0x08006d3c                __gnu_Unwind_RaiseException
 .text.__gnu_Unwind_ForcedUnwind
                0x08006da4       0x10 D:/ClionToolchains/gcc-arm-none-eabi-10.3-2021.10/bin/../lib/gcc/arm-none-eabi/13.3.1/thumb/v7e-m+fp/hard\libgcc.a(unwind-arm.o)
                0x08006da4                __gnu_Unwind_ForcedUnwind
 .text.__gnu_Unwind_Resume
                0x08006db4       0x44 D:/ClionToolchains/gcc-arm-none-eabi-10.3-2021.10/bin/../lib/gcc/arm-none-eabi/13.3.1/thumb/v7e-m+fp/hard\libgcc.a(unwind-arm.o)
                0x08006db4                __gnu_Unwind_Resume
 .text.__gnu_Unwind_Resume_or_Rethrow
                0x08006df8       0x14 D:/ClionToolchains/gcc-arm-none-eabi-10.3-2021.10/bin/../lib/gcc/arm-none-eabi/13.3.1/thumb/v7e-m+fp/hard\libgcc.a(unwind-arm.o)
                0x08006df8                __gnu_Unwind_Resume_or_Rethrow
 .text._Unwind_VRS_Get
                0x08006e0c       0x34 D:/ClionToolchains/gcc-arm-none-eabi-10.3-2021.10/bin/../lib/gcc/arm-none-eabi/13.3.1/thumb/v7e-m+fp/hard\libgcc.a(unwind-arm.o)
                0x08006e0c                _Unwind_VRS_Get
 .text._Unwind_GetGR
                0x08006e40       0x1c D:/ClionToolchains/gcc-arm-none-eabi-10.3-2021.10/bin/../lib/gcc/arm-none-eabi/13.3.1/thumb/v7e-m+fp/hard\libgcc.a(unwind-arm.o)
 .text._Unwind_VRS_Set
                0x08006e5c       0x34 D:/ClionToolchains/gcc-arm-none-eabi-10.3-2021.10/bin/../lib/gcc/arm-none-eabi/13.3.1/thumb/v7e-m+fp/hard\libgcc.a(unwind-arm.o)
                0x08006e5c                _Unwind_VRS_Set
 .text._Unwind_SetGR
                0x08006e90       0x18 D:/ClionToolchains/gcc-arm-none-eabi-10.3-2021.10/bin/../lib/gcc/arm-none-eabi/13.3.1/thumb/v7e-m+fp/hard\libgcc.a(unwind-arm.o)
 .text.__gnu_Unwind_Backtrace
                0x08006ea8       0x84 D:/ClionToolchains/gcc-arm-none-eabi-10.3-2021.10/bin/../lib/gcc/arm-none-eabi/13.3.1/thumb/v7e-m+fp/hard\libgcc.a(unwind-arm.o)
                0x08006ea8                __gnu_Unwind_Backtrace
 .text.__gnu_unwind_pr_common
                0x08006f2c      0x2a4 D:/ClionToolchains/gcc-arm-none-eabi-10.3-2021.10/bin/../lib/gcc/arm-none-eabi/13.3.1/thumb/v7e-m+fp/hard\libgcc.a(unwind-arm.o)
 .text.__aeabi_unwind_cpp_pr0
                0x080071d0        0x8 D:/ClionToolchains/gcc-arm-none-eabi-10.3-2021.10/bin/../lib/gcc/arm-none-eabi/13.3.1/thumb/v7e-m+fp/hard\libgcc.a(unwind-arm.o)
                0x080071d0                __aeabi_unwind_cpp_pr0
 .text.__aeabi_unwind_cpp_pr1
                0x080071d8        0x8 D:/ClionToolchains/gcc-arm-none-eabi-10.3-2021.10/bin/../lib/gcc/arm-none-eabi/13.3.1/thumb/v7e-m+fp/hard\libgcc.a(unwind-arm.o)
                0x080071d8                __aeabi_unwind_cpp_pr1
 .text.__aeabi_unwind_cpp_pr2
                0x080071e0        0x8 D:/ClionToolchains/gcc-arm-none-eabi-10.3-2021.10/bin/../lib/gcc/arm-none-eabi/13.3.1/thumb/v7e-m+fp/hard\libgcc.a(unwind-arm.o)
                0x080071e0                __aeabi_unwind_cpp_pr2
 .text._Unwind_VRS_Pop
                0x080071e8      0x2f0 D:/ClionToolchains/gcc-arm-none-eabi-10.3-2021.10/bin/../lib/gcc/arm-none-eabi/13.3.1/thumb/v7e-m+fp/hard\libgcc.a(unwind-arm.o)
                0x080071e8                _Unwind_VRS_Pop
 .text.next_unwind_byte
                0x080074d8       0x38 D:/ClionToolchains/gcc-arm-none-eabi-10.3-2021.10/bin/../lib/gcc/arm-none-eabi/13.3.1/thumb/v7e-m+fp/hard\libgcc.a(pr-support.o)
 .text.__gnu_unwind_execute
                0x08007510      0x2fc D:/ClionToolchains/gcc-arm-none-eabi-10.3-2021.10/bin/../lib/gcc/arm-none-eabi/13.3.1/thumb/v7e-m+fp/hard\libgcc.a(pr-support.o)
                0x08007510                __gnu_unwind_execute
 .text.abort    0x0800780c       0x10 D:/ClionToolchains/gcc-arm-none-eabi-10.3-2021.10/bin/../lib/gcc/arm-none-eabi/13.3.1/thumb/v7e-m+fp/hard\libg.a(libc_a-abort.o)
                0x0800780c                abort
 .text.memset   0x0800781c       0xa4 D:/ClionToolchains/gcc-arm-none-eabi-10.3-2021.10/bin/../lib/gcc/arm-none-eabi/13.3.1/thumb/v7e-m+fp/hard\libg.a(libc_a-memset.o)
                0x0800781c                memset
 .text.raise    0x080078c0       0x58 D:/ClionToolchains/gcc-arm-none-eabi-10.3-2021.10/bin/../lib/gcc/arm-none-eabi/13.3.1/thumb/v7e-m+fp/hard\libg.a(libc_a-signal.o)
                0x080078c0                raise
 .text._kill_r  0x08007918       0x2c D:/ClionToolchains/gcc-arm-none-eabi-10.3-2021.10/bin/../lib/gcc/arm-none-eabi/13.3.1/thumb/v7e-m+fp/hard\libg.a(libc_a-signalr.o)
                0x08007918                _kill_r
 .text._getpid_r
                0x08007944        0x4 D:/ClionToolchains/gcc-arm-none-eabi-10.3-2021.10/bin/../lib/gcc/arm-none-eabi/13.3.1/thumb/v7e-m+fp/hard\libg.a(libc_a-signalr.o)
                0x08007944                _getpid_r
 .text.__errno  0x08007948        0xc D:/ClionToolchains/gcc-arm-none-eabi-10.3-2021.10/bin/../lib/gcc/arm-none-eabi/13.3.1/thumb/v7e-m+fp/hard\libg.a(libc_a-errno.o)
                0x08007948                __errno
 .text.__libc_init_array
                0x08007954       0x50 D:/ClionToolchains/gcc-arm-none-eabi-10.3-2021.10/bin/../lib/gcc/arm-none-eabi/13.3.1/thumb/v7e-m+fp/hard\libg.a(libc_a-init.o)
                0x08007954                __libc_init_array
 .text.__retarget_lock_acquire_recursive
                0x080079a4        0x4 D:/ClionToolchains/gcc-arm-none-eabi-10.3-2021.10/bin/../lib/gcc/arm-none-eabi/13.3.1/thumb/v7e-m+fp/hard\libg.a(libc_a-lock.o)
                0x080079a4                __retarget_lock_acquire_recursive
 .text.__retarget_lock_release_recursive
                0x080079a8        0x4 D:/ClionToolchains/gcc-arm-none-eabi-10.3-2021.10/bin/../lib/gcc/arm-none-eabi/13.3.1/thumb/v7e-m+fp/hard\libg.a(libc_a-lock.o)
                0x080079a8                __retarget_lock_release_recursive
 .text.startup.register_fini
                0x080079ac       0x14 D:/ClionToolchains/gcc-arm-none-eabi-10.3-2021.10/bin/../lib/gcc/arm-none-eabi/13.3.1/thumb/v7e-m+fp/hard\libg.a(libc_a-__call_atexit.o)
 .text.atexit   0x080079c0        0xc D:/ClionToolchains/gcc-arm-none-eabi-10.3-2021.10/bin/../lib/gcc/arm-none-eabi/13.3.1/thumb/v7e-m+fp/hard\libg.a(libc_a-atexit.o)
                0x080079c0                atexit
 .text.__libc_fini_array
                0x080079cc       0x28 D:/ClionToolchains/gcc-arm-none-eabi-10.3-2021.10/bin/../lib/gcc/arm-none-eabi/13.3.1/thumb/v7e-m+fp/hard\libg.a(libc_a-fini.o)
                0x080079cc                __libc_fini_array
 .text.__register_exitproc
                0x080079f4       0x80 D:/ClionToolchains/gcc-arm-none-eabi-10.3-2021.10/bin/../lib/gcc/arm-none-eabi/13.3.1/thumb/v7e-m+fp/hard\libg.a(libc_a-__atexit.o)
                0x080079f4                __register_exitproc
 *(.glue_7)
 .glue_7        0x08007a74        0x0 linker stubs
 *(.glue_7t)
 .glue_7t       0x08007a74        0x0 linker stubs
 *(.eh_frame)
 .eh_frame      0x08007a74        0x0 D:/ClionToolchains/gcc-arm-none-eabi-10.3-2021.10/bin/../lib/gcc/arm-none-eabi/13.3.1/thumb/v7e-m+fp/hard/crtbegin.o
 *(.init)
 .init          0x08007a74        0x4 D:/ClionToolchains/gcc-arm-none-eabi-10.3-2021.10/bin/../lib/gcc/arm-none-eabi/13.3.1/thumb/v7e-m+fp/hard/crti.o
                0x08007a74                _init
 .init          0x08007a78        0x8 D:/ClionToolchains/gcc-arm-none-eabi-10.3-2021.10/bin/../lib/gcc/arm-none-eabi/13.3.1/thumb/v7e-m+fp/hard/crtn.o
 *(.fini)
 .fini          0x08007a80        0x4 D:/ClionToolchains/gcc-arm-none-eabi-10.3-2021.10/bin/../lib/gcc/arm-none-eabi/13.3.1/thumb/v7e-m+fp/hard/crti.o
                0x08007a80                _fini
 .fini          0x08007a84        0x8 D:/ClionToolchains/gcc-arm-none-eabi-10.3-2021.10/bin/../lib/gcc/arm-none-eabi/13.3.1/thumb/v7e-m+fp/hard/crtn.o
                0x08007a8c                        . = ALIGN (0x4)
                0x08007a8c                        _etext = .

.vfp11_veneer   0x08007a8c        0x0
 .vfp11_veneer  0x08007a8c        0x0 linker stubs

.v4_bx          0x08007a8c        0x0
 .v4_bx         0x08007a8c        0x0 linker stubs

.iplt           0x08007a8c        0x0
 .iplt          0x08007a8c        0x0 D:/ClionToolchains/gcc-arm-none-eabi-10.3-2021.10/bin/../lib/gcc/arm-none-eabi/13.3.1/thumb/v7e-m+fp/hard/crtbegin.o

.rodata         0x08007a8c       0x8c
                0x08007a8c                        . = ALIGN (0x4)
 *(.rodata)
 .rodata        0x08007a8c       0x4c CMakeFiles/project.elf.dir/Drivers/STM32H7xx_HAL_Driver/Src/stm32h7xx_hal_fdcan.c.obj
 *(.rodata*)
 .rodata.D1CorePrescTable
                0x08007ad8       0x10 CMakeFiles/project.elf.dir/Core/Src/system_stm32h7xx.c.obj
                0x08007ad8                D1CorePrescTable
 .rodata.flagBitshiftOffset.0
                0x08007ae8        0x8 CMakeFiles/project.elf.dir/Drivers/STM32H7xx_HAL_Driver/Src/stm32h7xx_hal_dma.c.obj
 .rodata.UARTPrescTable
                0x08007af0       0x18 CMakeFiles/project.elf.dir/Drivers/STM32H7xx_HAL_Driver/Src/stm32h7xx_hal_uart.c.obj
                0x08007af0                UARTPrescTable
 .rodata.denominator.0
                0x08007b08        0x8 CMakeFiles/project.elf.dir/Drivers/STM32H7xx_HAL_Driver/Src/stm32h7xx_hal_uart_ex.c.obj
 .rodata.numerator.1
                0x08007b10        0x8 CMakeFiles/project.elf.dir/Drivers/STM32H7xx_HAL_Driver/Src/stm32h7xx_hal_uart_ex.c.obj
                0x08007b18                        . = ALIGN (0x4)

.ARM.extab      0x08007b18       0x24
 *(.ARM.extab* .gnu.linkonce.armextab.*)
 .ARM.extab.text._Z14UART_Send_DataP20__UART_HandleTypeDefPht
                0x08007b18        0xc CMakeFiles/project.elf.dir/Core/XTYF/Lib/Driver/USART/drv_usart.cpp.obj
 .ARM.extab.text._Z18DR16_UART_CallbackPht
                0x08007b24        0xc CMakeFiles/project.elf.dir/Core/XTYF/Robot/Task/task.cpp.obj
 .ARM.extab.text.Task
                0x08007b30        0xc CMakeFiles/project.elf.dir/Core/XTYF/Robot/Task/task.cpp.obj

.ARM            0x08007b3c       0xf0
                0x08007b3c                        __exidx_start = .
 *(.ARM.exidx*)
 .ARM.exidx     0x08007b3c        0x8 D:/ClionToolchains/gcc-arm-none-eabi-10.3-2021.10/bin/../lib/gcc/arm-none-eabi/13.3.1/thumb/v7e-m+fp/hard\libg.a(libc_a-memcpy.o)
 .ARM.exidx.text._ZN10Class_DR164InitEP20__UART_HandleTypeDefPFvPhtEt
                0x08007b44        0x8 CMakeFiles/project.elf.dir/Core/XTYF/Lib/Device/DR16/dvc_dr16.cpp.obj
 .ARM.exidx.text._ZN10Class_DR1612Data_ProcessEt
                0x08007b4c        0x8 CMakeFiles/project.elf.dir/Core/XTYF/Lib/Device/DR16/dvc_dr16.cpp.obj
 .ARM.exidx.text._ZN10Class_DR1619UART_RxCpltCallbackEPht
                0x08007b54        0x0 CMakeFiles/project.elf.dir/Core/XTYF/Lib/Device/DR16/dvc_dr16.cpp.obj
                                  0x8 (size before relaxing)
 .ARM.exidx.text._ZN10Class_VOFA4InitEP20__UART_HandleTypeDefPFvPhtEt
                0x08007b54        0x8 CMakeFiles/project.elf.dir/Core/XTYF/Lib/Device/VOFA/dvc_vofa.cpp.obj
 .ARM.exidx.text._ZN10Class_VOFA6OutputEv
                0x08007b5c        0x8 CMakeFiles/project.elf.dir/Core/XTYF/Lib/Device/VOFA/dvc_vofa.cpp.obj
 .ARM.exidx.text._ZN10Class_VOFA4SendEPfh
                0x08007b64        0x8 CMakeFiles/project.elf.dir/Core/XTYF/Lib/Device/VOFA/dvc_vofa.cpp.obj
 .ARM.exidx.text._Z9UART_InitP20__UART_HandleTypeDefPFvPhtEt
                0x08007b6c        0x8 CMakeFiles/project.elf.dir/Core/XTYF/Lib/Driver/USART/drv_usart.cpp.obj
 .ARM.exidx.text._Z14UART_Send_DataP20__UART_HandleTypeDefPht
                0x08007b74        0x8 CMakeFiles/project.elf.dir/Core/XTYF/Lib/Driver/USART/drv_usart.cpp.obj
 .ARM.exidx.text.HAL_UARTEx_RxEventCallback
                0x08007b7c        0x8 CMakeFiles/project.elf.dir/Core/XTYF/Lib/Driver/USART/drv_usart.cpp.obj
 .ARM.exidx.text.HAL_UART_ErrorCallback
                0x08007b84        0x0 CMakeFiles/project.elf.dir/Core/XTYF/Lib/Driver/USART/drv_usart.cpp.obj
                                  0x8 (size before relaxing)
 .ARM.exidx.text._Z41__static_initialization_and_destruction_0v
                0x08007b84        0x8 CMakeFiles/project.elf.dir/Core/XTYF/Robot/Task/task.cpp.obj
 .ARM.exidx.text._Z18DR16_UART_CallbackPht
                0x08007b8c        0x8 CMakeFiles/project.elf.dir/Core/XTYF/Robot/Task/task.cpp.obj
 .ARM.exidx.text.Task_Init
                0x08007b94        0x8 CMakeFiles/project.elf.dir/Core/XTYF/Robot/Task/task.cpp.obj
 .ARM.exidx.text.Task
                0x08007b9c        0x8 CMakeFiles/project.elf.dir/Core/XTYF/Robot/Task/task.cpp.obj
 .ARM.exidx.text._GLOBAL__sub_I_DR16
                0x08007ba4        0x8 CMakeFiles/project.elf.dir/Core/XTYF/Robot/Task/task.cpp.obj
 .ARM.exidx.text.__udivmoddi4
                0x08007bac        0x0 D:/ClionToolchains/gcc-arm-none-eabi-10.3-2021.10/bin/../lib/gcc/arm-none-eabi/13.3.1/thumb/v7e-m+fp/hard\libgcc.a(_udivmoddi4.o)
                                  0x8 (size before relaxing)
 .ARM.exidx.text.selfrel_offset31
                0x08007bac        0x0 D:/ClionToolchains/gcc-arm-none-eabi-10.3-2021.10/bin/../lib/gcc/arm-none-eabi/13.3.1/thumb/v7e-m+fp/hard\libgcc.a(unwind-arm.o)
                                  0x8 (size before relaxing)
 .ARM.exidx.text.search_EIT_table
                0x08007bac        0x0 D:/ClionToolchains/gcc-arm-none-eabi-10.3-2021.10/bin/../lib/gcc/arm-none-eabi/13.3.1/thumb/v7e-m+fp/hard\libgcc.a(unwind-arm.o)
                                  0x8 (size before relaxing)
 .ARM.exidx.text.__gnu_unwind_get_pr_addr
                0x08007bac        0x0 D:/ClionToolchains/gcc-arm-none-eabi-10.3-2021.10/bin/../lib/gcc/arm-none-eabi/13.3.1/thumb/v7e-m+fp/hard\libgcc.a(unwind-arm.o)
                                  0x8 (size before relaxing)
 .ARM.exidx.text.get_eit_entry
                0x08007bac        0x8 D:/ClionToolchains/gcc-arm-none-eabi-10.3-2021.10/bin/../lib/gcc/arm-none-eabi/13.3.1/thumb/v7e-m+fp/hard\libgcc.a(unwind-arm.o)
 .ARM.exidx.text.restore_non_core_regs
                0x08007bb4        0x8 D:/ClionToolchains/gcc-arm-none-eabi-10.3-2021.10/bin/../lib/gcc/arm-none-eabi/13.3.1/thumb/v7e-m+fp/hard\libgcc.a(unwind-arm.o)
 .ARM.exidx.text._Unwind_decode_typeinfo_ptr.constprop.0
                0x08007bbc        0x8 D:/ClionToolchains/gcc-arm-none-eabi-10.3-2021.10/bin/../lib/gcc/arm-none-eabi/13.3.1/thumb/v7e-m+fp/hard\libgcc.a(unwind-arm.o)
 .ARM.exidx.text._Unwind_DebugHook
                0x08007bc4        0x0 D:/ClionToolchains/gcc-arm-none-eabi-10.3-2021.10/bin/../lib/gcc/arm-none-eabi/13.3.1/thumb/v7e-m+fp/hard\libgcc.a(unwind-arm.o)
                                  0x8 (size before relaxing)
 .ARM.exidx.text.unwind_phase2
                0x08007bc4        0x8 D:/ClionToolchains/gcc-arm-none-eabi-10.3-2021.10/bin/../lib/gcc/arm-none-eabi/13.3.1/thumb/v7e-m+fp/hard\libgcc.a(unwind-arm.o)
 .ARM.exidx.text.unwind_phase2_forced
                0x08007bcc        0x8 D:/ClionToolchains/gcc-arm-none-eabi-10.3-2021.10/bin/../lib/gcc/arm-none-eabi/13.3.1/thumb/v7e-m+fp/hard\libgcc.a(unwind-arm.o)
 .ARM.exidx.text.__gnu_Unwind_RaiseException
                0x08007bd4        0x8 D:/ClionToolchains/gcc-arm-none-eabi-10.3-2021.10/bin/../lib/gcc/arm-none-eabi/13.3.1/thumb/v7e-m+fp/hard\libgcc.a(unwind-arm.o)
 .ARM.exidx.text.__gnu_Unwind_ForcedUnwind
                0x08007bdc        0x8 D:/ClionToolchains/gcc-arm-none-eabi-10.3-2021.10/bin/../lib/gcc/arm-none-eabi/13.3.1/thumb/v7e-m+fp/hard\libgcc.a(unwind-arm.o)
 .ARM.exidx.text.__gnu_Unwind_Resume
                0x08007be4        0x8 D:/ClionToolchains/gcc-arm-none-eabi-10.3-2021.10/bin/../lib/gcc/arm-none-eabi/13.3.1/thumb/v7e-m+fp/hard\libgcc.a(unwind-arm.o)
 .ARM.exidx.text.__gnu_Unwind_Resume_or_Rethrow
                0x08007bec        0x8 D:/ClionToolchains/gcc-arm-none-eabi-10.3-2021.10/bin/../lib/gcc/arm-none-eabi/13.3.1/thumb/v7e-m+fp/hard\libgcc.a(unwind-arm.o)
 .ARM.exidx.text._Unwind_VRS_Get
                0x08007bf4        0x0 D:/ClionToolchains/gcc-arm-none-eabi-10.3-2021.10/bin/../lib/gcc/arm-none-eabi/13.3.1/thumb/v7e-m+fp/hard\libgcc.a(unwind-arm.o)
                                  0x8 (size before relaxing)
 .ARM.exidx.text._Unwind_GetGR
                0x08007bf4        0x0 D:/ClionToolchains/gcc-arm-none-eabi-10.3-2021.10/bin/../lib/gcc/arm-none-eabi/13.3.1/thumb/v7e-m+fp/hard\libgcc.a(unwind-arm.o)
                                  0x8 (size before relaxing)
 .ARM.exidx.text._Unwind_VRS_Set
                0x08007bf4        0x0 D:/ClionToolchains/gcc-arm-none-eabi-10.3-2021.10/bin/../lib/gcc/arm-none-eabi/13.3.1/thumb/v7e-m+fp/hard\libgcc.a(unwind-arm.o)
                                  0x8 (size before relaxing)
 .ARM.exidx.text._Unwind_SetGR
                0x08007bf4        0x0 D:/ClionToolchains/gcc-arm-none-eabi-10.3-2021.10/bin/../lib/gcc/arm-none-eabi/13.3.1/thumb/v7e-m+fp/hard\libgcc.a(unwind-arm.o)
                                  0x8 (size before relaxing)
 .ARM.exidx.text.__gnu_Unwind_Backtrace
                0x08007bf4        0x8 D:/ClionToolchains/gcc-arm-none-eabi-10.3-2021.10/bin/../lib/gcc/arm-none-eabi/13.3.1/thumb/v7e-m+fp/hard\libgcc.a(unwind-arm.o)
 .ARM.exidx.text.__gnu_unwind_pr_common
                0x08007bfc        0x8 D:/ClionToolchains/gcc-arm-none-eabi-10.3-2021.10/bin/../lib/gcc/arm-none-eabi/13.3.1/thumb/v7e-m+fp/hard\libgcc.a(unwind-arm.o)
 .ARM.exidx.text.__aeabi_unwind_cpp_pr0
                0x08007c04        0x8 D:/ClionToolchains/gcc-arm-none-eabi-10.3-2021.10/bin/../lib/gcc/arm-none-eabi/13.3.1/thumb/v7e-m+fp/hard\libgcc.a(unwind-arm.o)
 .ARM.exidx.text.__aeabi_unwind_cpp_pr1
                0x08007c0c        0x0 D:/ClionToolchains/gcc-arm-none-eabi-10.3-2021.10/bin/../lib/gcc/arm-none-eabi/13.3.1/thumb/v7e-m+fp/hard\libgcc.a(unwind-arm.o)
                                  0x8 (size before relaxing)
 .ARM.exidx.text.__aeabi_unwind_cpp_pr2
                0x08007c0c        0x0 D:/ClionToolchains/gcc-arm-none-eabi-10.3-2021.10/bin/../lib/gcc/arm-none-eabi/13.3.1/thumb/v7e-m+fp/hard\libgcc.a(unwind-arm.o)
                                  0x8 (size before relaxing)
 .ARM.exidx.text._Unwind_VRS_Pop
                0x08007c0c        0x8 D:/ClionToolchains/gcc-arm-none-eabi-10.3-2021.10/bin/../lib/gcc/arm-none-eabi/13.3.1/thumb/v7e-m+fp/hard\libgcc.a(unwind-arm.o)
 .ARM.exidx.text.next_unwind_byte
                0x08007c14        0x8 D:/ClionToolchains/gcc-arm-none-eabi-10.3-2021.10/bin/../lib/gcc/arm-none-eabi/13.3.1/thumb/v7e-m+fp/hard\libgcc.a(pr-support.o)
 .ARM.exidx.text.__gnu_unwind_execute
                0x08007c1c       0x10 D:/ClionToolchains/gcc-arm-none-eabi-10.3-2021.10/bin/../lib/gcc/arm-none-eabi/13.3.1/thumb/v7e-m+fp/hard\libgcc.a(pr-support.o)
                                  0x8 (size before relaxing)
                0x08007c2c                        __exidx_end = .

.preinit_array  0x08007c2c        0x0
                0x08007c2c                        PROVIDE (__preinit_array_start = .)
 *(.preinit_array*)
                0x08007c2c                        PROVIDE (__preinit_array_end = .)

.init_array     0x08007c2c        0xc
                0x08007c2c                        PROVIDE (__init_array_start = .)
 *(SORT_BY_NAME(.init_array.*))
 .init_array.00000
                0x08007c2c        0x4 D:/ClionToolchains/gcc-arm-none-eabi-10.3-2021.10/bin/../lib/gcc/arm-none-eabi/13.3.1/thumb/v7e-m+fp/hard\libg.a(libc_a-__call_atexit.o)
 *(.init_array*)
 .init_array    0x08007c30        0x4 D:/ClionToolchains/gcc-arm-none-eabi-10.3-2021.10/bin/../lib/gcc/arm-none-eabi/13.3.1/thumb/v7e-m+fp/hard/crtbegin.o
 .init_array    0x08007c34        0x4 CMakeFiles/project.elf.dir/Core/XTYF/Robot/Task/task.cpp.obj
                0x08007c38                        PROVIDE (__init_array_end = .)

.fini_array     0x08007c38        0x4
                0x08007c38                        PROVIDE (__fini_array_start = .)
 *(SORT_BY_NAME(.fini_array.*))
 *(.fini_array*)
 .fini_array    0x08007c38        0x4 D:/ClionToolchains/gcc-arm-none-eabi-10.3-2021.10/bin/../lib/gcc/arm-none-eabi/13.3.1/thumb/v7e-m+fp/hard/crtbegin.o
                0x08007c3c                        PROVIDE (__fini_array_end = .)
                0x08007c3c                        _sidata = LOADADDR (.data)

.rel.dyn        0x08007c3c        0x0
 .rel.iplt      0x08007c3c        0x0 D:/ClionToolchains/gcc-arm-none-eabi-10.3-2021.10/bin/../lib/gcc/arm-none-eabi/13.3.1/thumb/v7e-m+fp/hard/crtbegin.o

.data           0x24000000      0x15c load address 0x08007c3c
                0x24000000                        . = ALIGN (0x4)
                0x24000000                        _sdata = .
 *(.data)
 *(.data*)
 .data.SystemD2Clock
                0x24000000        0x4 CMakeFiles/project.elf.dir/Core/Src/system_stm32h7xx.c.obj
                0x24000000                SystemD2Clock
 .data.SystemCoreClock
                0x24000004        0x4 CMakeFiles/project.elf.dir/Core/Src/system_stm32h7xx.c.obj
                0x24000004                SystemCoreClock
 .data.uwTickFreq
                0x24000008        0x1 CMakeFiles/project.elf.dir/Drivers/STM32H7xx_HAL_Driver/Src/stm32h7xx_hal.c.obj
                0x24000008                uwTickFreq
 *fill*         0x24000009        0x3 
 .data.uwTickPrio
                0x2400000c        0x4 CMakeFiles/project.elf.dir/Drivers/STM32H7xx_HAL_Driver/Src/stm32h7xx_hal.c.obj
                0x2400000c                uwTickPrio
 .data._impure_ptr
                0x24000010        0x4 D:/ClionToolchains/gcc-arm-none-eabi-10.3-2021.10/bin/../lib/gcc/arm-none-eabi/13.3.1/thumb/v7e-m+fp/hard\libg.a(libc_a-impure.o)
                0x24000010                _impure_ptr
 *fill*         0x24000014        0x4 
 .data._impure_data
                0x24000018      0x140 D:/ClionToolchains/gcc-arm-none-eabi-10.3-2021.10/bin/../lib/gcc/arm-none-eabi/13.3.1/thumb/v7e-m+fp/hard\libg.a(libc_a-impure.o)
                0x24000018                _impure_data
 .data.__atexit_recursive_mutex
                0x24000158        0x4 D:/ClionToolchains/gcc-arm-none-eabi-10.3-2021.10/bin/../lib/gcc/arm-none-eabi/13.3.1/thumb/v7e-m+fp/hard\libg.a(libc_a-__call_atexit.o)
                0x24000158                __atexit_recursive_mutex
 *(.RamFunc)
 *(.RamFunc*)
                0x2400015c                        . = ALIGN (0x4)
                0x2400015c                        _edata = .

.tm_clone_table
                0x2400015c        0x0 load address 0x08007d98
 .tm_clone_table
                0x2400015c        0x0 D:/ClionToolchains/gcc-arm-none-eabi-10.3-2021.10/bin/../lib/gcc/arm-none-eabi/13.3.1/thumb/v7e-m+fp/hard/crtbegin.o
 .tm_clone_table
                0x2400015c        0x0 D:/ClionToolchains/gcc-arm-none-eabi-10.3-2021.10/bin/../lib/gcc/arm-none-eabi/13.3.1/thumb/v7e-m+fp/hard/crtend.o

.igot.plt       0x2400015c        0x0 load address 0x08007d98
 .igot.plt      0x2400015c        0x0 D:/ClionToolchains/gcc-arm-none-eabi-10.3-2021.10/bin/../lib/gcc/arm-none-eabi/13.3.1/thumb/v7e-m+fp/hard/crtbegin.o
                0x2400015c                        . = ALIGN (0x4)

.bss            0x2400015c     0x2f64 load address 0x08007d98
                0x2400015c                        _sbss = .
                0x2400015c                        __bss_start__ = _sbss
 *(.bss)
 *(.bss*)
 .bss.completed.1
                0x2400015c        0x1 D:/ClionToolchains/gcc-arm-none-eabi-10.3-2021.10/bin/../lib/gcc/arm-none-eabi/13.3.1/thumb/v7e-m+fp/hard/crtbegin.o
 *fill*         0x2400015d        0x3 
 .bss.object.0  0x24000160       0x18 D:/ClionToolchains/gcc-arm-none-eabi-10.3-2021.10/bin/../lib/gcc/arm-none-eabi/13.3.1/thumb/v7e-m+fp/hard/crtbegin.o
 .bss.hfdcan1   0x24000178       0xa0 CMakeFiles/project.elf.dir/Core/Src/fdcan.c.obj
                0x24000178                hfdcan1
 .bss.hdma_usart1_tx
                0x24000218       0x78 CMakeFiles/project.elf.dir/Core/Src/usart.c.obj
                0x24000218                hdma_usart1_tx
 .bss.hdma_usart1_rx
                0x24000290       0x78 CMakeFiles/project.elf.dir/Core/Src/usart.c.obj
                0x24000290                hdma_usart1_rx
 .bss.hdma_uart5_rx
                0x24000308       0x78 CMakeFiles/project.elf.dir/Core/Src/usart.c.obj
                0x24000308                hdma_uart5_rx
 .bss.huart1    0x24000380       0x94 CMakeFiles/project.elf.dir/Core/Src/usart.c.obj
                0x24000380                huart1
 .bss.huart5    0x24000414       0x94 CMakeFiles/project.elf.dir/Core/Src/usart.c.obj
                0x24000414                huart5
 .bss.USART10_Manage_Object
                0x240004a8      0x40c CMakeFiles/project.elf.dir/Core/XTYF/Lib/Driver/USART/drv_usart.cpp.obj
                0x240004a8                USART10_Manage_Object
 .bss.UART9_Manage_Object
                0x240008b4      0x40c CMakeFiles/project.elf.dir/Core/XTYF/Lib/Driver/USART/drv_usart.cpp.obj
                0x240008b4                UART9_Manage_Object
 .bss.UART8_Manage_Object
                0x24000cc0      0x40c CMakeFiles/project.elf.dir/Core/XTYF/Lib/Driver/USART/drv_usart.cpp.obj
                0x24000cc0                UART8_Manage_Object
 .bss.UART7_Manage_Object
                0x240010cc      0x40c CMakeFiles/project.elf.dir/Core/XTYF/Lib/Driver/USART/drv_usart.cpp.obj
                0x240010cc                UART7_Manage_Object
 .bss.USART6_Manage_Object
                0x240014d8      0x40c CMakeFiles/project.elf.dir/Core/XTYF/Lib/Driver/USART/drv_usart.cpp.obj
                0x240014d8                USART6_Manage_Object
 .bss.UART5_Manage_Object
                0x240018e4      0x40c CMakeFiles/project.elf.dir/Core/XTYF/Lib/Driver/USART/drv_usart.cpp.obj
                0x240018e4                UART5_Manage_Object
 .bss.UART4_Manage_Object
                0x24001cf0      0x40c CMakeFiles/project.elf.dir/Core/XTYF/Lib/Driver/USART/drv_usart.cpp.obj
                0x24001cf0                UART4_Manage_Object
 .bss.USART3_Manage_Object
                0x240020fc      0x40c CMakeFiles/project.elf.dir/Core/XTYF/Lib/Driver/USART/drv_usart.cpp.obj
                0x240020fc                USART3_Manage_Object
 .bss.USART2_Manage_Object
                0x24002508      0x40c CMakeFiles/project.elf.dir/Core/XTYF/Lib/Driver/USART/drv_usart.cpp.obj
                0x24002508                USART2_Manage_Object
 .bss.USART1_Manage_Object
                0x24002914      0x40c CMakeFiles/project.elf.dir/Core/XTYF/Lib/Driver/USART/drv_usart.cpp.obj
                0x24002914                USART1_Manage_Object
 .bss.VOFA_Data
                0x24002d20       0x28 CMakeFiles/project.elf.dir/Core/XTYF/Robot/Task/task.cpp.obj
                0x24002d20                VOFA_Data
 .bss.init_finished
                0x24002d48        0x1 CMakeFiles/project.elf.dir/Core/XTYF/Robot/Task/task.cpp.obj
                0x24002d48                init_finished
 *fill*         0x24002d49        0x3 
 .bss.VOFA      0x24002d4c       0x38 CMakeFiles/project.elf.dir/Core/XTYF/Robot/Task/task.cpp.obj
                0x24002d4c                VOFA
 .bss.DR16      0x24002d84       0x64 CMakeFiles/project.elf.dir/Core/XTYF/Robot/Task/task.cpp.obj
                0x24002d84                DR16
 .bss.uwTick    0x24002de8        0x4 CMakeFiles/project.elf.dir/Drivers/STM32H7xx_HAL_Driver/Src/stm32h7xx_hal.c.obj
                0x24002de8                uwTick
 .bss.__sf      0x24002dec      0x138 D:/ClionToolchains/gcc-arm-none-eabi-10.3-2021.10/bin/../lib/gcc/arm-none-eabi/13.3.1/thumb/v7e-m+fp/hard\libg.a(libc_a-findfp.o)
                0x24002dec                __sf
 .bss.errno     0x24002f24        0x4 D:/ClionToolchains/gcc-arm-none-eabi-10.3-2021.10/bin/../lib/gcc/arm-none-eabi/13.3.1/thumb/v7e-m+fp/hard\libg.a(libc_a-reent.o)
                0x24002f24                errno
 .bss.__lock___atexit_recursive_mutex
                0x24002f28        0x1 D:/ClionToolchains/gcc-arm-none-eabi-10.3-2021.10/bin/../lib/gcc/arm-none-eabi/13.3.1/thumb/v7e-m+fp/hard\libg.a(libc_a-lock.o)
                0x24002f28                __lock___atexit_recursive_mutex
 *fill*         0x24002f29        0x3 
 .bss.__atexit  0x24002f2c        0x4 D:/ClionToolchains/gcc-arm-none-eabi-10.3-2021.10/bin/../lib/gcc/arm-none-eabi/13.3.1/thumb/v7e-m+fp/hard\libg.a(libc_a-__call_atexit.o)
                0x24002f2c                __atexit
 .bss.__atexit0
                0x24002f30      0x190 D:/ClionToolchains/gcc-arm-none-eabi-10.3-2021.10/bin/../lib/gcc/arm-none-eabi/13.3.1/thumb/v7e-m+fp/hard\libg.a(libc_a-__atexit.o)
                0x24002f30                __atexit0
 *(COMMON)
                0x240030c0                        . = ALIGN (0x4)
                0x240030c0                        _ebss = .
                0x240030c0                        __bss_end__ = _ebss

._user_heap_stack
                0x240030c0      0x600 load address 0x08007d98
                0x240030c0                        . = ALIGN (0x8)
                [!provide]                        PROVIDE (end = .)
                0x240030c0                        PROVIDE (_end = .)
                0x240032c0                        . = (. + _Min_Heap_Size)
 *fill*         0x240030c0      0x200 
                0x240036c0                        . = (. + _Min_Stack_Size)
 *fill*         0x240032c0      0x400 
                0x240036c0                        . = ALIGN (0x8)

/DISCARD/
 libc.a(*)
 libm.a(*)
 libgcc.a(*)

.ARM.attributes
                0x00000000       0x30
 *(.ARM.attributes)
 .ARM.attributes
                0x00000000       0x22 D:/ClionToolchains/gcc-arm-none-eabi-10.3-2021.10/bin/../lib/gcc/arm-none-eabi/13.3.1/thumb/v7e-m+fp/hard/crti.o
 .ARM.attributes
                0x00000022       0x34 D:/ClionToolchains/gcc-arm-none-eabi-10.3-2021.10/bin/../lib/gcc/arm-none-eabi/13.3.1/thumb/v7e-m+fp/hard/crtbegin.o
 .ARM.attributes
                0x00000056       0x34 CMakeFiles/project.elf.dir/Core/Src/dma.c.obj
 .ARM.attributes
                0x0000008a       0x34 CMakeFiles/project.elf.dir/Core/Src/fdcan.c.obj
 .ARM.attributes
                0x000000be       0x34 CMakeFiles/project.elf.dir/Core/Src/gpio.c.obj
 .ARM.attributes
                0x000000f2       0x34 CMakeFiles/project.elf.dir/Core/Src/main.c.obj
 .ARM.attributes
                0x00000126       0x34 CMakeFiles/project.elf.dir/Core/Src/stm32h7xx_hal_msp.c.obj
 .ARM.attributes
                0x0000015a       0x34 CMakeFiles/project.elf.dir/Core/Src/stm32h7xx_it.c.obj
 .ARM.attributes
                0x0000018e       0x34 CMakeFiles/project.elf.dir/Core/Src/system_stm32h7xx.c.obj
 .ARM.attributes
                0x000001c2       0x34 CMakeFiles/project.elf.dir/Core/Src/usart.c.obj
 .ARM.attributes
                0x000001f6       0x21 CMakeFiles/project.elf.dir/Core/Startup/startup_stm32h723vgtx.s.obj
 .ARM.attributes
                0x00000217       0x34 CMakeFiles/project.elf.dir/Core/XTYF/Lib/Device/DR16/dvc_dr16.cpp.obj
 .ARM.attributes
                0x0000024b       0x34 CMakeFiles/project.elf.dir/Core/XTYF/Lib/Device/VOFA/dvc_vofa.cpp.obj
 .ARM.attributes
                0x0000027f       0x34 CMakeFiles/project.elf.dir/Core/XTYF/Lib/Driver/USART/drv_usart.cpp.obj
 .ARM.attributes
                0x000002b3       0x34 CMakeFiles/project.elf.dir/Core/XTYF/Robot/Task/task.cpp.obj
 .ARM.attributes
                0x000002e7       0x34 CMakeFiles/project.elf.dir/Drivers/STM32H7xx_HAL_Driver/Src/stm32h7xx_hal.c.obj
 .ARM.attributes
                0x0000031b       0x34 CMakeFiles/project.elf.dir/Drivers/STM32H7xx_HAL_Driver/Src/stm32h7xx_hal_cortex.c.obj
 .ARM.attributes
                0x0000034f       0x34 CMakeFiles/project.elf.dir/Drivers/STM32H7xx_HAL_Driver/Src/stm32h7xx_hal_dma.c.obj
 .ARM.attributes
                0x00000383       0x34 CMakeFiles/project.elf.dir/Drivers/STM32H7xx_HAL_Driver/Src/stm32h7xx_hal_fdcan.c.obj
 .ARM.attributes
                0x000003b7       0x34 CMakeFiles/project.elf.dir/Drivers/STM32H7xx_HAL_Driver/Src/stm32h7xx_hal_gpio.c.obj
 .ARM.attributes
                0x000003eb       0x34 CMakeFiles/project.elf.dir/Drivers/STM32H7xx_HAL_Driver/Src/stm32h7xx_hal_pwr_ex.c.obj
 .ARM.attributes
                0x0000041f       0x34 CMakeFiles/project.elf.dir/Drivers/STM32H7xx_HAL_Driver/Src/stm32h7xx_hal_rcc.c.obj
 .ARM.attributes
                0x00000453       0x34 CMakeFiles/project.elf.dir/Drivers/STM32H7xx_HAL_Driver/Src/stm32h7xx_hal_rcc_ex.c.obj
 .ARM.attributes
                0x00000487       0x34 CMakeFiles/project.elf.dir/Drivers/STM32H7xx_HAL_Driver/Src/stm32h7xx_hal_uart.c.obj
 .ARM.attributes
                0x000004bb       0x34 CMakeFiles/project.elf.dir/Drivers/STM32H7xx_HAL_Driver/Src/stm32h7xx_hal_uart_ex.c.obj
 .ARM.attributes
                0x000004ef       0x22 D:/ClionToolchains/gcc-arm-none-eabi-10.3-2021.10/bin/../lib/gcc/arm-none-eabi/13.3.1/thumb/v7e-m+fp/hard\libgcc.a(_aeabi_uldivmod.o)
 .ARM.attributes
                0x00000511       0x34 D:/ClionToolchains/gcc-arm-none-eabi-10.3-2021.10/bin/../lib/gcc/arm-none-eabi/13.3.1/thumb/v7e-m+fp/hard\libgcc.a(_udivmoddi4.o)
 .ARM.attributes
                0x00000545       0x34 D:/ClionToolchains/gcc-arm-none-eabi-10.3-2021.10/bin/../lib/gcc/arm-none-eabi/13.3.1/thumb/v7e-m+fp/hard\libgcc.a(unwind-arm.o)
 .ARM.attributes
                0x00000579       0x22 D:/ClionToolchains/gcc-arm-none-eabi-10.3-2021.10/bin/../lib/gcc/arm-none-eabi/13.3.1/thumb/v7e-m+fp/hard\libgcc.a(libunwind.o)
 .ARM.attributes
                0x0000059b       0x34 D:/ClionToolchains/gcc-arm-none-eabi-10.3-2021.10/bin/../lib/gcc/arm-none-eabi/13.3.1/thumb/v7e-m+fp/hard\libgcc.a(pr-support.o)
 .ARM.attributes
                0x000005cf       0x22 D:/ClionToolchains/gcc-arm-none-eabi-10.3-2021.10/bin/../lib/gcc/arm-none-eabi/13.3.1/thumb/v7e-m+fp/hard\libgcc.a(_dvmd_tls.o)
 .ARM.attributes
                0x000005f1       0x34 D:/ClionToolchains/gcc-arm-none-eabi-10.3-2021.10/bin/../lib/gcc/arm-none-eabi/13.3.1/thumb/v7e-m+fp/hard\libg.a(libc_a-abort.o)
 .ARM.attributes
                0x00000625       0x34 D:/ClionToolchains/gcc-arm-none-eabi-10.3-2021.10/bin/../lib/gcc/arm-none-eabi/13.3.1/thumb/v7e-m+fp/hard\libg.a(libc_a-findfp.o)
 .ARM.attributes
                0x00000659       0x34 D:/ClionToolchains/gcc-arm-none-eabi-10.3-2021.10/bin/../lib/gcc/arm-none-eabi/13.3.1/thumb/v7e-m+fp/hard\libg.a(libc_a-memset.o)
 .ARM.attributes
                0x0000068d       0x34 D:/ClionToolchains/gcc-arm-none-eabi-10.3-2021.10/bin/../lib/gcc/arm-none-eabi/13.3.1/thumb/v7e-m+fp/hard\libg.a(libc_a-signal.o)
 .ARM.attributes
                0x000006c1       0x34 D:/ClionToolchains/gcc-arm-none-eabi-10.3-2021.10/bin/../lib/gcc/arm-none-eabi/13.3.1/thumb/v7e-m+fp/hard\libg.a(libc_a-reent.o)
 .ARM.attributes
                0x000006f5       0x34 D:/ClionToolchains/gcc-arm-none-eabi-10.3-2021.10/bin/../lib/gcc/arm-none-eabi/13.3.1/thumb/v7e-m+fp/hard\libg.a(libc_a-impure.o)
 .ARM.attributes
                0x00000729       0x34 D:/ClionToolchains/gcc-arm-none-eabi-10.3-2021.10/bin/../lib/gcc/arm-none-eabi/13.3.1/thumb/v7e-m+fp/hard\libg.a(libc_a-signalr.o)
 .ARM.attributes
                0x0000075d       0x34 D:/ClionToolchains/gcc-arm-none-eabi-10.3-2021.10/bin/../lib/gcc/arm-none-eabi/13.3.1/thumb/v7e-m+fp/hard\libg.a(libc_a-errno.o)
 .ARM.attributes
                0x00000791       0x34 D:/ClionToolchains/gcc-arm-none-eabi-10.3-2021.10/bin/../lib/gcc/arm-none-eabi/13.3.1/thumb/v7e-m+fp/hard\libg.a(libc_a-init.o)
 .ARM.attributes
                0x000007c5       0x34 D:/ClionToolchains/gcc-arm-none-eabi-10.3-2021.10/bin/../lib/gcc/arm-none-eabi/13.3.1/thumb/v7e-m+fp/hard\libg.a(libc_a-lock.o)
 .ARM.attributes
                0x000007f9       0x20 D:/ClionToolchains/gcc-arm-none-eabi-10.3-2021.10/bin/../lib/gcc/arm-none-eabi/13.3.1/thumb/v7e-m+fp/hard\libg.a(libc_a-memcpy.o)
 .ARM.attributes
                0x00000819       0x34 D:/ClionToolchains/gcc-arm-none-eabi-10.3-2021.10/bin/../lib/gcc/arm-none-eabi/13.3.1/thumb/v7e-m+fp/hard\libg.a(libc_a-__call_atexit.o)
 .ARM.attributes
                0x0000084d       0x34 D:/ClionToolchains/gcc-arm-none-eabi-10.3-2021.10/bin/../lib/gcc/arm-none-eabi/13.3.1/thumb/v7e-m+fp/hard\libg.a(libc_a-atexit.o)
 .ARM.attributes
                0x00000881       0x34 D:/ClionToolchains/gcc-arm-none-eabi-10.3-2021.10/bin/../lib/gcc/arm-none-eabi/13.3.1/thumb/v7e-m+fp/hard\libg.a(libc_a-fini.o)
 .ARM.attributes
                0x000008b5       0x34 D:/ClionToolchains/gcc-arm-none-eabi-10.3-2021.10/bin/../lib/gcc/arm-none-eabi/13.3.1/thumb/v7e-m+fp/hard\libg.a(libc_a-__atexit.o)
 .ARM.attributes
                0x000008e9       0x34 D:/ClionToolchains/gcc-arm-none-eabi-10.3-2021.10/bin/../lib/gcc/arm-none-eabi/13.3.1/thumb/v7e-m+fp/hard/crtend.o
 .ARM.attributes
                0x0000091d       0x22 D:/ClionToolchains/gcc-arm-none-eabi-10.3-2021.10/bin/../lib/gcc/arm-none-eabi/13.3.1/thumb/v7e-m+fp/hard/crtn.o
OUTPUT(project.elf elf32-littlearm)
LOAD linker stubs
LOAD D:/ClionToolchains/gcc-arm-none-eabi-10.3-2021.10/bin/../lib/gcc/arm-none-eabi/13.3.1/thumb/v7e-m+fp/hard\libc.a
LOAD D:/ClionToolchains/gcc-arm-none-eabi-10.3-2021.10/bin/../lib/gcc/arm-none-eabi/13.3.1/thumb/v7e-m+fp/hard\libm.a
LOAD D:/ClionToolchains/gcc-arm-none-eabi-10.3-2021.10/bin/../lib/gcc/arm-none-eabi/13.3.1/thumb/v7e-m+fp/hard\libgcc.a

.debug_info     0x00000000    0x235ce
 .debug_info    0x00000000      0x8a3 CMakeFiles/project.elf.dir/Core/Src/dma.c.obj
 .debug_info    0x000008a3     0x1640 CMakeFiles/project.elf.dir/Core/Src/fdcan.c.obj
 .debug_info    0x00001ee3      0x4af CMakeFiles/project.elf.dir/Core/Src/gpio.c.obj
 .debug_info    0x00002392      0x68d CMakeFiles/project.elf.dir/Core/Src/main.c.obj
 .debug_info    0x00002a1f      0x460 CMakeFiles/project.elf.dir/Core/Src/stm32h7xx_hal_msp.c.obj
 .debug_info    0x00002e7f     0x10cf CMakeFiles/project.elf.dir/Core/Src/stm32h7xx_it.c.obj
 .debug_info    0x00003f4e      0xc19 CMakeFiles/project.elf.dir/Core/Src/system_stm32h7xx.c.obj
 .debug_info    0x00004b67     0x18ec CMakeFiles/project.elf.dir/Core/Src/usart.c.obj
 .debug_info    0x00006453       0x30 CMakeFiles/project.elf.dir/Core/Startup/startup_stm32h723vgtx.s.obj
 .debug_info    0x00006483     0x28c2 CMakeFiles/project.elf.dir/Core/XTYF/Lib/Device/DR16/dvc_dr16.cpp.obj
 .debug_info    0x00008d45     0x2927 CMakeFiles/project.elf.dir/Core/XTYF/Lib/Device/VOFA/dvc_vofa.cpp.obj
 .debug_info    0x0000b66c     0x2712 CMakeFiles/project.elf.dir/Core/XTYF/Lib/Driver/USART/drv_usart.cpp.obj
 .debug_info    0x0000dd7e     0x2f87 CMakeFiles/project.elf.dir/Core/XTYF/Robot/Task/task.cpp.obj
 .debug_info    0x00010d05     0x1796 CMakeFiles/project.elf.dir/Drivers/STM32H7xx_HAL_Driver/Src/stm32h7xx_hal.c.obj
 .debug_info    0x0001249b     0x130e CMakeFiles/project.elf.dir/Drivers/STM32H7xx_HAL_Driver/Src/stm32h7xx_hal_cortex.c.obj
 .debug_info    0x000137a9      0xe90 CMakeFiles/project.elf.dir/Drivers/STM32H7xx_HAL_Driver/Src/stm32h7xx_hal_dma.c.obj
 .debug_info    0x00014639     0x3275 CMakeFiles/project.elf.dir/Drivers/STM32H7xx_HAL_Driver/Src/stm32h7xx_hal_fdcan.c.obj
 .debug_info    0x000178ae      0xca7 CMakeFiles/project.elf.dir/Drivers/STM32H7xx_HAL_Driver/Src/stm32h7xx_hal_gpio.c.obj
 .debug_info    0x00018555      0xf2c CMakeFiles/project.elf.dir/Drivers/STM32H7xx_HAL_Driver/Src/stm32h7xx_hal_pwr_ex.c.obj
 .debug_info    0x00019481     0x1046 CMakeFiles/project.elf.dir/Drivers/STM32H7xx_HAL_Driver/Src/stm32h7xx_hal_rcc.c.obj
 .debug_info    0x0001a4c7     0x1984 CMakeFiles/project.elf.dir/Drivers/STM32H7xx_HAL_Driver/Src/stm32h7xx_hal_rcc_ex.c.obj
 .debug_info    0x0001be4b     0x655d CMakeFiles/project.elf.dir/Drivers/STM32H7xx_HAL_Driver/Src/stm32h7xx_hal_uart.c.obj
 .debug_info    0x000223a8     0x1226 CMakeFiles/project.elf.dir/Drivers/STM32H7xx_HAL_Driver/Src/stm32h7xx_hal_uart_ex.c.obj

.debug_abbrev   0x00000000     0x3a50
 .debug_abbrev  0x00000000      0x13b CMakeFiles/project.elf.dir/Core/Src/dma.c.obj
 .debug_abbrev  0x0000013b      0x225 CMakeFiles/project.elf.dir/Core/Src/fdcan.c.obj
 .debug_abbrev  0x00000360       0xe6 CMakeFiles/project.elf.dir/Core/Src/gpio.c.obj
 .debug_abbrev  0x00000446      0x223 CMakeFiles/project.elf.dir/Core/Src/main.c.obj
 .debug_abbrev  0x00000669       0xd9 CMakeFiles/project.elf.dir/Core/Src/stm32h7xx_hal_msp.c.obj
 .debug_abbrev  0x00000742      0x1ca CMakeFiles/project.elf.dir/Core/Src/stm32h7xx_it.c.obj
 .debug_abbrev  0x0000090c      0x157 CMakeFiles/project.elf.dir/Core/Src/system_stm32h7xx.c.obj
 .debug_abbrev  0x00000a63      0x2a5 CMakeFiles/project.elf.dir/Core/Src/usart.c.obj
 .debug_abbrev  0x00000d08       0x24 CMakeFiles/project.elf.dir/Core/Startup/startup_stm32h723vgtx.s.obj
 .debug_abbrev  0x00000d2c      0x3f7 CMakeFiles/project.elf.dir/Core/XTYF/Lib/Device/DR16/dvc_dr16.cpp.obj
 .debug_abbrev  0x00001123      0x473 CMakeFiles/project.elf.dir/Core/XTYF/Lib/Device/VOFA/dvc_vofa.cpp.obj
 .debug_abbrev  0x00001596      0x32c CMakeFiles/project.elf.dir/Core/XTYF/Lib/Driver/USART/drv_usart.cpp.obj
 .debug_abbrev  0x000018c2      0x4e7 CMakeFiles/project.elf.dir/Core/XTYF/Robot/Task/task.cpp.obj
 .debug_abbrev  0x00001da9      0x2c3 CMakeFiles/project.elf.dir/Drivers/STM32H7xx_HAL_Driver/Src/stm32h7xx_hal.c.obj
 .debug_abbrev  0x0000206c      0x3ad CMakeFiles/project.elf.dir/Drivers/STM32H7xx_HAL_Driver/Src/stm32h7xx_hal_cortex.c.obj
 .debug_abbrev  0x00002419      0x29c CMakeFiles/project.elf.dir/Drivers/STM32H7xx_HAL_Driver/Src/stm32h7xx_hal_dma.c.obj
 .debug_abbrev  0x000026b5      0x2be CMakeFiles/project.elf.dir/Drivers/STM32H7xx_HAL_Driver/Src/stm32h7xx_hal_fdcan.c.obj
 .debug_abbrev  0x00002973      0x255 CMakeFiles/project.elf.dir/Drivers/STM32H7xx_HAL_Driver/Src/stm32h7xx_hal_gpio.c.obj
 .debug_abbrev  0x00002bc8      0x2b5 CMakeFiles/project.elf.dir/Drivers/STM32H7xx_HAL_Driver/Src/stm32h7xx_hal_pwr_ex.c.obj
 .debug_abbrev  0x00002e7d      0x294 CMakeFiles/project.elf.dir/Drivers/STM32H7xx_HAL_Driver/Src/stm32h7xx_hal_rcc.c.obj
 .debug_abbrev  0x00003111      0x282 CMakeFiles/project.elf.dir/Drivers/STM32H7xx_HAL_Driver/Src/stm32h7xx_hal_rcc_ex.c.obj
 .debug_abbrev  0x00003393      0x37a CMakeFiles/project.elf.dir/Drivers/STM32H7xx_HAL_Driver/Src/stm32h7xx_hal_uart.c.obj
 .debug_abbrev  0x0000370d      0x343 CMakeFiles/project.elf.dir/Drivers/STM32H7xx_HAL_Driver/Src/stm32h7xx_hal_uart_ex.c.obj

.debug_aranges  0x00000000      0xfb8
 .debug_aranges
                0x00000000       0x20 CMakeFiles/project.elf.dir/Core/Src/dma.c.obj
 .debug_aranges
                0x00000020       0x30 CMakeFiles/project.elf.dir/Core/Src/fdcan.c.obj
 .debug_aranges
                0x00000050       0x20 CMakeFiles/project.elf.dir/Core/Src/gpio.c.obj
 .debug_aranges
                0x00000070       0x38 CMakeFiles/project.elf.dir/Core/Src/main.c.obj
 .debug_aranges
                0x000000a8       0x20 CMakeFiles/project.elf.dir/Core/Src/stm32h7xx_hal_msp.c.obj
 .debug_aranges
                0x000000c8       0x98 CMakeFiles/project.elf.dir/Core/Src/stm32h7xx_it.c.obj
 .debug_aranges
                0x00000160       0x30 CMakeFiles/project.elf.dir/Core/Src/system_stm32h7xx.c.obj
 .debug_aranges
                0x00000190       0x38 CMakeFiles/project.elf.dir/Core/Src/usart.c.obj
 .debug_aranges
                0x000001c8       0x28 CMakeFiles/project.elf.dir/Core/Startup/startup_stm32h723vgtx.s.obj
 .debug_aranges
                0x000001f0       0x50 CMakeFiles/project.elf.dir/Core/XTYF/Lib/Device/DR16/dvc_dr16.cpp.obj
 .debug_aranges
                0x00000240       0x50 CMakeFiles/project.elf.dir/Core/XTYF/Lib/Device/VOFA/dvc_vofa.cpp.obj
 .debug_aranges
                0x00000290       0x40 CMakeFiles/project.elf.dir/Core/XTYF/Lib/Driver/USART/drv_usart.cpp.obj
 .debug_aranges
                0x000002d0       0x40 CMakeFiles/project.elf.dir/Core/XTYF/Robot/Task/task.cpp.obj
 .debug_aranges
                0x00000310      0x1c8 CMakeFiles/project.elf.dir/Drivers/STM32H7xx_HAL_Driver/Src/stm32h7xx_hal.c.obj
 .debug_aranges
                0x000004d8       0xf8 CMakeFiles/project.elf.dir/Drivers/STM32H7xx_HAL_Driver/Src/stm32h7xx_hal_cortex.c.obj
 .debug_aranges
                0x000005d0       0xa0 CMakeFiles/project.elf.dir/Drivers/STM32H7xx_HAL_Driver/Src/stm32h7xx_hal_dma.c.obj
 .debug_aranges
                0x00000670      0x338 CMakeFiles/project.elf.dir/Drivers/STM32H7xx_HAL_Driver/Src/stm32h7xx_hal_fdcan.c.obj
 .debug_aranges
                0x000009a8       0x58 CMakeFiles/project.elf.dir/Drivers/STM32H7xx_HAL_Driver/Src/stm32h7xx_hal_gpio.c.obj
 .debug_aranges
                0x00000a00      0x148 CMakeFiles/project.elf.dir/Drivers/STM32H7xx_HAL_Driver/Src/stm32h7xx_hal_pwr_ex.c.obj
 .debug_aranges
                0x00000b48       0x88 CMakeFiles/project.elf.dir/Drivers/STM32H7xx_HAL_Driver/Src/stm32h7xx_hal_rcc.c.obj
 .debug_aranges
                0x00000bd0       0xf8 CMakeFiles/project.elf.dir/Drivers/STM32H7xx_HAL_Driver/Src/stm32h7xx_hal_rcc_ex.c.obj
 .debug_aranges
                0x00000cc8      0x248 CMakeFiles/project.elf.dir/Drivers/STM32H7xx_HAL_Driver/Src/stm32h7xx_hal_uart.c.obj
 .debug_aranges
                0x00000f10       0xa8 CMakeFiles/project.elf.dir/Drivers/STM32H7xx_HAL_Driver/Src/stm32h7xx_hal_uart_ex.c.obj

.debug_rnglists
                0x00000000      0xc64
 .debug_rnglists
                0x00000000       0x13 CMakeFiles/project.elf.dir/Core/Src/dma.c.obj
 .debug_rnglists
                0x00000013       0x20 CMakeFiles/project.elf.dir/Core/Src/fdcan.c.obj
 .debug_rnglists
                0x00000033       0x13 CMakeFiles/project.elf.dir/Core/Src/gpio.c.obj
 .debug_rnglists
                0x00000046       0x26 CMakeFiles/project.elf.dir/Core/Src/main.c.obj
 .debug_rnglists
                0x0000006c       0x13 CMakeFiles/project.elf.dir/Core/Src/stm32h7xx_hal_msp.c.obj
 .debug_rnglists
                0x0000007f       0x6d CMakeFiles/project.elf.dir/Core/Src/stm32h7xx_it.c.obj
 .debug_rnglists
                0x000000ec       0x21 CMakeFiles/project.elf.dir/Core/Src/system_stm32h7xx.c.obj
 .debug_rnglists
                0x0000010d       0x27 CMakeFiles/project.elf.dir/Core/Src/usart.c.obj
 .debug_rnglists
                0x00000134       0x19 CMakeFiles/project.elf.dir/Core/Startup/startup_stm32h723vgtx.s.obj
 .debug_rnglists
                0x0000014d       0x39 CMakeFiles/project.elf.dir/Core/XTYF/Lib/Device/DR16/dvc_dr16.cpp.obj
 .debug_rnglists
                0x00000186       0x38 CMakeFiles/project.elf.dir/Core/XTYF/Lib/Device/VOFA/dvc_vofa.cpp.obj
 .debug_rnglists
                0x000001be       0x2f CMakeFiles/project.elf.dir/Core/XTYF/Lib/Driver/USART/drv_usart.cpp.obj
 .debug_rnglists
                0x000001ed       0x2b CMakeFiles/project.elf.dir/Core/XTYF/Robot/Task/task.cpp.obj
 .debug_rnglists
                0x00000218      0x153 CMakeFiles/project.elf.dir/Drivers/STM32H7xx_HAL_Driver/Src/stm32h7xx_hal.c.obj
 .debug_rnglists
                0x0000036b       0xb5 CMakeFiles/project.elf.dir/Drivers/STM32H7xx_HAL_Driver/Src/stm32h7xx_hal_cortex.c.obj
 .debug_rnglists
                0x00000420       0x8b CMakeFiles/project.elf.dir/Drivers/STM32H7xx_HAL_Driver/Src/stm32h7xx_hal_dma.c.obj
 .debug_rnglists
                0x000004ab      0x29a CMakeFiles/project.elf.dir/Drivers/STM32H7xx_HAL_Driver/Src/stm32h7xx_hal_fdcan.c.obj
 .debug_rnglists
                0x00000745       0x3f CMakeFiles/project.elf.dir/Drivers/STM32H7xx_HAL_Driver/Src/stm32h7xx_hal_gpio.c.obj
 .debug_rnglists
                0x00000784      0x125 CMakeFiles/project.elf.dir/Drivers/STM32H7xx_HAL_Driver/Src/stm32h7xx_hal_pwr_ex.c.obj
 .debug_rnglists
                0x000008a9       0xa9 CMakeFiles/project.elf.dir/Drivers/STM32H7xx_HAL_Driver/Src/stm32h7xx_hal_rcc.c.obj
 .debug_rnglists
                0x00000952       0xbf CMakeFiles/project.elf.dir/Drivers/STM32H7xx_HAL_Driver/Src/stm32h7xx_hal_rcc_ex.c.obj
 .debug_rnglists
                0x00000a11      0x1cb CMakeFiles/project.elf.dir/Drivers/STM32H7xx_HAL_Driver/Src/stm32h7xx_hal_uart.c.obj
 .debug_rnglists
                0x00000bdc       0x88 CMakeFiles/project.elf.dir/Drivers/STM32H7xx_HAL_Driver/Src/stm32h7xx_hal_uart_ex.c.obj

.debug_line     0x00000000    0x14eb6
 .debug_line    0x00000000      0x20f CMakeFiles/project.elf.dir/Core/Src/dma.c.obj
 .debug_line    0x0000020f      0x498 CMakeFiles/project.elf.dir/Core/Src/fdcan.c.obj
 .debug_line    0x000006a7      0x1b3 CMakeFiles/project.elf.dir/Core/Src/gpio.c.obj
 .debug_line    0x0000085a      0x532 CMakeFiles/project.elf.dir/Core/Src/main.c.obj
 .debug_line    0x00000d8c      0x1ae CMakeFiles/project.elf.dir/Core/Src/stm32h7xx_hal_msp.c.obj
 .debug_line    0x00000f3a      0x3dc CMakeFiles/project.elf.dir/Core/Src/stm32h7xx_it.c.obj
 .debug_line    0x00001316      0x505 CMakeFiles/project.elf.dir/Core/Src/system_stm32h7xx.c.obj
 .debug_line    0x0000181b      0x6ea CMakeFiles/project.elf.dir/Core/Src/usart.c.obj
 .debug_line    0x00001f05       0x7b CMakeFiles/project.elf.dir/Core/Startup/startup_stm32h723vgtx.s.obj
 .debug_line    0x00001f80      0x818 CMakeFiles/project.elf.dir/Core/XTYF/Lib/Device/DR16/dvc_dr16.cpp.obj