Archive member included to satisfy reference by file (symbol)

D:/ClionToolchains/gcc-arm-none-eabi-10.3-2021.10/bin/../lib/gcc/arm-none-eabi/13.3.1/thumb/v7e-m+fp/hard\libgcc.a(_aeabi_uldivmod.o)
                              CMakeFiles/project.elf.dir/Drivers/STM32H7xx_HAL_Driver/Src/stm32h7xx_hal_uart.c.obj (__aeabi_uldivmod)
D:/ClionToolchains/gcc-arm-none-eabi-10.3-2021.10/bin/../lib/gcc/arm-none-eabi/13.3.1/thumb/v7e-m+fp/hard\libgcc.a(_udivmoddi4.o)
                              D:/ClionToolchains/gcc-arm-none-eabi-10.3-2021.10/bin/../lib/gcc/arm-none-eabi/13.3.1/thumb/v7e-m+fp/hard\libgcc.a(_aeabi_uldivmod.o) (__udivmoddi4)
D:/ClionToolchains/gcc-arm-none-eabi-10.3-2021.10/bin/../lib/gcc/arm-none-eabi/13.3.1/thumb/v7e-m+fp/hard\libgcc.a(unwind-arm.o)
                              CMakeFiles/project.elf.dir/Core/XTYF/Lib/Device/DR16/dvc_dr16.cpp.obj (__aeabi_unwind_cpp_pr0)
D:/ClionToolchains/gcc-arm-none-eabi-10.3-2021.10/bin/../lib/gcc/arm-none-eabi/13.3.1/thumb/v7e-m+fp/hard\libgcc.a(libunwind.o)
                              D:/ClionToolchains/gcc-arm-none-eabi-10.3-2021.10/bin/../lib/gcc/arm-none-eabi/13.3.1/thumb/v7e-m+fp/hard\libgcc.a(unwind-arm.o) (restore_core_regs)
D:/ClionToolchains/gcc-arm-none-eabi-10.3-2021.10/bin/../lib/gcc/arm-none-eabi/13.3.1/thumb/v7e-m+fp/hard\libgcc.a(pr-support.o)
                              D:/ClionToolchains/gcc-arm-none-eabi-10.3-2021.10/bin/../lib/gcc/arm-none-eabi/13.3.1/thumb/v7e-m+fp/hard\libgcc.a(unwind-arm.o) (__gnu_unwind_execute)
D:/ClionToolchains/gcc-arm-none-eabi-10.3-2021.10/bin/../lib/gcc/arm-none-eabi/13.3.1/thumb/v7e-m+fp/hard\libgcc.a(_dvmd_tls.o)
                              D:/ClionToolchains/gcc-arm-none-eabi-10.3-2021.10/bin/../lib/gcc/arm-none-eabi/13.3.1/thumb/v7e-m+fp/hard\libgcc.a(_aeabi_uldivmod.o) (__aeabi_ldiv0)
D:/ClionToolchains/gcc-arm-none-eabi-10.3-2021.10/bin/../lib/gcc/arm-none-eabi/13.3.1/thumb/v7e-m+fp/hard\libg.a(libc_a-abort.o)
                              D:/ClionToolchains/gcc-arm-none-eabi-10.3-2021.10/bin/../lib/gcc/arm-none-eabi/13.3.1/thumb/v7e-m+fp/hard\libgcc.a(unwind-arm.o) (abort)
D:/ClionToolchains/gcc-arm-none-eabi-10.3-2021.10/bin/../lib/gcc/arm-none-eabi/13.3.1/thumb/v7e-m+fp/hard\libg.a(libc_a-exit.o)
                              D:/ClionToolchains/gcc-arm-none-eabi-10.3-2021.10/bin/../lib/gcc/arm-none-eabi/13.3.1/thumb/v7e-m+fp/hard/crt0.o (exit)
D:/ClionToolchains/gcc-arm-none-eabi-10.3-2021.10/bin/../lib/gcc/arm-none-eabi/13.3.1/thumb/v7e-m+fp/hard\libg.a(libc_a-strtod.o)
                              CMakeFiles/project.elf.dir/Core/XTYF/Lib/Device/VOFA/dvc_vofa.cpp.obj (strtof)
D:/ClionToolchains/gcc-arm-none-eabi-10.3-2021.10/bin/../lib/gcc/arm-none-eabi/13.3.1/thumb/v7e-m+fp/hard\libg.a(libc_a-findfp.o)
                              D:/ClionToolchains/gcc-arm-none-eabi-10.3-2021.10/bin/../lib/gcc/arm-none-eabi/13.3.1/thumb/v7e-m+fp/hard\libg.a(libc_a-exit.o) (__stdio_exit_handler)
D:/ClionToolchains/gcc-arm-none-eabi-10.3-2021.10/bin/../lib/gcc/arm-none-eabi/13.3.1/thumb/v7e-m+fp/hard\libg.a(libc_a-fwalk.o)
                              D:/ClionToolchains/gcc-arm-none-eabi-10.3-2021.10/bin/../lib/gcc/arm-none-eabi/13.3.1/thumb/v7e-m+fp/hard\libg.a(libc_a-findfp.o) (_fwalk_sglue)
D:/ClionToolchains/gcc-arm-none-eabi-10.3-2021.10/bin/../lib/gcc/arm-none-eabi/13.3.1/thumb/v7e-m+fp/hard\libg.a(libc_a-stdio.o)
                              D:/ClionToolchains/gcc-arm-none-eabi-10.3-2021.10/bin/../lib/gcc/arm-none-eabi/13.3.1/thumb/v7e-m+fp/hard\libg.a(libc_a-findfp.o) (__sread)
D:/ClionToolchains/gcc-arm-none-eabi-10.3-2021.10/bin/../lib/gcc/arm-none-eabi/13.3.1/thumb/v7e-m+fp/hard\libg.a(libc_a-memset.o)
                              D:/ClionToolchains/gcc-arm-none-eabi-10.3-2021.10/bin/../lib/gcc/arm-none-eabi/13.3.1/thumb/v7e-m+fp/hard/crt0.o (memset)
D:/ClionToolchains/gcc-arm-none-eabi-10.3-2021.10/bin/../lib/gcc/arm-none-eabi/13.3.1/thumb/v7e-m+fp/hard\libg.a(libc_a-strncmp.o)
                              D:/ClionToolchains/gcc-arm-none-eabi-10.3-2021.10/bin/../lib/gcc/arm-none-eabi/13.3.1/thumb/v7e-m+fp/hard\libg.a(libc_a-strtod.o) (strncmp)
D:/ClionToolchains/gcc-arm-none-eabi-10.3-2021.10/bin/../lib/gcc/arm-none-eabi/13.3.1/thumb/v7e-m+fp/hard\libg.a(libc_a-signal.o)
                              D:/ClionToolchains/gcc-arm-none-eabi-10.3-2021.10/bin/../lib/gcc/arm-none-eabi/13.3.1/thumb/v7e-m+fp/hard\libg.a(libc_a-abort.o) (raise)
D:/ClionToolchains/gcc-arm-none-eabi-10.3-2021.10/bin/../lib/gcc/arm-none-eabi/13.3.1/thumb/v7e-m+fp/hard\libg.a(libc_a-locale.o)
                              D:/ClionToolchains/gcc-arm-none-eabi-10.3-2021.10/bin/../lib/gcc/arm-none-eabi/13.3.1/thumb/v7e-m+fp/hard\libg.a(libc_a-strtod.o) (__global_locale)
D:/ClionToolchains/gcc-arm-none-eabi-10.3-2021.10/bin/../lib/gcc/arm-none-eabi/13.3.1/thumb/v7e-m+fp/hard\libg.a(libc_a-closer.o)
[...]
Memory Configuration

Name             Origin             Length             Attributes
ITCMRAM          0x00000000         0x00010000         xrw
DTCMRAM          0x20000000         0x00020000         xrw
FLASH            0x08000000         0x00100000         xr
RAM_D1           0x24000000         0x00050000         xrw
RAM_D2           0x30000000         0x00008000         xrw
RAM_D3           0x38000000         0x00004000         xrw
*default*        0x00000000         0xffffffff

Linker script and memory map

LOAD D:/ClionToolchains/gcc-arm-none-eabi-10.3-2021.10/bin/../lib/gcc/arm-none-eabi/13.3.1/thumb/v7e-m+fp/hard/crti.o
LOAD D:/ClionToolchains/gcc-arm-none-eabi-10.3-2021.10/bin/../lib/gcc/arm-none-eabi/13.3.1/thumb/v7e-m+fp/hard/crtbegin.o
LOAD D:/ClionToolchains/gcc-arm-none-eabi-10.3-2021.10/bin/../lib/gcc/arm-none-eabi/13.3.1/thumb/v7e-m+fp/hard/crt0.o
LOAD CMakeFiles/project.elf.dir/Core/Src/dma.c.obj
LOAD CMakeFiles/project.elf.dir/Core/Src/fdcan.c.obj
LOAD CMakeFiles/project.elf.dir/Core/Src/gpio.c.obj
LOAD CMakeFiles/project.elf.dir/Core/Src/main.c.obj
LOAD CMakeFiles/project.elf.dir/Core/Src/memorymap.c.obj
LOAD CMakeFiles/project.elf.dir/Core/Src/stm32h7xx_hal_msp.c.obj
LOAD CMakeFiles/project.elf.dir/Core/Src/stm32h7xx_it.c.obj
LOAD CMakeFiles/project.elf.dir/Core/Src/syscalls.c.obj
LOAD CMakeFiles/project.elf.dir/Core/Src/sysmem.c.obj
LOAD CMakeFiles/project.elf.dir/Core/Src/system_stm32h7xx.c.obj
LOAD CMakeFiles/project.elf.dir/Core/Src/usart.c.obj
LOAD CMakeFiles/project.elf.dir/Core/Startup/startup_stm32h723vgtx.s.obj
LOAD CMakeFiles/project.elf.dir/Core/XTYF/Lib/Device/BMI088/dvc_bmi088.cpp.obj
LOAD CMakeFiles/project.elf.dir/Core/XTYF/Lib/Device/DR16/dvc_dr16.cpp.obj
LOAD CMakeFiles/project.elf.dir/Core/XTYF/Lib/Device/VOFA/dvc_vofa.cpp.obj
LOAD CMakeFiles/project.elf.dir/Core/XTYF/Lib/Driver/CAN/drv_can.cpp.obj
LOAD CMakeFiles/project.elf.dir/Core/XTYF/Lib/Driver/USART/drv_usart.cpp.obj
LOAD CMakeFiles/project.elf.dir/Core/XTYF/Robot/Task/task.cpp.obj
LOAD CMakeFiles/project.elf.dir/Drivers/STM32H7xx_HAL_Driver/Src/stm32h7xx_hal.c.obj
LOAD CMakeFiles/project.elf.dir/Drivers/STM32H7xx_HAL_Driver/Src/stm32h7xx_hal_cortex.c.obj
LOAD CMakeFiles/project.elf.dir/Drivers/STM32H7xx_HAL_Driver/Src/stm32h7xx_hal_dma.c.obj
LOAD CMakeFiles/project.elf.dir/Drivers/STM32H7xx_HAL_Driver/Src/stm32h7xx_hal_dma_ex.c.obj
LOAD CMakeFiles/project.elf.dir/Drivers/STM32H7xx_HAL_Driver/Src/stm32h7xx_hal_exti.c.obj
LOAD CMakeFiles/project.elf.dir/Drivers/STM32H7xx_HAL_Driver/Src/stm32h7xx_hal_fdcan.c.obj
LOAD CMakeFiles/project.elf.dir/Drivers/STM32H7xx_HAL_Driver/Src/stm32h7xx_hal_flash.c.obj
LOAD CMakeFiles/project.elf.dir/Drivers/STM32H7xx_HAL_Driver/Src/stm32h7xx_hal_flash_ex.c.obj
LOAD CMakeFiles/project.elf.dir/Drivers/STM32H7xx_HAL_Driver/Src/stm32h7xx_hal_gpio.c.obj
LOAD CMakeFiles/project.elf.dir/Drivers/STM32H7xx_HAL_Driver/Src/stm32h7xx_hal_hsem.c.obj
LOAD CMakeFiles/project.elf.dir/Drivers/STM32H7xx_HAL_Driver/Src/stm32h7xx_hal_i2c.c.obj
LOAD CMakeFiles/project.elf.dir/Drivers/STM32H7xx_HAL_Driver/Src/stm32h7xx_hal_i2c_ex.c.obj
LOAD CMakeFiles/project.elf.dir/Drivers/STM32H7xx_HAL_Driver/Src/stm32h7xx_hal_mdma.c.obj
LOAD CMakeFiles/project.elf.dir/Drivers/STM32H7xx_HAL_Driver/Src/stm32h7xx_hal_pwr.c.obj
LOAD CMakeFiles/project.elf.dir/Drivers/STM32H7xx_HAL_Driver/Src/stm32h7xx_hal_pwr_ex.c.obj
LOAD CMakeFiles/project.elf.dir/Drivers/STM32H7xx_HAL_Driver/Src/stm32h7xx_hal_rcc.c.obj
LOAD CMakeFiles/project.elf.dir/Drivers/STM32H7xx_HAL_Driver/Src/stm32h7xx_hal_rcc_ex.c.obj
LOAD CMakeFiles/project.elf.dir/Drivers/STM32H7xx_HAL_Driver/Src/stm32h7xx_hal_uart.c.obj
LOAD CMakeFiles/project.elf.dir/Drivers/STM32H7xx_HAL_Driver/Src/stm32h7xx_hal_uart_ex.c.obj
LOAD D:/ClionToolchains/gcc-arm-none-eabi-10.3-2021.10/bin/../lib/gcc/arm-none-eabi/13.3.1/thumb/v7e-m+fp/hard\libstdc++.a
LOAD D:/ClionToolchains/gcc-arm-none-eabi-10.3-2021.10/bin/../lib/gcc/arm-none-eabi/13.3.1/thumb/v7e-m+fp/hard\libm.a
START GROUP
LOAD D:/ClionToolchains/gcc-arm-none-eabi-10.3-2021.10/bin/../lib/gcc/arm-none-eabi/13.3.1/thumb/v7e-m+fp/hard\libgcc.a
LOAD D:/ClionToolchains/gcc-arm-none-eabi-10.3-2021.10/bin/../lib/gcc/arm-none-eabi/13.3.1/thumb/v7e-m+fp/hard\libg.a
LOAD D:/ClionToolchains/gcc-arm-none-eabi-10.3-2021.10/bin/../lib/gcc/arm-none-eabi/13.3.1/thumb/v7e-m+fp/hard\libc.a
END GROUP
LOAD D:/ClionToolchains/gcc-arm-none-eabi-10.3-2021.10/bin/../lib/gcc/arm-none-eabi/13.3.1/thumb/v7e-m+fp/hard/crtend.o
LOAD D:/ClionToolchains/gcc-arm-none-eabi-10.3-2021.10/bin/../lib/gcc/arm-none-eabi/13.3.1/thumb/v7e-m+fp/hard/crtn.o
                0x24050000                        _estack = (ORIGIN (RAM_D1) + LENGTH (RAM_D1))
                0x00000200                        _Min_Heap_Size = 0x200
                0x00000400                        _Min_Stack_Size = 0x400

.isr_vector     0x08000000      0x2cc
                0x08000000                        . = ALIGN (0x4)
 *(.isr_vector)
 .isr_vector    0x08000000      0x2cc CMakeFiles/project.elf.dir/Core/Startup/startup_stm32h723vgtx.s.obj
                0x08000000                g_pfnVectors
                0x080002cc                        . = ALIGN (0x4)

.text           0x080002cc     0x7044
                0x080002cc                        . = ALIGN (0x4)
 *(.text)
 .text          0x080002cc       0x30 D:/ClionToolchains/gcc-arm-none-eabi-10.3-2021.10/bin/../lib/gcc/arm-none-eabi/13.3.1/thumb/v7e-m+fp/hard\libgcc.a(_aeabi_uldivmod.o)
                0x080002cc                __aeabi_uldivmod
 .text          0x080002fc      0x1ac D:/ClionToolchains/gcc-arm-none-eabi-10.3-2021.10/bin/../lib/gcc/arm-none-eabi/13.3.1/thumb/v7e-m+fp/hard\libgcc.a(libunwind.o)
                0x080002fc                __restore_core_regs
                0x080002fc                restore_core_regs
                0x08000314                __gnu_Unwind_Restore_VFP
                0x0800031c                __gnu_Unwind_Save_VFP
                0x08000324                __gnu_Unwind_Restore_VFP_D
                0x0800032c                __gnu_Unwind_Save_VFP_D
                0x08000334                __gnu_Unwind_Restore_VFP_D_16_to_31
                0x0800033c                __gnu_Unwind_Save_VFP_D_16_to_31
                0x08000344                __gnu_Unwind_Restore_WMMXD
                0x08000388                __gnu_Unwind_Save_WMMXD
                0x080003cc                __gnu_Unwind_Restore_WMMXC
                0x080003e0                __gnu_Unwind_Save_WMMXC
                0x080003f4                ___Unwind_RaiseException
                0x080003f4                _Unwind_RaiseException
                0x08000418                _Unwind_Resume
                0x08000418                ___Unwind_Resume
                0x0800043c                _Unwind_Resume_or_Rethrow
                0x0800043c                ___Unwind_Resume_or_Rethrow
                0x08000460                _Unwind_ForcedUnwind
                0x08000460                ___Unwind_ForcedUnwind
                0x08000484                ___Unwind_Backtrace
                0x08000484                _Unwind_Backtrace
 .text          0x080004a8        0x4 D:/ClionToolchains/gcc-arm-none-eabi-10.3-2021.10/bin/../lib/gcc/arm-none-eabi/13.3.1/thumb/v7e-m+fp/hard\libgcc.a(_dvmd_tls.o)
                0x080004a8                __aeabi_idiv0
                0x080004a8                __aeabi_ldiv0
 .text          0x080004ac      0x134 D:/ClionToolchains/gcc-arm-none-eabi-10.3-2021.10/bin/../lib/gcc/arm-none-eabi/13.3.1/thumb/v7e-m+fp/hard\libg.a(libc_a-memcpy.o)
                0x080004ac                memcpy
 *(.text*)
 .text.deregister_tm_clones
                0x080005e0       0x1c D:/ClionToolchains/gcc-arm-none-eabi-10.3-2021.10/bin/../lib/gcc/arm-none-eabi/13.3.1/thumb/v7e-m+fp/hard/crtbegin.o
 .text.register_tm_clones
                0x080005fc       0x24 D:/ClionToolchains/gcc-arm-none-eabi-10.3-2021.10/bin/../lib/gcc/arm-none-eabi/13.3.1/thumb/v7e-m+fp/hard/crtbegin.o
 .text.__do_global_dtors_aux
                0x08000620       0x28 D:/ClionToolchains/gcc-arm-none-eabi-10.3-2021.10/bin/../lib/gcc/arm-none-eabi/13.3.1/thumb/v7e-m+fp/hard/crtbegin.o
 .text.frame_dummy
                0x08000648       0x24 D:/ClionToolchains/gcc-arm-none-eabi-10.3-2021.10/bin/../lib/gcc/arm-none-eabi/13.3.1/thumb/v7e-m+fp/hard/crtbegin.o
 .text.MX_DMA_Init
                0x0800066c       0x38 CMakeFiles/project.elf.dir/Core/Src/dma.c.obj
                0x0800066c                MX_DMA_Init
 .text.MX_FDCAN1_Init
                0x080006a4       0x64 CMakeFiles/project.elf.dir/Core/Src/fdcan.c.obj
                0x080006a4                MX_FDCAN1_Init
 .text.HAL_FDCAN_MspInit
                0x08000708       0xc0 CMakeFiles/project.elf.dir/Core/Src/fdcan.c.obj
                0x08000708                HAL_FDCAN_MspInit
 .text.MX_GPIO_Init
                0x080007c8       0x6c CMakeFiles/project.elf.dir/Core/Src/gpio.c.obj
                0x080007c8                MX_GPIO_Init
 .text.MPU_Config
                0x08000834       0x52 CMakeFiles/project.elf.dir/Core/Src/main.c.obj
 .text.Error_Handler
                0x08000886        0x4 CMakeFiles/project.elf.dir/Core/Src/main.c.obj
                0x08000886                Error_Handler
 *fill*         0x0800088a        0x2 
 .text.SystemClock_Config
                0x0800088c       0xa8 CMakeFiles/project.elf.dir/Core/Src/main.c.obj
                0x0800088c                SystemClock_Config
 .text.main     0x08000934       0x24 CMakeFiles/project.elf.dir/Core/Src/main.c.obj
                0x08000934                main
 .text.HAL_MspInit
                0x08000958       0x24 CMakeFiles/project.elf.dir/Core/Src/stm32h7xx_hal_msp.c.obj
                0x08000958                HAL_MspInit
 .text.NMI_Handler
                0x0800097c        0x2 CMakeFiles/project.elf.dir/Core/Src/stm32h7xx_it.c.obj
                0x0800097c                NMI_Handler
 .text.HardFault_Handler
                0x0800097e        0x2 CMakeFiles/project.elf.dir/Core/Src/stm32h7xx_it.c.obj
                0x0800097e                HardFault_Handler
 .text.MemManage_Handler
                0x08000980        0x2 CMakeFiles/project.elf.dir/Core/Src/stm32h7xx_it.c.obj
                0x08000980                MemManage_Handler
 .text.BusFault_Handler
                0x08000982        0x2 CMakeFiles/project.elf.dir/Core/Src/stm32h7xx_it.c.obj
                0x08000982                BusFault_Handler
 .text.UsageFault_Handler
                0x08000984        0x2 CMakeFiles/project.elf.dir/Core/Src/stm32h7xx_it.c.obj
                0x08000984                UsageFault_Handler
 .text.SVC_Handler
                0x08000986        0x2 CMakeFiles/project.elf.dir/Core/Src/stm32h7xx_it.c.obj
                0x08000986                SVC_Handler
 .text.DebugMon_Handler
                0x08000988        0x2 CMakeFiles/project.elf.dir/Core/Src/stm32h7xx_it.c.obj
                0x08000988                DebugMon_Handler
 .text.PendSV_Handler
                0x0800098a        0x2 CMakeFiles/project.elf.dir/Core/Src/stm32h7xx_it.c.obj
                0x0800098a                PendSV_Handler
 .text.SysTick_Handler
                0x0800098c        0x8 CMakeFiles/project.elf.dir/Core/Src/stm32h7xx_it.c.obj
                0x0800098c                SysTick_Handler
 .text.DMA1_Stream0_IRQHandler
                0x08000994       0x10 CMakeFiles/project.elf.dir/Core/Src/stm32h7xx_it.c.obj
                0x08000994                DMA1_Stream0_IRQHandler
 .text.FDCAN1_IT0_IRQHandler
                0x080009a4       0x10 CMakeFiles/project.elf.dir/Core/Src/stm32h7xx_it.c.obj
                0x080009a4                FDCAN1_IT0_IRQHandler
 .text.FDCAN1_IT1_IRQHandler
                0x080009b4       0x10 CMakeFiles/project.elf.dir/Core/Src/stm32h7xx_it.c.obj
                0x080009b4                FDCAN1_IT1_IRQHandler
 .text.UART5_IRQHandler
                0x080009c4       0x10 CMakeFiles/project.elf.dir/Core/Src/stm32h7xx_it.c.obj
                0x080009c4                UART5_IRQHandler
 .text._getpid  0x080009d4        0x4 CMakeFiles/project.elf.dir/Core/Src/syscalls.c.obj
                0x080009d4                _getpid
 .text._kill    0x080009d8       0x10 CMakeFiles/project.elf.dir/Core/Src/syscalls.c.obj
                0x080009d8                _kill
 .text._exit    0x080009e8        0xc CMakeFiles/project.elf.dir/Core/Src/syscalls.c.obj
                0x080009e8                _exit
 .text.SystemInit
                0x080009f4       0xd0 CMakeFiles/project.elf.dir/Core/Src/system_stm32h7xx.c.obj
                0x080009f4                SystemInit
 .text.ExitRun0Mode
                0x08000ac4       0x1c CMakeFiles/project.elf.dir/Core/Src/system_stm32h7xx.c.obj
                0x08000ac4                ExitRun0Mode
 .text.MX_UART5_Init
                0x08000ae0       0x70 CMakeFiles/project.elf.dir/Core/Src/usart.c.obj
                0x08000ae0                MX_UART5_Init
 .text.HAL_UART_MspInit
                0x08000b50      0x11c CMakeFiles/project.elf.dir/Core/Src/usart.c.obj
                0x08000b50                HAL_UART_MspInit
 .text.Reset_Handler
                0x08000c6c       0x54 CMakeFiles/project.elf.dir/Core/Startup/startup_stm32h723vgtx.s.obj
                0x08000c6c                Reset_Handler
 .text.Default_Handler
                0x08000cc0        0x2 CMakeFiles/project.elf.dir/Core/Startup/startup_stm32h723vgtx.s.obj
                0x08000cc0                RTC_Alarm_IRQHandler
                0x08000cc0                EXTI2_IRQHandler
                0x08000cc0                TIM8_CC_IRQHandler
                0x08000cc0                UART8_IRQHandler
                0x08000cc0                SPI4_IRQHandler
                0x08000cc0                FDCAN3_IT0_IRQHandler
                0x08000cc0                TIM1_CC_IRQHandler
                0x08000cc0                BDMA_Channel6_IRQHandler
                0x08000cc0                DMA2_Stream5_IRQHandler
                0x08000cc0                DMA1_Stream5_IRQHandler
                0x08000cc0                CORDIC_IRQHandler
                0x08000cc0                BDMA_Channel1_IRQHandler
                0x08000cc0                TAMP_STAMP_IRQHandler
                0x08000cc0                EXTI3_IRQHandler
                0x08000cc0                LPTIM4_IRQHandler
                0x08000cc0                TIM8_TRG_COM_TIM14_IRQHandler
                0x08000cc0                LPTIM2_IRQHandler
                0x08000cc0                DFSDM1_FLT1_IRQHandler
                0x08000cc0                DMAMUX2_OVR_IRQHandler
                0x08000cc0                TIM8_UP_TIM13_IRQHandler
                0x08000cc0                I2C3_ER_IRQHandler
                0x08000cc0                DFSDM1_FLT2_IRQHandler
                0x08000cc0                I2C5_EV_IRQHandler
                0x08000cc0                USART10_IRQHandler
                0x08000cc0                MDMA_IRQHandler
                0x08000cc0                LPTIM3_IRQHandler
                0x08000cc0                HSEM1_IRQHandler
                0x08000cc0                EXTI0_IRQHandler
                0x08000cc0                I2C2_EV_IRQHandler
                0x08000cc0                DMA1_Stream2_IRQHandler
                0x08000cc0                FPU_IRQHandler
                0x08000cc0                OTG_HS_WKUP_IRQHandler
                0x08000cc0                LTDC_ER_IRQHandler
                0x08000cc0                DMA2_Stream2_IRQHandler
                0x08000cc0                SPI1_IRQHandler
                0x08000cc0                OCTOSPI1_IRQHandler
                0x08000cc0                TIM6_DAC_IRQHandler
                0x08000cc0                DMA2_Stream3_IRQHandler
                0x08000cc0                OCTOSPI2_IRQHandler
                0x08000cc0                DFSDM1_FLT3_IRQHandler
                0x08000cc0                TIM23_IRQHandler
                0x08000cc0                USART6_IRQHandler
                0x08000cc0                TIM17_IRQHandler
                0x08000cc0                USART3_IRQHandler
                0x08000cc0                BDMA_Channel7_IRQHandler
                0x08000cc0                LPTIM5_IRQHandler
                0x08000cc0                ADC3_IRQHandler
                0x08000cc0                DMA2_Stream0_IRQHandler
                0x08000cc0                TIM4_IRQHandler
                0x08000cc0                BDMA_Channel2_IRQHandler
                0x08000cc0                I2C1_EV_IRQHandler
                0x08000cc0                DMA1_Stream6_IRQHandler
                0x08000cc0                DMAMUX1_OVR_IRQHandler
                0x08000cc0                DMA1_Stream1_IRQHandler
                0x08000cc0                TIM16_IRQHandler
                0x08000cc0                UART4_IRQHandler
                0x08000cc0                BDMA_Channel5_IRQHandler
                0x08000cc0                TIM3_IRQHandler
                0x08000cc0                RCC_IRQHandler
                0x08000cc0                UART9_IRQHandler
                0x08000cc0                TIM8_BRK_TIM12_IRQHandler
                0x08000cc0                TIM1_TRG_COM_IRQHandler
                0x08000cc0                Default_Handler
                0x08000cc0                ECC_IRQHandler
                0x08000cc0                FMAC_IRQHandler
                0x08000cc0                CEC_IRQHandler
                0x08000cc0                EXTI15_10_IRQHandler
                0x08000cc0                BDMA_Channel0_IRQHandler
                0x08000cc0                ADC_IRQHandler
                0x08000cc0                I2C5_ER_IRQHandler
                0x08000cc0                DMA1_Stream7_IRQHandler
                0x08000cc0                SPI5_IRQHandler
                0x08000cc0                TIM7_IRQHandler
                0x08000cc0                FDCAN3_IT1_IRQHandler
                0x08000cc0                SDMMC1_IRQHandler
                0x08000cc0                TIM5_IRQHandler
                0x08000cc0                DMA2_Stream7_IRQHandler
                0x08000cc0                TIM15_IRQHandler
                0x08000cc0                PVD_AVD_IRQHandler
                0x08000cc0                I2C3_EV_IRQHandler
                0x08000cc0                EXTI9_5_IRQHandler
                0x08000cc0                RTC_WKUP_IRQHandler
                0x08000cc0                LTDC_IRQHandler
                0x08000cc0                ETH_WKUP_IRQHandler
                0x08000cc0                SPDIF_RX_IRQHandler
                0x08000cc0                SPI2_IRQHandler
                0x08000cc0                OTG_HS_EP1_IN_IRQHandler
                0x08000cc0                TIM24_IRQHandler
                0x08000cc0                CRS_IRQHandler
                0x08000cc0                EXTI4_IRQHandler
                0x08000cc0                RNG_IRQHandler
                0x08000cc0                FDCAN2_IT1_IRQHandler
                0x08000cc0                ETH_IRQHandler
                0x08000cc0                TIM1_UP_IRQHandler
                0x08000cc0                BDMA_Channel4_IRQHandler
                0x08000cc0                OTG_HS_EP1_OUT_IRQHandler
                0x08000cc0                WWDG_IRQHandler
                0x08000cc0                SPI6_IRQHandler
                0x08000cc0                MDIOS_IRQHandler
                0x08000cc0                I2C4_EV_IRQHandler
                0x08000cc0                FDCAN2_IT0_IRQHandler
                0x08000cc0                LPUART1_IRQHandler
                0x08000cc0                TIM2_IRQHandler
                0x08000cc0                OTG_HS_IRQHandler
                0x08000cc0                DMA2D_IRQHandler
                0x08000cc0                TIM1_BRK_IRQHandler
                0x08000cc0                EXTI1_IRQHandler
                0x08000cc0                SDMMC2_IRQHandler
                0x08000cc0                BDMA_Channel3_IRQHandler
                0x08000cc0                DTS_IRQHandler
                0x08000cc0                UART7_IRQHandler
                0x08000cc0                MDIOS_WKUP_IRQHandler
                0x08000cc0                USART2_IRQHandler
                0x08000cc0                DFSDM1_FLT0_IRQHandler
                0x08000cc0                SAI4_IRQHandler
                0x08000cc0                I2C2_ER_IRQHandler
                0x08000cc0                DMA2_Stream1_IRQHandler
                0x08000cc0                FLASH_IRQHandler
                0x08000cc0                DMA2_Stream4_IRQHandler
                0x08000cc0                USART1_IRQHandler
                0x08000cc0                SPI3_IRQHandler
                0x08000cc0                WAKEUP_PIN_IRQHandler
                0x08000cc0                DMA1_Stream4_IRQHandler
                0x08000cc0                I2C1_ER_IRQHandler
                0x08000cc0                FMC_IRQHandler
                0x08000cc0                FDCAN_CAL_IRQHandler
                0x08000cc0                SWPMI1_IRQHandler
                0x08000cc0                COMP1_IRQHandler
                0x08000cc0                LPTIM1_IRQHandler
                0x08000cc0                DCMI_PSSI_IRQHandler
                0x08000cc0                I2C4_ER_IRQHandler
                0x08000cc0                DMA2_Stream6_IRQHandler
                0x08000cc0                SAI1_IRQHandler
                0x08000cc0                DMA1_Stream3_IRQHandler
 *fill*         0x08000cc2        0x2 
 .text.HAL_UARTEx_RxEventCallback
                0x08000cc4      0x1f8 CMakeFiles/project.elf.dir/Core/XTYF/Lib/Driver/USART/drv_usart.cpp.obj
                0x08000cc4                HAL_UARTEx_RxEventCallback
 .text.HAL_UART_ErrorCallback
                0x08000ebc      0x160 CMakeFiles/project.elf.dir/Core/XTYF/Lib/Driver/USART/drv_usart.cpp.obj
                0x08000ebc                HAL_UART_ErrorCallback
 .text.Task_Init
                0x0800101c        0x2 CMakeFiles/project.elf.dir/Core/XTYF/Robot/Task/task.cpp.obj
                0x0800101c                Task_Init
 *fill*         0x0800101e        0x2 
 .text.HAL_InitTick
                0x08001020       0x50 CMakeFiles/project.elf.dir/Drivers/STM32H7xx_HAL_Driver/Src/stm32h7xx_hal.c.obj
                0x08001020                HAL_InitTick
 .text.HAL_Init
                0x08001070       0x5c CMakeFiles/project.elf.dir/Drivers/STM32H7xx_HAL_Driver/Src/stm32h7xx_hal.c.obj
                0x08001070                HAL_Init
 .text.HAL_IncTick
                0x080010cc       0x18 CMakeFiles/project.elf.dir/Drivers/STM32H7xx_HAL_Driver/Src/stm32h7xx_hal.c.obj
                0x080010cc                HAL_IncTick
 .text.HAL_GetTick
                0x080010e4        0xc CMakeFiles/project.elf.dir/Drivers/STM32H7xx_HAL_Driver/Src/stm32h7xx_hal.c.obj
                0x080010e4                HAL_GetTick
 .text.__NVIC_EnableIRQ
                0x080010f0       0x1c CMakeFiles/project.elf.dir/Drivers/STM32H7xx_HAL_Driver/Src/stm32h7xx_hal_cortex.c.obj
 .text.__NVIC_SetPriority
                0x0800110c       0x24 CMakeFiles/project.elf.dir/Drivers/STM32H7xx_HAL_Driver/Src/stm32h7xx_hal_cortex.c.obj
 .text.NVIC_EncodePriority
                0x08001130       0x3e CMakeFiles/project.elf.dir/Drivers/STM32H7xx_HAL_Driver/Src/stm32h7xx_hal_cortex.c.obj
 *fill*         0x0800116e        0x2 
 .text.HAL_NVIC_SetPriorityGrouping
                0x08001170       0x24 CMakeFiles/project.elf.dir/Drivers/STM32H7xx_HAL_Driver/Src/stm32h7xx_hal_cortex.c.obj
                0x08001170                HAL_NVIC_SetPriorityGrouping
 .text.HAL_NVIC_SetPriority
                0x08001194       0x20 CMakeFiles/project.elf.dir/Drivers/STM32H7xx_HAL_Driver/Src/stm32h7xx_hal_cortex.c.obj
                0x08001194                HAL_NVIC_SetPriority
 .text.HAL_NVIC_EnableIRQ
                0x080011b4        0x8 CMakeFiles/project.elf.dir/Drivers/STM32H7xx_HAL_Driver/Src/stm32h7xx_hal_cortex.c.obj
                0x080011b4                HAL_NVIC_EnableIRQ
 .text.HAL_SYSTICK_Config
                0x080011bc       0x28 CMakeFiles/project.elf.dir/Drivers/STM32H7xx_HAL_Driver/Src/stm32h7xx_hal_cortex.c.obj
                0x080011bc                HAL_SYSTICK_Config
 .text.HAL_MPU_Disable
                0x080011e4       0x1c CMakeFiles/project.elf.dir/Drivers/STM32H7xx_HAL_Driver/Src/stm32h7xx_hal_cortex.c.obj
                0x080011e4                HAL_MPU_Disable
 .text.HAL_MPU_Enable
                0x08001200       0x20 CMakeFiles/project.elf.dir/Drivers/STM32H7xx_HAL_Driver/Src/stm32h7xx_hal_cortex.c.obj
                0x08001200                HAL_MPU_Enable
 .text.HAL_MPU_ConfigRegion
                0x08001220       0x58 CMakeFiles/project.elf.dir/Drivers/STM32H7xx_HAL_Driver/Src/stm32h7xx_hal_cortex.c.obj
                0x08001220                HAL_MPU_ConfigRegion
 .text.DMA_SetConfig
                0x08001278      0x1b4 CMakeFiles/project.elf.dir/Drivers/STM32H7xx_HAL_Driver/Src/stm32h7xx_hal_dma.c.obj
 .text.DMA_CalcBaseAndBitshift
                0x0800142c       0xb0 CMakeFiles/project.elf.dir/Drivers/STM32H7xx_HAL_Driver/Src/stm32h7xx_hal_dma.c.obj
 .text.DMA_CheckFifoParam
                0x080014dc       0x92 CMakeFiles/project.elf.dir/Drivers/STM32H7xx_HAL_Driver/Src/stm32h7xx_hal_dma.c.obj
 *fill*         0x0800156e        0x2 
 .text.DMA_CalcDMAMUXChannelBaseAndMask
                0x08001570       0xac CMakeFiles/project.elf.dir/Drivers/STM32H7xx_HAL_Driver/Src/stm32h7xx_hal_dma.c.obj
 .text.DMA_CalcDMAMUXRequestGenBaseAndMask
                0x0800161c       0x7c CMakeFiles/project.elf.dir/Drivers/STM32H7xx_HAL_Driver/Src/stm32h7xx_hal_dma.c.obj
 .text.HAL_DMA_Init
                0x08001698      0x39c CMakeFiles/project.elf.dir/Drivers/STM32H7xx_HAL_Driver/Src/stm32h7xx_hal_dma.c.obj
                0x08001698                HAL_DMA_Init
 .text.HAL_DMA_Start_IT
                0x08001a34      0x298 CMakeFiles/project.elf.dir/Drivers/STM32H7xx_HAL_Driver/Src/stm32h7xx_hal_dma.c.obj
                0x08001a34                HAL_DMA_Start_IT
 .text.HAL_DMA_Abort
                0x08001ccc      0x340 CMakeFiles/project.elf.dir/Drivers/STM32H7xx_HAL_Driver/Src/stm32h7xx_hal_dma.c.obj
                0x08001ccc                HAL_DMA_Abort
 .text.HAL_DMA_Abort_IT
                0x0800200c      0x270 CMakeFiles/project.elf.dir/Drivers/STM32H7xx_HAL_Driver/Src/stm32h7xx_hal_dma.c.obj
                0x0800200c                HAL_DMA_Abort_IT
 .text.HAL_DMA_IRQHandler
                0x0800227c      0x738 CMakeFiles/project.elf.dir/Drivers/STM32H7xx_HAL_Driver/Src/stm32h7xx_hal_dma.c.obj
                0x0800227c                HAL_DMA_IRQHandler
 .text.FDCAN_CalcultateRamBlockAddresses
                0x080029b4      0x1d4 CMakeFiles/project.elf.dir/Drivers/STM32H7xx_HAL_Driver/Src/stm32h7xx_hal_fdcan.c.obj
 .text.HAL_FDCAN_Init
                0x08002b88      0x294 CMakeFiles/project.elf.dir/Drivers/STM32H7xx_HAL_Driver/Src/stm32h7xx_hal_fdcan.c.obj
                0x08002b88                HAL_FDCAN_Init
 .text.HAL_FDCAN_ClockCalibrationCallback
                0x08002e1c        0x2 CMakeFiles/project.elf.dir/Drivers/STM32H7xx_HAL_Driver/Src/stm32h7xx_hal_fdcan.c.obj
                0x08002e1c                HAL_FDCAN_ClockCalibrationCallback
 .text.HAL_FDCAN_TxEventFifoCallback
                0x08002e1e        0x2 CMakeFiles/project.elf.dir/Drivers/STM32H7xx_HAL_Driver/Src/stm32h7xx_hal_fdcan.c.obj
                0x08002e1e                HAL_FDCAN_TxEventFifoCallback
 .text.HAL_FDCAN_RxFifo0Callback
                0x08002e20        0x2 CMakeFiles/project.elf.dir/Drivers/STM32H7xx_HAL_Driver/Src/stm32h7xx_hal_fdcan.c.obj
                0x08002e20                HAL_FDCAN_RxFifo0Callback
 .text.HAL_FDCAN_RxFifo1Callback
                0x08002e22        0x2 CMakeFiles/project.elf.dir/Drivers/STM32H7xx_HAL_Driver/Src/stm32h7xx_hal_fdcan.c.obj
                0x08002e22                HAL_FDCAN_RxFifo1Callback
 .text.HAL_FDCAN_TxFifoEmptyCallback
                0x08002e24        0x2 CMakeFiles/project.elf.dir/Drivers/STM32H7xx_HAL_Driver/Src/stm32h7xx_hal_fdcan.c.obj
                0x08002e24                HAL_FDCAN_TxFifoEmptyCallback
 .text.HAL_FDCAN_TxBufferCompleteCallback
                0x08002e26        0x2 CMakeFiles/project.elf.dir/Drivers/STM32H7xx_HAL_Driver/Src/stm32h7xx_hal_fdcan.c.obj
                0x08002e26                HAL_FDCAN_TxBufferCompleteCallback
 .text.HAL_FDCAN_TxBufferAbortCallback
                0x08002e28        0x2 CMakeFiles/project.elf.dir/Drivers/STM32H7xx_HAL_Driver/Src/stm32h7xx_hal_fdcan.c.obj
                0x08002e28                HAL_FDCAN_TxBufferAbortCallback
 .text.HAL_FDCAN_RxBufferNewMessageCallback
                0x08002e2a        0x2 CMakeFiles/project.elf.dir/Drivers/STM32H7xx_HAL_Driver/Src/stm32h7xx_hal_fdcan.c.obj
                0x08002e2a                HAL_FDCAN_RxBufferNewMessageCallback
 .text.HAL_FDCAN_TimestampWraparoundCallback
                0x08002e2c        0x2 CMakeFiles/project.elf.dir/Drivers/STM32H7xx_HAL_Driver/Src/stm32h7xx_hal_fdcan.c.obj
                0x08002e2c                HAL_FDCAN_TimestampWraparoundCallback
 .text.HAL_FDCAN_TimeoutOccurredCallback
                0x08002e2e        0x2 CMakeFiles/project.elf.dir/Drivers/STM32H7xx_HAL_Driver/Src/stm32h7xx_hal_fdcan.c.obj
                0x08002e2e                HAL_FDCAN_TimeoutOccurredCallback
 .text.HAL_FDCAN_HighPriorityMessageCallback
                0x08002e30        0x2 CMakeFiles/project.elf.dir/Drivers/STM32H7xx_HAL_Driver/Src/stm32h7xx_hal_fdcan.c.obj
                0x08002e30                HAL_FDCAN_HighPriorityMessageCallback
 .text.HAL_FDCAN_ErrorCallback
                0x08002e32        0x2 CMakeFiles/project.elf.dir/Drivers/STM32H7xx_HAL_Driver/Src/stm32h7xx_hal_fdcan.c.obj
                0x08002e32                HAL_FDCAN_ErrorCallback
 .text.HAL_FDCAN_ErrorStatusCallback
                0x08002e34        0x2 CMakeFiles/project.elf.dir/Drivers/STM32H7xx_HAL_Driver/Src/stm32h7xx_hal_fdcan.c.obj
                0x08002e34                HAL_FDCAN_ErrorStatusCallback
 .text.HAL_FDCAN_TT_ScheduleSyncCallback
                0x08002e36        0x2 CMakeFiles/project.elf.dir/Drivers/STM32H7xx_HAL_Driver/Src/stm32h7xx_hal_fdcan.c.obj
                0x08002e36                HAL_FDCAN_TT_ScheduleSyncCallback
 .text.HAL_FDCAN_TT_TimeMarkCallback
                0x08002e38        0x2 CMakeFiles/project.elf.dir/Drivers/STM32H7xx_HAL_Driver/Src/stm32h7xx_hal_fdcan.c.obj
                0x08002e38                HAL_FDCAN_TT_TimeMarkCallback
 .text.HAL_FDCAN_TT_StopWatchCallback
                0x08002e3a        0x2 CMakeFiles/project.elf.dir/Drivers/STM32H7xx_HAL_Driver/Src/stm32h7xx_hal_fdcan.c.obj
                0x08002e3a                HAL_FDCAN_TT_StopWatchCallback
 .text.HAL_FDCAN_TT_GlobalTimeCallback
                0x08002e3c        0x2 CMakeFiles/project.elf.dir/Drivers/STM32H7xx_HAL_Driver/Src/stm32h7xx_hal_fdcan.c.obj
                0x08002e3c                HAL_FDCAN_TT_GlobalTimeCallback
 *fill*         0x08002e3e        0x2 
 .text.HAL_FDCAN_IRQHandler
                0x08002e40      0x320 CMakeFiles/project.elf.dir/Drivers/STM32H7xx_HAL_Driver/Src/stm32h7xx_hal_fdcan.c.obj
                0x08002e40                HAL_FDCAN_IRQHandler
 .text.HAL_GPIO_Init
                0x08003160      0x214 CMakeFiles/project.elf.dir/Drivers/STM32H7xx_HAL_Driver/Src/stm32h7xx_hal_gpio.c.obj
                0x08003160                HAL_GPIO_Init
 .text.HAL_PWREx_ConfigSupply
                0x08003374       0x54 CMakeFiles/project.elf.dir/Drivers/STM32H7xx_HAL_Driver/Src/stm32h7xx_hal_pwr_ex.c.obj
                0x08003374                HAL_PWREx_ConfigSupply
 .text.HAL_RCC_OscConfig
                0x080033c8      0x5e4 CMakeFiles/project.elf.dir/Drivers/STM32H7xx_HAL_Driver/Src/stm32h7xx_hal_rcc.c.obj
                0x080033c8                HAL_RCC_OscConfig
 .text.HAL_RCC_GetSysClockFreq
                0x080039ac      0x1f8 CMakeFiles/project.elf.dir/Drivers/STM32H7xx_HAL_Driver/Src/stm32h7xx_hal_rcc.c.obj
                0x080039ac                HAL_RCC_GetSysClockFreq
 .text.HAL_RCC_ClockConfig
                0x08003ba4      0x294 CMakeFiles/project.elf.dir/Drivers/STM32H7xx_HAL_Driver/Src/stm32h7xx_hal_rcc.c.obj
                0x08003ba4                HAL_RCC_ClockConfig
 .text.HAL_RCC_GetHCLKFreq
                0x08003e38       0x44 CMakeFiles/project.elf.dir/Drivers/STM32H7xx_HAL_Driver/Src/stm32h7xx_hal_rcc.c.obj
                0x08003e38                HAL_RCC_GetHCLKFreq
 .text.HAL_RCC_GetPCLK1Freq
                0x08003e7c       0x24 CMakeFiles/project.elf.dir/Drivers/STM32H7xx_HAL_Driver/Src/stm32h7xx_hal_rcc.c.obj
                0x08003e7c                HAL_RCC_GetPCLK1Freq
 .text.HAL_RCC_GetPCLK2Freq
                0x08003ea0       0x24 CMakeFiles/project.elf.dir/Drivers/STM32H7xx_HAL_Driver/Src/stm32h7xx_hal_rcc.c.obj
                0x08003ea0                HAL_RCC_GetPCLK2Freq
 .text.RCCEx_PLL2_Config
                0x08003ec4      0x108 CMakeFiles/project.elf.dir/Drivers/STM32H7xx_HAL_Driver/Src/stm32h7xx_hal_rcc_ex.c.obj
 .text.RCCEx_PLL3_Config
                0x08003fcc      0x108 CMakeFiles/project.elf.dir/Drivers/STM32H7xx_HAL_Driver/Src/stm32h7xx_hal_rcc_ex.c.obj
 .text.HAL_RCCEx_PeriphCLKConfig
                0x080040d4      0xa2c CMakeFiles/project.elf.dir/Drivers/STM32H7xx_HAL_Driver/Src/stm32h7xx_hal_rcc_ex.c.obj
                0x080040d4                HAL_RCCEx_PeriphCLKConfig
 .text.HAL_RCCEx_GetD3PCLK1Freq
                0x08004b00       0x24 CMakeFiles/project.elf.dir/Drivers/STM32H7xx_HAL_Driver/Src/stm32h7xx_hal_rcc_ex.c.obj
                0x08004b00                HAL_RCCEx_GetD3PCLK1Freq
 .text.HAL_RCCEx_GetPLL2ClockFreq
                0x08004b24      0x200 CMakeFiles/project.elf.dir/Drivers/STM32H7xx_HAL_Driver/Src/stm32h7xx_hal_rcc_ex.c.obj
                0x08004b24                HAL_RCCEx_GetPLL2ClockFreq
 .text.HAL_RCCEx_GetPLL3ClockFreq
                0x08004d24      0x200 CMakeFiles/project.elf.dir/Drivers/STM32H7xx_HAL_Driver/Src/stm32h7xx_hal_rcc_ex.c.obj
                0x08004d24                HAL_RCCEx_GetPLL3ClockFreq
 .text.UART_EndTxTransfer
                0x08004f24       0x32 CMakeFiles/project.elf.dir/Drivers/STM32H7xx_HAL_Driver/Src/stm32h7xx_hal_uart.c.obj
 *fill*         0x08004f56        0x2 
 .text.UART_EndRxTransfer
                0x08004f58       0x58 CMakeFiles/project.elf.dir/Drivers/STM32H7xx_HAL_Driver/Src/stm32h7xx_hal_uart.c.obj
 .text.HAL_UART_TxCpltCallback
                0x08004fb0        0x2 CMakeFiles/project.elf.dir/Drivers/STM32H7xx_HAL_Driver/Src/stm32h7xx_hal_uart.c.obj
                0x08004fb0                HAL_UART_TxCpltCallback
 .text.UART_EndTransmit_IT
                0x08004fb2       0x24 CMakeFiles/project.elf.dir/Drivers/STM32H7xx_HAL_Driver/Src/stm32h7xx_hal_uart.c.obj
 .text.HAL_UART_RxCpltCallback
                0x08004fd6        0x2 CMakeFiles/project.elf.dir/Drivers/STM32H7xx_HAL_Driver/Src/stm32h7xx_hal_uart.c.obj
                0x08004fd6                HAL_UART_RxCpltCallback
 .text.HAL_UART_RxHalfCpltCallback
                0x08004fd8        0x2 CMakeFiles/project.elf.dir/Drivers/STM32H7xx_HAL_Driver/Src/stm32h7xx_hal_uart.c.obj
                0x08004fd8                HAL_UART_RxHalfCpltCallback
 .text.UART_DMAError
                0x08004fda       0x58 CMakeFiles/project.elf.dir/Drivers/STM32H7xx_HAL_Driver/Src/stm32h7xx_hal_uart.c.obj
 .text.UART_DMAAbortOnError
                0x08005032       0x10 CMakeFiles/project.elf.dir/Drivers/STM32H7xx_HAL_Driver/Src/stm32h7xx_hal_uart.c.obj
 *fill*         0x08005042        0x2 
 .text.HAL_UART_IRQHandler
                0x08005044      0x3d0 CMakeFiles/project.elf.dir/Drivers/STM32H7xx_HAL_Driver/Src/stm32h7xx_hal_uart.c.obj
                0x08005044                HAL_UART_IRQHandler
 .text.UART_DMARxHalfCplt
                0x08005414       0x20 CMakeFiles/project.elf.dir/Drivers/STM32H7xx_HAL_Driver/Src/stm32h7xx_hal_uart.c.obj
 .text.UART_DMAReceiveCplt
                0x08005434       0x90 CMakeFiles/project.elf.dir/Drivers/STM32H7xx_HAL_Driver/Src/stm32h7xx_hal_uart.c.obj
 .text.UART_SetConfig
                0x080054c4      0x6c4 CMakeFiles/project.elf.dir/Drivers/STM32H7xx_HAL_Driver/Src/stm32h7xx_hal_uart.c.obj
                0x080054c4                UART_SetConfig
 .text.UART_AdvFeatureConfig
                0x08005b88       0xca CMakeFiles/project.elf.dir/Drivers/STM32H7xx_HAL_Driver/Src/stm32h7xx_hal_uart.c.obj
                0x08005b88                UART_AdvFeatureConfig
 .text.UART_WaitOnFlagUntilTimeout
                0x08005c52       0xa6 CMakeFiles/project.elf.dir/Drivers/STM32H7xx_HAL_Driver/Src/stm32h7xx_hal_uart.c.obj
                0x08005c52                UART_WaitOnFlagUntilTimeout
 .text.UART_CheckIdleState
                0x08005cf8       0xca CMakeFiles/project.elf.dir/Drivers/STM32H7xx_HAL_Driver/Src/stm32h7xx_hal_uart.c.obj
                0x08005cf8                UART_CheckIdleState
 .text.HAL_UART_Init
                0x08005dc2       0x66 CMakeFiles/project.elf.dir/Drivers/STM32H7xx_HAL_Driver/Src/stm32h7xx_hal_uart.c.obj
                0x08005dc2                HAL_UART_Init
 .text.UART_Start_Receive_DMA
                0x08005e28       0xb0 CMakeFiles/project.elf.dir/Drivers/STM32H7xx_HAL_Driver/Src/stm32h7xx_hal_uart.c.obj
                0x08005e28                UART_Start_Receive_DMA
 .text.UARTEx_SetNbDataToProcess
                0x08005ed8       0x4c CMakeFiles/project.elf.dir/Drivers/STM32H7xx_HAL_Driver/Src/stm32h7xx_hal_uart_ex.c.obj
 .text.HAL_UARTEx_WakeupCallback
                0x08005f24        0x2 CMakeFiles/project.elf.dir/Drivers/STM32H7xx_HAL_Driver/Src/stm32h7xx_hal_uart_ex.c.obj
                0x08005f24                HAL_UARTEx_WakeupCallback
 .text.HAL_UARTEx_RxFifoFullCallback
                0x08005f26        0x2 CMakeFiles/project.elf.dir/Drivers/STM32H7xx_HAL_Driver/Src/stm32h7xx_hal_uart_ex.c.obj
                0x08005f26                HAL_UARTEx_RxFifoFullCallback
 .text.HAL_UARTEx_TxFifoEmptyCallback
                0x08005f28        0x2 CMakeFiles/project.elf.dir/Drivers/STM32H7xx_HAL_Driver/Src/stm32h7xx_hal_uart_ex.c.obj
                0x08005f28                HAL_UARTEx_TxFifoEmptyCallback
 .text.HAL_UARTEx_DisableFifoMode
                0x08005f2a       0x3e CMakeFiles/project.elf.dir/Drivers/STM32H7xx_HAL_Driver/Src/stm32h7xx_hal_uart_ex.c.obj
                0x08005f2a                HAL_UARTEx_DisableFifoMode
 .text.HAL_UARTEx_SetTxFifoThreshold
                0x08005f68       0x4a CMakeFiles/project.elf.dir/Drivers/STM32H7xx_HAL_Driver/Src/stm32h7xx_hal_uart_ex.c.obj
                0x08005f68                HAL_UARTEx_SetTxFifoThreshold
 .text.HAL_UARTEx_SetRxFifoThreshold
                0x08005fb2       0x4a CMakeFiles/project.elf.dir/Drivers/STM32H7xx_HAL_Driver/Src/stm32h7xx_hal_uart_ex.c.obj
                0x08005fb2                HAL_UARTEx_SetRxFifoThreshold
 .text.HAL_UARTEx_ReceiveToIdle_DMA
                0x08005ffc       0x50 CMakeFiles/project.elf.dir/Drivers/STM32H7xx_HAL_Driver/Src/stm32h7xx_hal_uart_ex.c.obj
                0x08005ffc                HAL_UARTEx_ReceiveToIdle_DMA
 .text.__udivmoddi4
                0x0800604c      0x2bc D:/ClionToolchains/gcc-arm-none-eabi-10.3-2021.10/bin/../lib/gcc/arm-none-eabi/13.3.1/thumb/v7e-m+fp/hard\libgcc.a(_udivmoddi4.o)
                0x0800604c                __udivmoddi4
 .text.selfrel_offset31
                0x08006308       0x14 D:/ClionToolchains/gcc-arm-none-eabi-10.3-2021.10/bin/../lib/gcc/arm-none-eabi/13.3.1/thumb/v7e-m+fp/hard\libgcc.a(unwind-arm.o)
 .text.search_EIT_table
                0x0800631c       0x68 D:/ClionToolchains/gcc-arm-none-eabi-10.3-2021.10/bin/../lib/gcc/arm-none-eabi/13.3.1/thumb/v7e-m+fp/hard\libgcc.a(unwind-arm.o)
 .text.__gnu_unwind_get_pr_addr
                0x08006384       0x28 D:/ClionToolchains/gcc-arm-none-eabi-10.3-2021.10/bin/../lib/gcc/arm-none-eabi/13.3.1/thumb/v7e-m+fp/hard\libgcc.a(unwind-arm.o)
 .text.get_eit_entry
                0x080063ac       0x98 D:/ClionToolchains/gcc-arm-none-eabi-10.3-2021.10/bin/../lib/gcc/arm-none-eabi/13.3.1/thumb/v7e-m+fp/hard\libgcc.a(unwind-arm.o)
 .text.restore_non_core_regs
                0x08006444       0x58 D:/ClionToolchains/gcc-arm-none-eabi-10.3-2021.10/bin/../lib/gcc/arm-none-eabi/13.3.1/thumb/v7e-m+fp/hard\libgcc.a(unwind-arm.o)
 .text._Unwind_decode_typeinfo_ptr.constprop.0
                0x0800649c        0xc D:/ClionToolchains/gcc-arm-none-eabi-10.3-2021.10/bin/../lib/gcc/arm-none-eabi/13.3.1/thumb/v7e-m+fp/hard\libgcc.a(unwind-arm.o)
 .text._Unwind_DebugHook
                0x080064a8        0x4 D:/ClionToolchains/gcc-arm-none-eabi-10.3-2021.10/bin/../lib/gcc/arm-none-eabi/13.3.1/thumb/v7e-m+fp/hard\libgcc.a(unwind-arm.o)
 .text.unwind_phase2
                0x080064ac       0x3c D:/ClionToolchains/gcc-arm-none-eabi-10.3-2021.10/bin/../lib/gcc/arm-none-eabi/13.3.1/thumb/v7e-m+fp/hard\libgcc.a(unwind-arm.o)
 .text.unwind_phase2_forced
                0x080064e8       0xd8 D:/ClionToolchains/gcc-arm-none-eabi-10.3-2021.10/bin/../lib/gcc/arm-none-eabi/13.3.1/thumb/v7e-m+fp/hard\libgcc.a(unwind-arm.o)
 .text.__gnu_Unwind_RaiseException
                0x080065c0       0x68 D:/ClionToolchains/gcc-arm-none-eabi-10.3-2021.10/bin/../lib/gcc/arm-none-eabi/13.3.1/thumb/v7e-m+fp/hard\libgcc.a(unwind-arm.o)
                0x080065c0                __gnu_Unwind_RaiseException
 .text.__gnu_Unwind_ForcedUnwind
                0x08006628       0x10 D:/ClionToolchains/gcc-arm-none-eabi-10.3-2021.10/bin/../lib/gcc/arm-none-eabi/13.3.1/thumb/v7e-m+fp/hard\libgcc.a(unwind-arm.o)
                0x08006628                __gnu_Unwind_ForcedUnwind
 .text.__gnu_Unwind_Resume
                0x08006638       0x44 D:/ClionToolchains/gcc-arm-none-eabi-10.3-2021.10/bin/../lib/gcc/arm-none-eabi/13.3.1/thumb/v7e-m+fp/hard\libgcc.a(unwind-arm.o)
                0x08006638                __gnu_Unwind_Resume
 .text.__gnu_Unwind_Resume_or_Rethrow
                0x0800667c       0x14 D:/ClionToolchains/gcc-arm-none-eabi-10.3-2021.10/bin/../lib/gcc/arm-none-eabi/13.3.1/thumb/v7e-m+fp/hard\libgcc.a(unwind-arm.o)
                0x0800667c                __gnu_Unwind_Resume_or_Rethrow
 .text._Unwind_VRS_Get
                0x08006690       0x34 D:/ClionToolchains/gcc-arm-none-eabi-10.3-2021.10/bin/../lib/gcc/arm-none-eabi/13.3.1/thumb/v7e-m+fp/hard\libgcc.a(unwind-arm.o)
                0x08006690                _Unwind_VRS_Get
 .text._Unwind_GetGR
                0x080066c4       0x1c D:/ClionToolchains/gcc-arm-none-eabi-10.3-2021.10/bin/../lib/gcc/arm-none-eabi/13.3.1/thumb/v7e-m+fp/hard\libgcc.a(unwind-arm.o)
 .text._Unwind_VRS_Set
                0x080066e0       0x34 D:/ClionToolchains/gcc-arm-none-eabi-10.3-2021.10/bin/../lib/gcc/arm-none-eabi/13.3.1/thumb/v7e-m+fp/hard\libgcc.a(unwind-arm.o)
                0x080066e0                _Unwind_VRS_Set
 .text._Unwind_SetGR
                0x08006714       0x18 D:/ClionToolchains/gcc-arm-none-eabi-10.3-2021.10/bin/../lib/gcc/arm-none-eabi/13.3.1/thumb/v7e-m+fp/hard\libgcc.a(unwind-arm.o)
 .text.__gnu_Unwind_Backtrace
                0x0800672c       0x84 D:/ClionToolchains/gcc-arm-none-eabi-10.3-2021.10/bin/../lib/gcc/arm-none-eabi/13.3.1/thumb/v7e-m+fp/hard\libgcc.a(unwind-arm.o)
                0x0800672c                __gnu_Unwind_Backtrace
 .text.__gnu_unwind_pr_common
                0x080067b0      0x2a4 D:/ClionToolchains/gcc-arm-none-eabi-10.3-2021.10/bin/../lib/gcc/arm-none-eabi/13.3.1/thumb/v7e-m+fp/hard\libgcc.a(unwind-arm.o)
 .text.__aeabi_unwind_cpp_pr0
                0x08006a54        0x8 D:/ClionToolchains/gcc-arm-none-eabi-10.3-2021.10/bin/../lib/gcc/arm-none-eabi/13.3.1/thumb/v7e-m+fp/hard\libgcc.a(unwind-arm.o)
                0x08006a54                __aeabi_unwind_cpp_pr0
 .text.__aeabi_unwind_cpp_pr1
                0x08006a5c        0x8 D:/ClionToolchains/gcc-arm-none-eabi-10.3-2021.10/bin/../lib/gcc/arm-none-eabi/13.3.1/thumb/v7e-m+fp/hard\libgcc.a(unwind-arm.o)
                0x08006a5c                __aeabi_unwind_cpp_pr1
 .text.__aeabi_unwind_cpp_pr2
                0x08006a64        0x8 D:/ClionToolchains/gcc-arm-none-eabi-10.3-2021.10/bin/../lib/gcc/arm-none-eabi/13.3.1/thumb/v7e-m+fp/hard\libgcc.a(unwind-arm.o)
                0x08006a64                __aeabi_unwind_cpp_pr2
 .text._Unwind_VRS_Pop
                0x08006a6c      0x2f0 D:/ClionToolchains/gcc-arm-none-eabi-10.3-2021.10/bin/../lib/gcc/arm-none-eabi/13.3.1/thumb/v7e-m+fp/hard\libgcc.a(unwind-arm.o)
                0x08006a6c                _Unwind_VRS_Pop
 .text.next_unwind_byte
                0x08006d5c       0x38 D:/ClionToolchains/gcc-arm-none-eabi-10.3-2021.10/bin/../lib/gcc/arm-none-eabi/13.3.1/thumb/v7e-m+fp/hard\libgcc.a(pr-support.o)
 .text.__gnu_unwind_execute
                0x08006d94      0x2fc D:/ClionToolchains/gcc-arm-none-eabi-10.3-2021.10/bin/../lib/gcc/arm-none-eabi/13.3.1/thumb/v7e-m+fp/hard\libgcc.a(pr-support.o)
                0x08006d94                __gnu_unwind_execute
 .text.abort    0x08007090       0x10 D:/ClionToolchains/gcc-arm-none-eabi-10.3-2021.10/bin/../lib/gcc/arm-none-eabi/13.3.1/thumb/v7e-m+fp/hard\libg.a(libc_a-abort.o)
                0x08007090                abort
 .text.memset   0x080070a0       0xa4 D:/ClionToolchains/gcc-arm-none-eabi-10.3-2021.10/bin/../lib/gcc/arm-none-eabi/13.3.1/thumb/v7e-m+fp/hard\libg.a(libc_a-memset.o)
                0x080070a0                memset
 .text.raise    0x08007144       0x58 D:/ClionToolchains/gcc-arm-none-eabi-10.3-2021.10/bin/../lib/gcc/arm-none-eabi/13.3.1/thumb/v7e-m+fp/hard\libg.a(libc_a-signal.o)
                0x08007144                raise
 .text._kill_r  0x0800719c       0x2c D:/ClionToolchains/gcc-arm-none-eabi-10.3-2021.10/bin/../lib/gcc/arm-none-eabi/13.3.1/thumb/v7e-m+fp/hard\libg.a(libc_a-signalr.o)
                0x0800719c                _kill_r
 .text._getpid_r
                0x080071c8        0x4 D:/ClionToolchains/gcc-arm-none-eabi-10.3-2021.10/bin/../lib/gcc/arm-none-eabi/13.3.1/thumb/v7e-m+fp/hard\libg.a(libc_a-signalr.o)
                0x080071c8                _getpid_r
 .text.__errno  0x080071cc        0xc D:/ClionToolchains/gcc-arm-none-eabi-10.3-2021.10/bin/../lib/gcc/arm-none-eabi/13.3.1/thumb/v7e-m+fp/hard\libg.a(libc_a-errno.o)
                0x080071cc                __errno
 .text.__libc_init_array
                0x080071d8       0x50 D:/ClionToolchains/gcc-arm-none-eabi-10.3-2021.10/bin/../lib/gcc/arm-none-eabi/13.3.1/thumb/v7e-m+fp/hard\libg.a(libc_a-init.o)
                0x080071d8                __libc_init_array
 .text.__retarget_lock_acquire_recursive
                0x08007228        0x4 D:/ClionToolchains/gcc-arm-none-eabi-10.3-2021.10/bin/../lib/gcc/arm-none-eabi/13.3.1/thumb/v7e-m+fp/hard\libg.a(libc_a-lock.o)
                0x08007228                __retarget_lock_acquire_recursive
 .text.__retarget_lock_release_recursive
                0x0800722c        0x4 D:/ClionToolchains/gcc-arm-none-eabi-10.3-2021.10/bin/../lib/gcc/arm-none-eabi/13.3.1/thumb/v7e-m+fp/hard\libg.a(libc_a-lock.o)
                0x0800722c                __retarget_lock_release_recursive
 .text.startup.register_fini
                0x08007230       0x14 D:/ClionToolchains/gcc-arm-none-eabi-10.3-2021.10/bin/../lib/gcc/arm-none-eabi/13.3.1/thumb/v7e-m+fp/hard\libg.a(libc_a-__call_atexit.o)
 .text.atexit   0x08007244        0xc D:/ClionToolchains/gcc-arm-none-eabi-10.3-2021.10/bin/../lib/gcc/arm-none-eabi/13.3.1/thumb/v7e-m+fp/hard\libg.a(libc_a-atexit.o)
                0x08007244                atexit
 .text.__libc_fini_array
                0x08007250       0x28 D:/ClionToolchains/gcc-arm-none-eabi-10.3-2021.10/bin/../lib/gcc/arm-none-eabi/13.3.1/thumb/v7e-m+fp/hard\libg.a(libc_a-fini.o)
                0x08007250                __libc_fini_array
 .text.__register_exitproc
                0x08007278       0x80 D:/ClionToolchains/gcc-arm-none-eabi-10.3-2021.10/bin/../lib/gcc/arm-none-eabi/13.3.1/thumb/v7e-m+fp/hard\libg.a(libc_a-__atexit.o)
                0x08007278                __register_exitproc
 *(.glue_7)
 .glue_7        0x080072f8        0x0 linker stubs
 *(.glue_7t)
 .glue_7t       0x080072f8        0x0 linker stubs
 *(.eh_frame)
 .eh_frame      0x080072f8        0x0 D:/ClionToolchains/gcc-arm-none-eabi-10.3-2021.10/bin/../lib/gcc/arm-none-eabi/13.3.1/thumb/v7e-m+fp/hard/crtbegin.o
 *(.init)
 .init          0x080072f8        0x4 D:/ClionToolchains/gcc-arm-none-eabi-10.3-2021.10/bin/../lib/gcc/arm-none-eabi/13.3.1/thumb/v7e-m+fp/hard/crti.o
                0x080072f8                _init
 .init          0x080072fc        0x8 D:/ClionToolchains/gcc-arm-none-eabi-10.3-2021.10/bin/../lib/gcc/arm-none-eabi/13.3.1/thumb/v7e-m+fp/hard/crtn.o
 *(.fini)
 .fini          0x08007304        0x4 D:/ClionToolchains/gcc-arm-none-eabi-10.3-2021.10/bin/../lib/gcc/arm-none-eabi/13.3.1/thumb/v7e-m+fp/hard/crti.o
                0x08007304                _fini
 .fini          0x08007308        0x8 D:/ClionToolchains/gcc-arm-none-eabi-10.3-2021.10/bin/../lib/gcc/arm-none-eabi/13.3.1/thumb/v7e-m+fp/hard/crtn.o
                0x08007310                        . = ALIGN (0x4)
                0x08007310                        _etext = .

.vfp11_veneer   0x08007310        0x0
 .vfp11_veneer  0x08007310        0x0 linker stubs

.v4_bx          0x08007310        0x0
 .v4_bx         0x08007310        0x0 linker stubs

.iplt           0x08007310        0x0
 .iplt          0x08007310        0x0 D:/ClionToolchains/gcc-arm-none-eabi-10.3-2021.10/bin/../lib/gcc/arm-none-eabi/13.3.1/thumb/v7e-m+fp/hard/crtbegin.o

.rodata         0x08007310       0x8c
                0x08007310                        . = ALIGN (0x4)
 *(.rodata)
 .rodata        0x08007310       0x4c CMakeFiles/project.elf.dir/Drivers/STM32H7xx_HAL_Driver/Src/stm32h7xx_hal_fdcan.c.obj
 *(.rodata*)
 .rodata.D1CorePrescTable
                0x0800735c       0x10 CMakeFiles/project.elf.dir/Core/Src/system_stm32h7xx.c.obj
                0x0800735c                D1CorePrescTable
 .rodata.flagBitshiftOffset.0
                0x0800736c        0x8 CMakeFiles/project.elf.dir/Drivers/STM32H7xx_HAL_Driver/Src/stm32h7xx_hal_dma.c.obj
 .rodata.UARTPrescTable
                0x08007374       0x18 CMakeFiles/project.elf.dir/Drivers/STM32H7xx_HAL_Driver/Src/stm32h7xx_hal_uart.c.obj
                0x08007374                UARTPrescTable
 .rodata.denominator.0
                0x0800738c        0x8 CMakeFiles/project.elf.dir/Drivers/STM32H7xx_HAL_Driver/Src/stm32h7xx_hal_uart_ex.c.obj
 .rodata.numerator.1
                0x08007394        0x8 CMakeFiles/project.elf.dir/Drivers/STM32H7xx_HAL_Driver/Src/stm32h7xx_hal_uart_ex.c.obj
                0x0800739c                        . = ALIGN (0x4)

.ARM.extab
 *(.ARM.extab* .gnu.linkonce.armextab.*)

.ARM            0x0800739c       0x98
                0x0800739c                        __exidx_start = .
 *(.ARM.exidx*)
 .ARM.exidx     0x0800739c        0x8 D:/ClionToolchains/gcc-arm-none-eabi-10.3-2021.10/bin/../lib/gcc/arm-none-eabi/13.3.1/thumb/v7e-m+fp/hard\libg.a(libc_a-memcpy.o)
 .ARM.exidx.text.HAL_UARTEx_RxEventCallback
                0x080073a4        0x8 CMakeFiles/project.elf.dir/Core/XTYF/Lib/Driver/USART/drv_usart.cpp.obj
 .ARM.exidx.text.HAL_UART_ErrorCallback
                0x080073ac        0x0 CMakeFiles/project.elf.dir/Core/XTYF/Lib/Driver/USART/drv_usart.cpp.obj
                                  0x8 (size before relaxing)
 .ARM.exidx.text.Task_Init
                0x080073ac        0x8 CMakeFiles/project.elf.dir/Core/XTYF/Robot/Task/task.cpp.obj
 .ARM.exidx.text.__udivmoddi4
                0x080073b4        0x0 D:/ClionToolchains/gcc-arm-none-eabi-10.3-2021.10/bin/../lib/gcc/arm-none-eabi/13.3.1/thumb/v7e-m+fp/hard\libgcc.a(_udivmoddi4.o)
                                  0x8 (size before relaxing)
 .ARM.exidx.text.selfrel_offset31
                0x080073b4        0x0 D:/ClionToolchains/gcc-arm-none-eabi-10.3-2021.10/bin/../lib/gcc/arm-none-eabi/13.3.1/thumb/v7e-m+fp/hard\libgcc.a(unwind-arm.o)
                                  0x8 (size before relaxing)
 .ARM.exidx.text.search_EIT_table
                0x080073b4        0x0 D:/ClionToolchains/gcc-arm-none-eabi-10.3-2021.10/bin/../lib/gcc/arm-none-eabi/13.3.1/thumb/v7e-m+fp/hard\libgcc.a(unwind-arm.o)
                                  0x8 (size before relaxing)
 .ARM.exidx.text.__gnu_unwind_get_pr_addr
                0x080073b4        0x0 D:/ClionToolchains/gcc-arm-none-eabi-10.3-2021.10/bin/../lib/gcc/arm-none-eabi/13.3.1/thumb/v7e-m+fp/hard\libgcc.a(unwind-arm.o)
                                  0x8 (size before relaxing)
 .ARM.exidx.text.get_eit_entry
                0x080073b4        0x8 D:/ClionToolchains/gcc-arm-none-eabi-10.3-2021.10/bin/../lib/gcc/arm-none-eabi/13.3.1/thumb/v7e-m+fp/hard\libgcc.a(unwind-arm.o)
 .ARM.exidx.text.restore_non_core_regs
                0x080073bc        0x8 D:/ClionToolchains/gcc-arm-none-eabi-10.3-2021.10/bin/../lib/gcc/arm-none-eabi/13.3.1/thumb/v7e-m+fp/hard\libgcc.a(unwind-arm.o)
 .ARM.exidx.text._Unwind_decode_typeinfo_ptr.constprop.0
                0x080073c4        0x8 D:/ClionToolchains/gcc-arm-none-eabi-10.3-2021.10/bin/../lib/gcc/arm-none-eabi/13.3.1/thumb/v7e-m+fp/hard\libgcc.a(unwind-arm.o)
 .ARM.exidx.text._Unwind_DebugHook
                0x080073cc        0x0 D:/ClionToolchains/gcc-arm-none-eabi-10.3-2021.10/bin/../lib/gcc/arm-none-eabi/13.3.1/thumb/v7e-m+fp/hard\libgcc.a(unwind-arm.o)
                                  0x8 (size before relaxing)
 .ARM.exidx.text.unwind_phase2
                0x080073cc        0x8 D:/ClionToolchains/gcc-arm-none-eabi-10.3-2021.10/bin/../lib/gcc/arm-none-eabi/13.3.1/thumb/v7e-m+fp/hard\libgcc.a(unwind-arm.o)
 .ARM.exidx.text.unwind_phase2_forced
                0x080073d4        0x8 D:/ClionToolchains/gcc-arm-none-eabi-10.3-2021.10/bin/../lib/gcc/arm-none-eabi/13.3.1/thumb/v7e-m+fp/hard\libgcc.a(unwind-arm.o)
 .ARM.exidx.text.__gnu_Unwind_RaiseException
                0x080073dc        0x8 D:/ClionToolchains/gcc-arm-none-eabi-10.3-2021.10/bin/../lib/gcc/arm-none-eabi/13.3.1/thumb/v7e-m+fp/hard\libgcc.a(unwind-arm.o)
 .ARM.exidx.text.__gnu_Unwind_ForcedUnwind
                0x080073e4        0x8 D:/ClionToolchains/gcc-arm-none-eabi-10.3-2021.10/bin/../lib/gcc/arm-none-eabi/13.3.1/thumb/v7e-m+fp/hard\libgcc.a(unwind-arm.o)
 .ARM.exidx.text.__gnu_Unwind_Resume
                0x080073ec        0x8 D:/ClionToolchains/gcc-arm-none-eabi-10.3-2021.10/bin/../lib/gcc/arm-none-eabi/13.3.1/thumb/v7e-m+fp/hard\libgcc.a(unwind-arm.o)
 .ARM.exidx.text.__gnu_Unwind_Resume_or_Rethrow
                0x080073f4        0x8 D:/ClionToolchains/gcc-arm-none-eabi-10.3-2021.10/bin/../lib/gcc/arm-none-eabi/13.3.1/thumb/v7e-m+fp/hard\libgcc.a(unwind-arm.o)
 .ARM.exidx.text._Unwind_VRS_Get
                0x080073fc        0x0 D:/ClionToolchains/gcc-arm-none-eabi-10.3-2021.10/bin/../lib/gcc/arm-none-eabi/13.3.1/thumb/v7e-m+fp/hard\libgcc.a(unwind-arm.o)
                                  0x8 (size before relaxing)
 .ARM.exidx.text._Unwind_GetGR
                0x080073fc        0x0 D:/ClionToolchains/gcc-arm-none-eabi-10.3-2021.10/bin/../lib/gcc/arm-none-eabi/13.3.1/thumb/v7e-m+fp/hard\libgcc.a(unwind-arm.o)
                                  0x8 (size before relaxing)
 .ARM.exidx.text._Unwind_VRS_Set
                0x080073fc        0x0 D:/ClionToolchains/gcc-arm-none-eabi-10.3-2021.10/bin/../lib/gcc/arm-none-eabi/13.3.1/thumb/v7e-m+fp/hard\libgcc.a(unwind-arm.o)
                                  0x8 (size before relaxing)
 .ARM.exidx.text._Unwind_SetGR
                0x080073fc        0x0 D:/ClionToolchains/gcc-arm-none-eabi-10.3-2021.10/bin/../lib/gcc/arm-none-eabi/13.3.1/thumb/v7e-m+fp/hard\libgcc.a(unwind-arm.o)
                                  0x8 (size before relaxing)
 .ARM.exidx.text.__gnu_Unwind_Backtrace
                0x080073fc        0x8 D:/ClionToolchains/gcc-arm-none-eabi-10.3-2021.10/bin/../lib/gcc/arm-none-eabi/13.3.1/thumb/v7e-m+fp/hard\libgcc.a(unwind-arm.o)
 .ARM.exidx.text.__gnu_unwind_pr_common
                0x08007404        0x8 D:/ClionToolchains/gcc-arm-none-eabi-10.3-2021.10/bin/../lib/gcc/arm-none-eabi/13.3.1/thumb/v7e-m+fp/hard\libgcc.a(unwind-arm.o)
 .ARM.exidx.text.__aeabi_unwind_cpp_pr0
                0x0800740c        0x8 D:/ClionToolchains/gcc-arm-none-eabi-10.3-2021.10/bin/../lib/gcc/arm-none-eabi/13.3.1/thumb/v7e-m+fp/hard\libgcc.a(unwind-arm.o)
 .ARM.exidx.text.__aeabi_unwind_cpp_pr1
                0x08007414        0x0 D:/ClionToolchains/gcc-arm-none-eabi-10.3-2021.10/bin/../lib/gcc/arm-none-eabi/13.3.1/thumb/v7e-m+fp/hard\libgcc.a(unwind-arm.o)
                                  0x8 (size before relaxing)
 .ARM.exidx.text.__aeabi_unwind_cpp_pr2
                0x08007414        0x0 D:/ClionToolchains/gcc-arm-none-eabi-10.3-2021.10/bin/../lib/gcc/arm-none-eabi/13.3.1/thumb/v7e-m+fp/hard\libgcc.a(unwind-arm.o)
                                  0x8 (size before relaxing)
 .ARM.exidx.text._Unwind_VRS_Pop
                0x08007414        0x8 D:/ClionToolchains/gcc-arm-none-eabi-10.3-2021.10/bin/../lib/gcc/arm-none-eabi/13.3.1/thumb/v7e-m+fp/hard\libgcc.a(unwind-arm.o)
 .ARM.exidx.text.next_unwind_byte
                0x0800741c        0x8 D:/ClionToolchains/gcc-arm-none-eabi-10.3-2021.10/bin/../lib/gcc/arm-none-eabi/13.3.1/thumb/v7e-m+fp/hard\libgcc.a(pr-support.o)
 .ARM.exidx.text.__gnu_unwind_execute
                0x08007424       0x10 D:/ClionToolchains/gcc-arm-none-eabi-10.3-2021.10/bin/../lib/gcc/arm-none-eabi/13.3.1/thumb/v7e-m+fp/hard\libgcc.a(pr-support.o)
                                  0x8 (size before relaxing)
                0x08007434                        __exidx_end = .

.preinit_array  0x08007434        0x0
                0x08007434                        PROVIDE (__preinit_array_start = .)
 *(.preinit_array*)
                0x08007434                        PROVIDE (__preinit_array_end = .)

.init_array     0x08007434        0x8
                0x08007434                        PROVIDE (__init_array_start = .)
 *(SORT_BY_NAME(.init_array.*))
 .init_array.00000
                0x08007434        0x4 D:/ClionToolchains/gcc-arm-none-eabi-10.3-2021.10/bin/../lib/gcc/arm-none-eabi/13.3.1/thumb/v7e-m+fp/hard\libg.a(libc_a-__call_atexit.o)
 *(.init_array*)
 .init_array    0x08007438        0x4 D:/ClionToolchains/gcc-arm-none-eabi-10.3-2021.10/bin/../lib/gcc/arm-none-eabi/13.3.1/thumb/v7e-m+fp/hard/crtbegin.o
                0x0800743c                        PROVIDE (__init_array_end = .)

.fini_array     0x0800743c        0x4
                0x0800743c                        PROVIDE (__fini_array_start = .)
 *(SORT_BY_NAME(.fini_array.*))
 *(.fini_array*)
 .fini_array    0x0800743c        0x4 D:/ClionToolchains/gcc-arm-none-eabi-10.3-2021.10/bin/../lib/gcc/arm-none-eabi/13.3.1/thumb/v7e-m+fp/hard/crtbegin.o
                0x08007440                        PROVIDE (__fini_array_end = .)
                0x08007440                        _sidata = LOADADDR (.data)

.rel.dyn        0x08007440        0x0
 .rel.iplt      0x08007440        0x0 D:/ClionToolchains/gcc-arm-none-eabi-10.3-2021.10/bin/../lib/gcc/arm-none-eabi/13.3.1/thumb/v7e-m+fp/hard/crtbegin.o

.data           0x24000000      0x15c load address 0x08007440
                0x24000000                        . = ALIGN (0x4)
                0x24000000                        _sdata = .
 *(.data)
 *(.data*)
 .data.SystemD2Clock
                0x24000000        0x4 CMakeFiles/project.elf.dir/Core/Src/system_stm32h7xx.c.obj
                0x24000000                SystemD2Clock
 .data.SystemCoreClock
                0x24000004        0x4 CMakeFiles/project.elf.dir/Core/Src/system_stm32h7xx.c.obj
                0x24000004                SystemCoreClock
 .data.uwTickFreq
                0x24000008        0x1 CMakeFiles/project.elf.dir/Drivers/STM32H7xx_HAL_Driver/Src/stm32h7xx_hal.c.obj
                0x24000008                uwTickFreq
 *fill*         0x24000009        0x3 
 .data.uwTickPrio
                0x2400000c        0x4 CMakeFiles/project.elf.dir/Drivers/STM32H7xx_HAL_Driver/Src/stm32h7xx_hal.c.obj
                0x2400000c                uwTickPrio
 .data._impure_ptr
                0x24000010        0x4 D:/ClionToolchains/gcc-arm-none-eabi-10.3-2021.10/bin/../lib/gcc/arm-none-eabi/13.3.1/thumb/v7e-m+fp/hard\libg.a(libc_a-impure.o)
                0x24000010                _impure_ptr
 *fill*         0x24000014        0x4 
 .data._impure_data
                0x24000018      0x140 D:/ClionToolchains/gcc-arm-none-eabi-10.3-2021.10/bin/../lib/gcc/arm-none-eabi/13.3.1/thumb/v7e-m+fp/hard\libg.a(libc_a-impure.o)
                0x24000018                _impure_data
 .data.__atexit_recursive_mutex
                0x24000158        0x4 D:/ClionToolchains/gcc-arm-none-eabi-10.3-2021.10/bin/../lib/gcc/arm-none-eabi/13.3.1/thumb/v7e-m+fp/hard\libg.a(libc_a-__call_atexit.o)
                0x24000158                __atexit_recursive_mutex
 *(.RamFunc)
 *(.RamFunc*)
                0x2400015c                        . = ALIGN (0x4)
                0x2400015c                        _edata = .

.tm_clone_table
                0x2400015c        0x0 load address 0x0800759c
 .tm_clone_table
                0x2400015c        0x0 D:/ClionToolchains/gcc-arm-none-eabi-10.3-2021.10/bin/../lib/gcc/arm-none-eabi/13.3.1/thumb/v7e-m+fp/hard/crtbegin.o
 .tm_clone_table
                0x2400015c        0x0 D:/ClionToolchains/gcc-arm-none-eabi-10.3-2021.10/bin/../lib/gcc/arm-none-eabi/13.3.1/thumb/v7e-m+fp/hard/crtend.o

.igot.plt       0x2400015c        0x0 load address 0x0800759c
 .igot.plt      0x2400015c        0x0 D:/ClionToolchains/gcc-arm-none-eabi-10.3-2021.10/bin/../lib/gcc/arm-none-eabi/13.3.1/thumb/v7e-m+fp/hard/crtbegin.o
                0x2400015c                        . = ALIGN (0x4)

.bss            0x2400015c     0x2d1c load address 0x0800759c
                0x2400015c                        _sbss = .
                0x2400015c                        __bss_start__ = _sbss
 *(.bss)
 *(.bss*)
 .bss.completed.1
                0x2400015c        0x1 D:/ClionToolchains/gcc-arm-none-eabi-10.3-2021.10/bin/../lib/gcc/arm-none-eabi/13.3.1/thumb/v7e-m+fp/hard/crtbegin.o
 *fill*         0x2400015d        0x3 
 .bss.object.0  0x24000160       0x18 D:/ClionToolchains/gcc-arm-none-eabi-10.3-2021.10/bin/../lib/gcc/arm-none-eabi/13.3.1/thumb/v7e-m+fp/hard/crtbegin.o
 .bss.hfdcan1   0x24000178       0xa0 CMakeFiles/project.elf.dir/Core/Src/fdcan.c.obj
                0x24000178                hfdcan1
 .bss.hdma_uart5_rx
                0x24000218       0x78 CMakeFiles/project.elf.dir/Core/Src/usart.c.obj
                0x24000218                hdma_uart5_rx
 .bss.huart5    0x24000290       0x94 CMakeFiles/project.elf.dir/Core/Src/usart.c.obj
                0x24000290                huart5
 .bss.USART10_Manage_Object
                0x24000324      0x40c CMakeFiles/project.elf.dir/Core/XTYF/Lib/Driver/USART/drv_usart.cpp.obj
                0x24000324                USART10_Manage_Object
 .bss.UART9_Manage_Object
                0x24000730      0x40c CMakeFiles/project.elf.dir/Core/XTYF/Lib/Driver/USART/drv_usart.cpp.obj
                0x24000730                UART9_Manage_Object
 .bss.UART8_Manage_Object
                0x24000b3c      0x40c CMakeFiles/project.elf.dir/Core/XTYF/Lib/Driver/USART/drv_usart.cpp.obj
                0x24000b3c                UART8_Manage_Object
 .bss.UART7_Manage_Object
                0x24000f48      0x40c CMakeFiles/project.elf.dir/Core/XTYF/Lib/Driver/USART/drv_usart.cpp.obj
                0x24000f48                UART7_Manage_Object
 .bss.USART6_Manage_Object
                0x24001354      0x40c CMakeFiles/project.elf.dir/Core/XTYF/Lib/Driver/USART/drv_usart.cpp.obj
                0x24001354                USART6_Manage_Object
 .bss.UART5_Manage_Object
                0x24001760      0x40c CMakeFiles/project.elf.dir/Core/XTYF/Lib/Driver/USART/drv_usart.cpp.obj
                0x24001760                UART5_Manage_Object
 .bss.UART4_Manage_Object
                0x24001b6c      0x40c CMakeFiles/project.elf.dir/Core/XTYF/Lib/Driver/USART/drv_usart.cpp.obj
                0x24001b6c                UART4_Manage_Object
 .bss.USART3_Manage_Object
                0x24001f78      0x40c CMakeFiles/project.elf.dir/Core/XTYF/Lib/Driver/USART/drv_usart.cpp.obj
                0x24001f78                USART3_Manage_Object
 .bss.USART2_Manage_Object
                0x24002384      0x40c CMakeFiles/project.elf.dir/Core/XTYF/Lib/Driver/USART/drv_usart.cpp.obj
                0x24002384                USART2_Manage_Object
 .bss.USART1_Manage_Object
                0x24002790      0x40c CMakeFiles/project.elf.dir/Core/XTYF/Lib/Driver/USART/drv_usart.cpp.obj
                0x24002790                USART1_Manage_Object
 .bss.init_finished
                0x24002b9c        0x1 CMakeFiles/project.elf.dir/Core/XTYF/Robot/Task/task.cpp.obj
                0x24002b9c                init_finished
 *fill*         0x24002b9d        0x3 
 .bss.uwTick    0x24002ba0        0x4 CMakeFiles/project.elf.dir/Drivers/STM32H7xx_HAL_Driver/Src/stm32h7xx_hal.c.obj
                0x24002ba0                uwTick
 .bss.__sf      0x24002ba4      0x138 D:/ClionToolchains/gcc-arm-none-eabi-10.3-2021.10/bin/../lib/gcc/arm-none-eabi/13.3.1/thumb/v7e-m+fp/hard\libg.a(libc_a-findfp.o)
                0x24002ba4                __sf
 .bss.errno     0x24002cdc        0x4 D:/ClionToolchains/gcc-arm-none-eabi-10.3-2021.10/bin/../lib/gcc/arm-none-eabi/13.3.1/thumb/v7e-m+fp/hard\libg.a(libc_a-reent.o)
                0x24002cdc                errno
 .bss.__lock___atexit_recursive_mutex
                0x24002ce0        0x1 D:/ClionToolchains/gcc-arm-none-eabi-10.3-2021.10/bin/../lib/gcc/arm-none-eabi/13.3.1/thumb/v7e-m+fp/hard\libg.a(libc_a-lock.o)
                0x24002ce0                __lock___atexit_recursive_mutex
 *fill*         0x24002ce1        0x3 
 .bss.__atexit  0x24002ce4        0x4 D:/ClionToolchains/gcc-arm-none-eabi-10.3-2021.10/bin/../lib/gcc/arm-none-eabi/13.3.1/thumb/v7e-m+fp/hard\libg.a(libc_a-__call_atexit.o)
                0x24002ce4                __atexit
 .bss.__atexit0
                0x24002ce8      0x190 D:/ClionToolchains/gcc-arm-none-eabi-10.3-2021.10/bin/../lib/gcc/arm-none-eabi/13.3.1/thumb/v7e-m+fp/hard\libg.a(libc_a-__atexit.o)
                0x24002ce8                __atexit0
 *(COMMON)
                0x24002e78                        . = ALIGN (0x4)
                0x24002e78                        _ebss = .
                0x24002e78                        __bss_end__ = _ebss

._user_heap_stack
                0x24002e78      0x600 load address 0x0800759c
                0x24002e78                        . = ALIGN (0x8)
                [!provide]                        PROVIDE (end = .)
                0x24002e78                        PROVIDE (_end = .)
                0x24003078                        . = (. + _Min_Heap_Size)
 *fill*         0x24002e78      0x200 
                0x24003478                        . = (. + _Min_Stack_Size)
 *fill*         0x24003078      0x400 
                0x24003478                        . = ALIGN (0x8)

/DISCARD/
 libc.a(*)
 libm.a(*)
 libgcc.a(*)

.ARM.attributes
                0x00000000       0x30
 *(.ARM.attributes)
 .ARM.attributes
                0x00000000       0x22 D:/ClionToolchains/gcc-arm-none-eabi-10.3-2021.10/bin/../lib/gcc/arm-none-eabi/13.3.1/thumb/v7e-m+fp/hard/crti.o
 .ARM.attributes
                0x00000022       0x34 D:/ClionToolchains/gcc-arm-none-eabi-10.3-2021.10/bin/../lib/gcc/arm-none-eabi/13.3.1/thumb/v7e-m+fp/hard/crtbegin.o
 .ARM.attributes
                0x00000056       0x34 CMakeFiles/project.elf.dir/Core/Src/dma.c.obj
 .ARM.attributes
                0x0000008a       0x34 CMakeFiles/project.elf.dir/Core/Src/fdcan.c.obj
 .ARM.attributes
                0x000000be       0x34 CMakeFiles/project.elf.dir/Core/Src/gpio.c.obj
 .ARM.attributes
                0x000000f2       0x34 CMakeFiles/project.elf.dir/Core/Src/main.c.obj
 .ARM.attributes
                0x00000126       0x34 CMakeFiles/project.elf.dir/Core/Src/stm32h7xx_hal_msp.c.obj
 .ARM.attributes
                0x0000015a       0x34 CMakeFiles/project.elf.dir/Core/Src/stm32h7xx_it.c.obj
 .ARM.attributes
                0x0000018e       0x34 CMakeFiles/project.elf.dir/Core/Src/system_stm32h7xx.c.obj
 .ARM.attributes
                0x000001c2       0x34 CMakeFiles/project.elf.dir/Core/Src/usart.c.obj
 .ARM.attributes
                0x000001f6       0x21 CMakeFiles/project.elf.dir/Core/Startup/startup_stm32h723vgtx.s.obj
 .ARM.attributes
                0x00000217       0x34 CMakeFiles/project.elf.dir/Core/XTYF/Lib/Driver/USART/drv_usart.cpp.obj
 .ARM.attributes
                0x0000024b       0x34 CMakeFiles/project.elf.dir/Core/XTYF/Robot/Task/task.cpp.obj
 .ARM.attributes
                0x0000027f       0x34 CMakeFiles/project.elf.dir/Drivers/STM32H7xx_HAL_Driver/Src/stm32h7xx_hal.c.obj
 .ARM.attributes
                0x000002b3       0x34 CMakeFiles/project.elf.dir/Drivers/STM32H7xx_HAL_Driver/Src/stm32h7xx_hal_cortex.c.obj
 .ARM.attributes
                0x000002e7       0x34 CMakeFiles/project.elf.dir/Drivers/STM32H7xx_HAL_Driver/Src/stm32h7xx_hal_dma.c.obj
 .ARM.attributes
                0x0000031b       0x34 CMakeFiles/project.elf.dir/Drivers/STM32H7xx_HAL_Driver/Src/stm32h7xx_hal_fdcan.c.obj
 .ARM.attributes
                0x0000034f       0x34 CMakeFiles/project.elf.dir/Drivers/STM32H7xx_HAL_Driver/Src/stm32h7xx_hal_gpio.c.obj
 .ARM.attributes
                0x00000383       0x34 CMakeFiles/project.elf.dir/Drivers/STM32H7xx_HAL_Driver/Src/stm32h7xx_hal_pwr_ex.c.obj
 .ARM.attributes
                0x000003b7       0x34 CMakeFiles/project.elf.dir/Drivers/STM32H7xx_HAL_Driver/Src/stm32h7xx_hal_rcc.c.obj
 .ARM.attributes
                0x000003eb       0x34 CMakeFiles/project.elf.dir/Drivers/STM32H7xx_HAL_Driver/Src/stm32h7xx_hal_rcc_ex.c.obj
 .ARM.attributes
                0x0000041f       0x34 CMakeFiles/project.elf.dir/Drivers/STM32H7xx_HAL_Driver/Src/stm32h7xx_hal_uart.c.obj
 .ARM.attributes
                0x00000453       0x34 CMakeFiles/project.elf.dir/Drivers/STM32H7xx_HAL_Driver/Src/stm32h7xx_hal_uart_ex.c.obj
 .ARM.attributes
                0x00000487       0x22 D:/ClionToolchains/gcc-arm-none-eabi-10.3-2021.10/bin/../lib/gcc/arm-none-eabi/13.3.1/thumb/v7e-m+fp/hard\libgcc.a(_aeabi_uldivmod.o)
 .ARM.attributes
                0x000004a9       0x34 D:/ClionToolchains/gcc-arm-none-eabi-10.3-2021.10/bin/../lib/gcc/arm-none-eabi/13.3.1/thumb/v7e-m+fp/hard\libgcc.a(_udivmoddi4.o)
 .ARM.attributes
                0x000004dd       0x34 D:/ClionToolchains/gcc-arm-none-eabi-10.3-2021.10/bin/../lib/gcc/arm-none-eabi/13.3.1/thumb/v7e-m+fp/hard\libgcc.a(unwind-arm.o)
 .ARM.attributes
                0x00000511       0x22 D:/ClionToolchains/gcc-arm-none-eabi-10.3-2021.10/bin/../lib/gcc/arm-none-eabi/13.3.1/thumb/v7e-m+fp/hard\libgcc.a(libunwind.o)
 .ARM.attributes
                0x00000533       0x34 D:/ClionToolchains/gcc-arm-none-eabi-10.3-2021.10/bin/../lib/gcc/arm-none-eabi/13.3.1/thumb/v7e-m+fp/hard\libgcc.a(pr-support.o)
 .ARM.attributes
                0x00000567       0x22 D:/ClionToolchains/gcc-arm-none-eabi-10.3-2021.10/bin/../lib/gcc/arm-none-eabi/13.3.1/thumb/v7e-m+fp/hard\libgcc.a(_dvmd_tls.o)
 .ARM.attributes
                0x00000589       0x34 D:/ClionToolchains/gcc-arm-none-eabi-10.3-2021.10/bin/../lib/gcc/arm-none-eabi/13.3.1/thumb/v7e-m+fp/hard\libg.a(libc_a-abort.o)
 .ARM.attributes
                0x000005bd       0x34 D:/ClionToolchains/gcc-arm-none-eabi-10.3-2021.10/bin/../lib/gcc/arm-none-eabi/13.3.1/thumb/v7e-m+fp/hard\libg.a(libc_a-findfp.o)
 .ARM.attributes
                0x000005f1       0x34 D:/ClionToolchains/gcc-arm-none-eabi-10.3-2021.10/bin/../lib/gcc/arm-none-eabi/13.3.1/thumb/v7e-m+fp/hard\libg.a(libc_a-memset.o)
 .ARM.attributes
                0x00000625       0x34 D:/ClionToolchains/gcc-arm-none-eabi-10.3-2021.10/bin/../lib/gcc/arm-none-eabi/13.3.1/thumb/v7e-m+fp/hard\libg.a(libc_a-signal.o)
 .ARM.attributes
                0x00000659       0x34 D:/ClionToolchains/gcc-arm-none-eabi-10.3-2021.10/bin/../lib/gcc/arm-none-eabi/13.3.1/thumb/v7e-m+fp/hard\libg.a(libc_a-reent.o)
 .ARM.attributes
                0x0000068d       0x34 D:/ClionToolchains/gcc-arm-none-eabi-10.3-2021.10/bin/../lib/gcc/arm-none-eabi/13.3.1/thumb/v7e-m+fp/hard\libg.a(libc_a-impure.o)
 .ARM.attributes
                0x000006c1       0x34 D:/ClionToolchains/gcc-arm-none-eabi-10.3-2021.10/bin/../lib/gcc/arm-none-eabi/13.3.1/thumb/v7e-m+fp/hard\libg.a(libc_a-signalr.o)
 .ARM.attributes
                0x000006f5       0x34 D:/ClionToolchains/gcc-arm-none-eabi-10.3-2021.10/bin/../lib/gcc/arm-none-eabi/13.3.1/thumb/v7e-m+fp/hard\libg.a(libc_a-errno.o)
 .ARM.attributes
                0x00000729       0x34 D:/ClionToolchains/gcc-arm-none-eabi-10.3-2021.10/bin/../lib/gcc/arm-none-eabi/13.3.1/thumb/v7e-m+fp/hard\libg.a(libc_a-init.o)
 .ARM.attributes
                0x0000075d       0x34 D:/ClionToolchains/gcc-arm-none-eabi-10.3-2021.10/bin/../lib/gcc/arm-none-eabi/13.3.1/thumb/v7e-m+fp/hard\libg.a(libc_a-lock.o)
 .ARM.attributes
                0x00000791       0x20 D:/ClionToolchains/gcc-arm-none-eabi-10.3-2021.10/bin/../lib/gcc/arm-none-eabi/13.3.1/thumb/v7e-m+fp/hard\libg.a(libc_a-memcpy.o)
 .ARM.attributes
                0x000007b1       0x34 D:/ClionToolchains/gcc-arm-none-eabi-10.3-2021.10/bin/../lib/gcc/arm-none-eabi/13.3.1/thumb/v7e-m+fp/hard\libg.a(libc_a-__call_atexit.o)
 .ARM.attributes
                0x000007e5       0x34 D:/ClionToolchains/gcc-arm-none-eabi-10.3-2021.10/bin/../lib/gcc/arm-none-eabi/13.3.1/thumb/v7e-m+fp/hard\libg.a(libc_a-atexit.o)
 .ARM.attributes
                0x00000819       0x34 D:/ClionToolchains/gcc-arm-none-eabi-10.3-2021.10/bin/../lib/gcc/arm-none-eabi/13.3.1/thumb/v7e-m+fp/hard\libg.a(libc_a-fini.o)
 .ARM.attributes
                0x0000084d       0x34 D:/ClionToolchains/gcc-arm-none-eabi-10.3-2021.10/bin/../lib/gcc/arm-none-eabi/13.3.1/thumb/v7e-m+fp/hard\libg.a(libc_a-__atexit.o)
 .ARM.attributes
                0x00000881       0x34 D:/ClionToolchains/gcc-arm-none-eabi-10.3-2021.10/bin/../lib/gcc/arm-none-eabi/13.3.1/thumb/v7e-m+fp/hard/crtend.o
 .ARM.attributes
                0x000008b5       0x22 D:/ClionToolchains/gcc-arm-none-eabi-10.3-2021.10/bin/../lib/gcc/arm-none-eabi/13.3.1/thumb/v7e-m+fp/hard/crtn.o
OUTPUT(project.elf elf32-littlearm)
LOAD linker stubs
LOAD D:/ClionToolchains/gcc-arm-none-eabi-10.3-2021.10/bin/../lib/gcc/arm-none-eabi/13.3.1/thumb/v7e-m+fp/hard\libc.a
LOAD D:/ClionToolchains/gcc-arm-none-eabi-10.3-2021.10/bin/../lib/gcc/arm-none-eabi/13.3.1/thumb/v7e-m+fp/hard\libm.a
LOAD D:/ClionToolchains/gcc-arm-none-eabi-10.3-2021.10/bin/../lib/gcc/arm-none-eabi/13.3.1/thumb/v7e-m+fp/hard\libgcc.a

.debug_info     0x00000000    0x1c8f0
 .debug_info    0x00000000      0x843 CMakeFiles/project.elf.dir/Core/Src/dma.c.obj
 .debug_info    0x00000843     0x1640 CMakeFiles/project.elf.dir/Core/Src/fdcan.c.obj
 .debug_info    0x00001e83      0x4af CMakeFiles/project.elf.dir/Core/Src/gpio.c.obj
 .debug_info    0x00002332      0x66d CMakeFiles/project.elf.dir/Core/Src/main.c.obj
 .debug_info    0x0000299f      0x460 CMakeFiles/project.elf.dir/Core/Src/stm32h7xx_hal_msp.c.obj
 .debug_info    0x00002dff     0x1051 CMakeFiles/project.elf.dir/Core/Src/stm32h7xx_it.c.obj
 .debug_info    0x00003e50      0xc19 CMakeFiles/project.elf.dir/Core/Src/system_stm32h7xx.c.obj
 .debug_info    0x00004a69     0x16ea CMakeFiles/project.elf.dir/Core/Src/usart.c.obj
 .debug_info    0x00006153       0x30 CMakeFiles/project.elf.dir/Core/Startup/startup_stm32h723vgtx.s.obj
 .debug_info    0x00006183     0x2712 CMakeFiles/project.elf.dir/Core/XTYF/Lib/Driver/USART/drv_usart.cpp.obj
 .debug_info    0x00008895     0x1792 CMakeFiles/project.elf.dir/Core/XTYF/Robot/Task/task.cpp.obj
 .debug_info    0x0000a027     0x1796 CMakeFiles/project.elf.dir/Drivers/STM32H7xx_HAL_Driver/Src/stm32h7xx_hal.c.obj
 .debug_info    0x0000b7bd     0x130e CMakeFiles/project.elf.dir/Drivers/STM32H7xx_HAL_Driver/Src/stm32h7xx_hal_cortex.c.obj
 .debug_info    0x0000cacb      0xe90 CMakeFiles/project.elf.dir/Drivers/STM32H7xx_HAL_Driver/Src/stm32h7xx_hal_dma.c.obj
 .debug_info    0x0000d95b     0x3275 CMakeFiles/project.elf.dir/Drivers/STM32H7xx_HAL_Driver/Src/stm32h7xx_hal_fdcan.c.obj
 .debug_info    0x00010bd0      0xca7 CMakeFiles/project.elf.dir/Drivers/STM32H7xx_HAL_Driver/Src/stm32h7xx_hal_gpio.c.obj
 .debug_info    0x00011877      0xf2c CMakeFiles/project.elf.dir/Drivers/STM32H7xx_HAL_Driver/Src/stm32h7xx_hal_pwr_ex.c.obj
 .debug_info    0x000127a3     0x1046 CMakeFiles/project.elf.dir/Drivers/STM32H7xx_HAL_Driver/Src/stm32h7xx_hal_rcc.c.obj
 .debug_info    0x000137e9     0x1984 CMakeFiles/project.elf.dir/Drivers/STM32H7xx_HAL_Driver/Src/stm32h7xx_hal_rcc_ex.c.obj
 .debug_info    0x0001516d     0x655d CMakeFiles/project.elf.dir/Drivers/STM32H7xx_HAL_Driver/Src/stm32h7xx_hal_uart.c.obj
 .debug_info    0x0001b6ca     0x1226 CMakeFiles/project.elf.dir/Drivers/STM32H7xx_HAL_Driver/Src/stm32h7xx_hal_uart_ex.c.obj

.debug_abbrev   0x00000000     0x2e43
 .debug_abbrev  0x00000000      0x13b CMakeFiles/project.elf.dir/Core/Src/dma.c.obj
 .debug_abbrev  0x0000013b      0x225 CMakeFiles/project.elf.dir/Core/Src/fdcan.c.obj
 .debug_abbrev  0x00000360       0xe6 CMakeFiles/project.elf.dir/Core/Src/gpio.c.obj
 .debug_abbrev  0x00000446      0x223 CMakeFiles/project.elf.dir/Core/Src/main.c.obj
 .debug_abbrev  0x00000669       0xd9 CMakeFiles/project.elf.dir/Core/Src/stm32h7xx_hal_msp.c.obj
 .debug_abbrev  0x00000742      0x1ad CMakeFiles/project.elf.dir/Core/Src/stm32h7xx_it.c.obj
 .debug_abbrev  0x000008ef      0x157 CMakeFiles/project.elf.dir/Core/Src/system_stm32h7xx.c.obj
 .debug_abbrev  0x00000a46      0x271 CMakeFiles/project.elf.dir/Core/Src/usart.c.obj
 .debug_abbrev  0x00000cb7       0x24 CMakeFiles/project.elf.dir/Core/Startup/startup_stm32h723vgtx.s.obj
 .debug_abbrev  0x00000cdb      0x32c CMakeFiles/project.elf.dir/Core/XTYF/Lib/Driver/USART/drv_usart.cpp.obj
 .debug_abbrev  0x00001007      0x195 CMakeFiles/project.elf.dir/Core/XTYF/Robot/Task/task.cpp.obj
 .debug_abbrev  0x0000119c      0x2c3 CMakeFiles/project.elf.dir/Drivers/STM32H7xx_HAL_Driver/Src/stm32h7xx_hal.c.obj
 .debug_abbrev  0x0000145f      0x3ad CMakeFiles/project.elf.dir/Drivers/STM32H7xx_HAL_Driver/Src/stm32h7xx_hal_cortex.c.obj
 .debug_abbrev  0x0000180c      0x29c CMakeFiles/project.elf.dir/Drivers/STM32H7xx_HAL_Driver/Src/stm32h7xx_hal_dma.c.obj
 .debug_abbrev  0x00001aa8      0x2be CMakeFiles/project.elf.dir/Drivers/STM32H7xx_HAL_Driver/Src/stm32h7xx_hal_fdcan.c.obj
 .debug_abbrev  0x00001d66      0x255 CMakeFiles/project.elf.dir/Drivers/STM32H7xx_HAL_Driver/Src/stm32h7xx_hal_gpio.c.obj
 .debug_abbrev  0x00001fbb      0x2b5 CMakeFiles/project.elf.dir/Drivers/STM32H7xx_HAL_Driver/Src/stm32h7xx_hal_pwr_ex.c.obj
 .debug_abbrev  0x00002270      0x294 CMakeFiles/project.elf.dir/Drivers/STM32H7xx_HAL_Driver/Src/stm32h7xx_hal_rcc.c.obj
 .debug_abbrev  0x00002504      0x282 CMakeFiles/project.elf.dir/Drivers/STM32H7xx_HAL_Driver/Src/stm32h7xx_hal_rcc_ex.c.obj
 .debug_abbrev  0x00002786      0x37a CMakeFiles/project.elf.dir/Drivers/STM32H7xx_HAL_Driver/Src/stm32h7xx_hal_uart.c.obj
 .debug_abbrev  0x00002b00      0x343 CMakeFiles/project.elf.dir/Drivers/STM32H7xx_HAL_Driver/Src/stm32h7xx_hal_uart_ex.c.obj

.debug_aranges  0x00000000      0xee0
 .debug_aranges
                0x00000000       0x20 CMakeFiles/project.elf.dir/Core/Src/dma.c.obj
 .debug_aranges
                0x00000020       0x30 CMakeFiles/project.elf.dir/Core/Src/fdcan.c.obj
 .debug_aranges
                0x00000050       0x20 CMakeFiles/project.elf.dir/Core/Src/gpio.c.obj
 .debug_aranges
                0x00000070       0x38 CMakeFiles/project.elf.dir/Core/Src/main.c.obj
 .debug_aranges
                0x000000a8       0x20 CMakeFiles/project.elf.dir/Core/Src/stm32h7xx_hal_msp.c.obj
 .debug_aranges
                0x000000c8       0x80 CMakeFiles/project.elf.dir/Core/Src/stm32h7xx_it.c.obj
 .debug_aranges
                0x00000148       0x30 CMakeFiles/project.elf.dir/Core/Src/system_stm32h7xx.c.obj
 .debug_aranges
                0x00000178       0x30 CMakeFiles/project.elf.dir/Core/Src/usart.c.obj
 .debug_aranges
                0x000001a8       0x28 CMakeFiles/project.elf.dir/Core/Startup/startup_stm32h723vgtx.s.obj
 .debug_aranges
                0x000001d0       0x40 CMakeFiles/project.elf.dir/Core/XTYF/Lib/Driver/USART/drv_usart.cpp.obj
 .debug_aranges
                0x00000210       0x28 CMakeFiles/project.elf.dir/Core/XTYF/Robot/Task/task.cpp.obj
 .debug_aranges
                0x00000238      0x1c8 CMakeFiles/project.elf.dir/Drivers/STM32H7xx_HAL_Driver/Src/stm32h7xx_hal.c.obj
 .debug_aranges
                0x00000400       0xf8 CMakeFiles/project.elf.dir/Drivers/STM32H7xx_HAL_Driver/Src/stm32h7xx_hal_cortex.c.obj
 .debug_aranges
                0x000004f8       0xa0 CMakeFiles/project.elf.dir/Drivers/STM32H7xx_HAL_Driver/Src/stm32h7xx_hal_dma.c.obj
 .debug_aranges
                0x00000598      0x338 CMakeFiles/project.elf.dir/Drivers/STM32H7xx_HAL_Driver/Src/stm32h7xx_hal_fdcan.c.obj
 .debug_aranges
                0x000008d0       0x58 CMakeFiles/project.elf.dir/Drivers/STM32H7xx_HAL_Driver/Src/stm32h7xx_hal_gpio.c.obj
 .debug_aranges
                0x00000928      0x148 CMakeFiles/project.elf.dir/Drivers/STM32H7xx_HAL_Driver/Src/stm32h7xx_hal_pwr_ex.c.obj
 .debug_aranges
                0x00000a70       0x88 CMakeFiles/project.elf.dir/Drivers/STM32H7xx_HAL_Driver/Src/stm32h7xx_hal_rcc.c.obj
 .debug_aranges
                0x00000af8       0xf8 CMakeFiles/project.elf.dir/Drivers/STM32H7xx_HAL_Driver/Src/stm32h7xx_hal_rcc_ex.c.obj
 .debug_aranges
                0x00000bf0      0x248 CMakeFiles/project.elf.dir/Drivers/STM32H7xx_HAL_Driver/Src/stm32h7xx_hal_uart.c.obj
 .debug_aranges
                0x00000e38       0xa8 CMakeFiles/project.elf.dir/Drivers/STM32H7xx_HAL_Driver/Src/stm32h7xx_hal_uart_ex.c.obj

.debug_rnglists
                0x00000000      0xbc8
 .debug_rnglists
                0x00000000       0x13 CMakeFiles/project.elf.dir/Core/Src/dma.c.obj
 .debug_rnglists
                0x00000013       0x20 CMakeFiles/project.elf.dir/Core/Src/fdcan.c.obj
 .debug_rnglists
                0x00000033       0x13 CMakeFiles/project.elf.dir/Core/Src/gpio.c.obj
 .debug_rnglists
                0x00000046       0x26 CMakeFiles/project.elf.dir/Core/Src/main.c.obj
 .debug_rnglists
                0x0000006c       0x13 CMakeFiles/project.elf.dir/Core/Src/stm32h7xx_hal_msp.c.obj
 .debug_rnglists
                0x0000007f       0x5b CMakeFiles/project.elf.dir/Core/Src/stm32h7xx_it.c.obj
 .debug_rnglists
                0x000000da       0x21 CMakeFiles/project.elf.dir/Core/Src/system_stm32h7xx.c.obj
 .debug_rnglists
                0x000000fb       0x20 CMakeFiles/project.elf.dir/Core/Src/usart.c.obj
 .debug_rnglists
                0x0000011b       0x19 CMakeFiles/project.elf.dir/Core/Startup/startup_stm32h723vgtx.s.obj
 .debug_rnglists
                0x00000134       0x2f CMakeFiles/project.elf.dir/Core/XTYF/Lib/Driver/USART/drv_usart.cpp.obj
 .debug_rnglists
                0x00000163       0x19 CMakeFiles/project.elf.dir/Core/XTYF/Robot/Task/task.cpp.obj
 .debug_rnglists
                0x0000017c      0x153 CMakeFiles/project.elf.dir/Drivers/STM32H7xx_HAL_Driver/Src/stm32h7xx_hal.c.obj
 .debug_rnglists
                0x000002cf       0xb5 CMakeFiles/project.elf.dir/Drivers/STM32H7xx_HAL_Driver/Src/stm32h7xx_hal_cortex.c.obj
 .debug_rnglists
                0x00000384       0x8b CMakeFiles/project.elf.dir/Drivers/STM32H7xx_HAL_Driver/Src/stm32h7xx_hal_dma.c.obj
 .debug_rnglists
                0x0000040f      0x29a CMakeFiles/project.elf.dir/Drivers/STM32H7xx_HAL_Driver/Src/stm32h7xx_hal_fdcan.c.obj
 .debug_rnglists
                0x000006a9       0x3f CMakeFiles/project.elf.dir/Drivers/STM32H7xx_HAL_Driver/Src/stm32h7xx_hal_gpio.c.obj
 .debug_rnglists
                0x000006e8      0x125 CMakeFiles/project.elf.dir/Drivers/STM32H7xx_HAL_Driver/Src/stm32h7xx_hal_pwr_ex.c.obj
 .debug_rnglists
                0x0000080d       0xa9 CMakeFiles/project.elf.dir/Drivers/STM32H7xx_HAL_Driver/Src/stm32h7xx_hal_rcc.c.obj
 .debug_rnglists
                0x000008b6       0xbf CMakeFiles/project.elf.dir/Drivers/STM32H7xx_HAL_Driver/Src/stm32h7xx_hal_rcc_ex.c.obj
 .debug_rnglists
                0x00000975      0x1cb CMakeFiles/project.elf.dir/Drivers/STM32H7xx_HAL_Driver/Src/stm32h7xx_hal_uart.c.obj
 .debug_rnglists
                0x00000b40       0x88 CMakeFiles/project.elf.dir/Drivers/STM32H7xx_HAL_Driver/Src/stm32h7xx_hal_uart_ex.c.obj

.debug_line     0x00000000    0x1396b
 .debug_line    0x00000000      0x20b CMakeFiles/project.elf.dir/Core/Src/dma.c.obj
 .debug_line    0x0000020b      0x498 CMakeFiles/project.elf.dir/Core/Src/fdcan.c.obj
 .debug_line    0x000006a3      0x1b3 CMakeFiles/project.elf.dir/Core/Src/gpio.c.obj
 .debug_line    0x00000856      0x52b CMakeFiles/project.elf.dir/Core/Src/main.c.obj
 .debug_line    0x00000d81      0x1ae CMakeFiles/project.elf.dir/Core/Src/stm32h7xx_hal_msp.c.obj
 .debug_line    0x00000f2f      0x391 CMakeFiles/project.elf.dir/Core/Src/stm32h7xx_it.c.obj
 .debug_line    0x000012c0      0x505 CMakeFiles/project.elf.dir/Core/Src/system_stm32h7xx.c.obj
 .debug_line    0x000017c5      0x4e9 CMakeFiles/project.elf.dir/Core/Src/usart.c.obj
 .debug_line    0x00001cae       0x7b CMakeFiles/project.elf.dir/Core/Startup/startup_stm32h723vgtx.s.obj
 .debug_line    0x00001d29      0x95b CMakeFiles/project.elf.dir/Core/XTYF/Lib/Driver/USART/drv_usart.cpp.obj
 .debug_line    0x00002684      0x3ed CMakeFiles/project.elf.dir/Core/XTYF/Robot/Task/task.cpp.obj
 .debug_line    0x00002a71      0xa2f CMakeFiles/project.elf.dir/Drivers/STM32H7xx_HAL_Driver/Src/stm32h7xx_hal.c.obj
 .debug_line    0x000034a0      0x8e5 CMakeFiles/project.elf.dir/Drivers/STM32H7xx_HAL_Driver/Src/stm32h7xx_hal_cortex.c.obj
 .debug_line    0x00003d85     0x247f CMakeFiles/project.elf.dir/Drivers/STM32H7xx_HAL_Driver/Src/stm32h7xx_hal_dma.c.obj
 .debug_line    0x00006204     0x3460 CMakeFiles/project.elf.dir/Drivers/STM32H7xx_HAL_Driver/Src/stm32h7xx_hal_fdcan.c.obj
 .debug_line    0x00009664      0x77f CMakeFiles/project.elf.dir/Drivers/STM32H7xx_HAL_Driver/Src/stm32h7xx_hal_gpio.c.obj
 .debug_line    0x00009de3      0xaee CMakeFiles/project.elf.dir/Drivers/STM32H7xx_HAL_Driver/Src/stm32h7xx_hal_pwr_ex.c.obj
 .debug_line    0x0000a8d1     0x139f CMakeFiles/project.elf.dir/Drivers/STM32H7xx_HAL_Driver/Src/stm32h7xx_hal_rcc.c.obj
 .debug_line    0x0000bc70     0x1f20 CMakeFiles/project.elf.dir/Drivers/STM32H7xx_HAL_Driver/Src/stm32h7xx_hal_rcc_ex.c.obj
 .debug_line    0x0000db90     0x52a0 CMakeFiles/project.elf.dir/Drivers/STM32H7xx_HAL_Driver/Src/stm32h7xx_hal_uart.c.obj
 .debug_line    0x00012e30      0xb3b CMakeFiles/project.elf.dir/Drivers/STM32H7xx_HAL_Driver/Src/stm32h7xx_hal_uart_ex.c.obj

.debug_str      0x00000000     0x70fb
 .debug_str     0x00000000     0x70fb CMakeFiles/project.elf.dir/Core/Src/dma.c.obj
                                0xc49 (size before relaxing)
 .debug_str     0x000070fb     0x15b5 CMakeFiles/project.elf.dir/Core/Src/fdcan.c.obj
 .debug_str     0x000070fb      0x43b CMakeFiles/project.elf.dir/Core/Src/gpio.c.obj
 .debug_str     0x000070fb      0x5d2 CMakeFiles/project.elf.dir/Core/Src/main.c.obj
 .debug_str     0x000070fb      0x447 CMakeFiles/project.elf.dir/Core/Src/stm32h7xx_hal_msp.c.obj
 .debug_str     0x000070fb      0xd97 CMakeFiles/project.elf.dir/Core/Src/stm32h7xx_it.c.obj
 .debug_str     0x000070fb      0x731 CMakeFiles/project.elf.dir/Core/Src/system_stm32h7xx.c.obj
 .debug_str     0x000070fb     0x1717 CMakeFiles/project.elf.dir/Core/Src/usart.c.obj
 .debug_str     0x000070fb       0xaf CMakeFiles/project.elf.dir/Core/Startup/startup_stm32h723vgtx.s.obj
 .debug_str     0x000070fb     0x1645 CMakeFiles/project.elf.dir/Core/XTYF/Lib/Driver/USART/drv_usart.cpp.obj
 .debug_str     0x000070fb      0xcfc CMakeFiles/project.elf.dir/Core/XTYF/Robot/Task/task.cpp.obj
 .debug_str     0x000070fb     0x15f1 CMakeFiles/project.elf.dir/Drivers/STM32H7xx_HAL_Driver/Src/stm32h7xx_hal.c.obj
 .debug_str     0x000070fb     0x1096 CMakeFiles/project.elf.dir/Drivers/STM32H7xx_HAL_Driver/Src/stm32h7xx_hal_cortex.c.obj
 .debug_str     0x000070fb      0x9ae CMakeFiles/project.elf.dir/Drivers/STM32H7xx_HAL_Driver/Src/stm32h7xx_hal_dma.c.obj
 .debug_str     0x000070fb     0x1e01 CMakeFiles/project.elf.dir/Drivers/STM32H7xx_HAL_Driver/Src/stm32h7xx_hal_fdcan.c.obj
 .debug_str     0x000070fb      0x72b CMakeFiles/project.elf.dir/Drivers/STM32H7xx_HAL_Driver/Src/stm32h7xx_hal_gpio.c.obj
 .debug_str     0x000070fb      0xa09 CMakeFiles/project.elf.dir/Drivers/STM32H7xx_HAL_Driver/Src/stm32h7xx_hal_pwr_ex.c.obj
 .debug_str     0x000070fb      0xa10 CMakeFiles/project.elf.dir/Drivers/STM32H7xx_HAL_Driver/Src/stm32h7xx_hal_rcc.c.obj
 .debug_str     0x000070fb      0xf52 CMakeFiles/project.elf.dir/Drivers/STM32H7xx_HAL_Driver/Src/stm32h7xx_hal_rcc_ex.c.obj
 .debug_str     0x000070fb     0x1508 CMakeFiles/project.elf.dir/Drivers/STM32H7xx_HAL_Driver/Src/stm32h7xx_hal_uart.c.obj
 .debug_str     0x000070fb      0xbfc CMakeFiles/project.elf.dir/Drivers/STM32H7xx_HAL_Driver/Src/stm32h7xx_hal_uart_ex.c.obj

.comment        0x00000000       0x45
 .comment       0x00000000       0x45 CMakeFiles/project.elf.dir/Core/Src/dma.c.obj
                                 0x46 (size before relaxing)
 .comment       0x00000045       0x46 CMakeFiles/project.elf.dir/Core/Src/fdcan.c.obj
 .comment       0x00000045       0x46 CMakeFiles/project.elf.dir/Core/Src/gpio.c.obj
 .comment       0x00000045       0x46 CMakeFiles/project.elf.dir/Core/Src/main.c.obj
 .comment       0x00000045       0x46 CMakeFiles/project.elf.dir/Core/Src/stm32h7xx_hal_msp.c.obj
 .comment       0x00000045       0x46 CMakeFiles/project.elf.dir/Core/Src/stm32h7xx_it.c.obj
 .comment       0x00000045       0x46 CMakeFiles/project.elf.dir/Core/Src/system_stm32h7xx.c.obj
 .comment       0x00000045       0x46 CMakeFiles/project.elf.dir/Core/Src/usart.c.obj
 .comment       0x00000045       0x46 CMakeFiles/project.elf.dir/Core/XTYF/Lib/Driver/USART/drv_usart.cpp.obj
 .comment       0x00000045       0x46 CMakeFiles/project.elf.dir/Core/XTYF/Robot/Task/task.cpp.obj
 .comment       0x00000045       0x46 CMakeFiles/project.elf.dir/Drivers/STM32H7xx_HAL_Driver/Src/stm32h7xx_hal.c.obj
 .comment       0x00000045       0x46 CMakeFiles/project.elf.dir/Drivers/STM32H7xx_HAL_Driver/Src/stm32h7xx_hal_cortex.c.obj
 .comment       0x00000045       0x46 CMakeFiles/project.elf.dir/Drivers/STM32H7xx_HAL_Driver/Src/stm32h7xx_hal_dma.c.obj
 .comment       0x00000045       0x46 CMakeFiles/project.elf.dir/Drivers/STM32H7xx_HAL_Driver/Src/stm32h7xx_hal_fdcan.c.obj
 .comment       0x00000045       0x46 CMakeFiles/project.elf.dir/Drivers/STM32H7xx_HAL_Driver/Src/stm32h7xx_hal_gpio.c.obj
 .comment       0x00000045       0x46 CMakeFiles/project.elf.dir/Drivers/STM32H7xx_HAL_Driver/Src/stm32h7xx_hal_pwr_ex.c.obj
 .comment       0x00000045       0x46 CMakeFiles/project.elf.dir/Drivers/STM32H7xx_HAL_Driver/Src/stm32h7xx_hal_rcc.c.obj
 .comment       0x00000045       0x46 CMakeFiles/project.elf.dir/Drivers/STM32H7xx_HAL_Driver/Src/stm32h7xx_hal_rcc_ex.c.obj
 .comment       0x00000045       0x46 CMakeFiles/project.elf.dir/Drivers/STM32H7xx_HAL_Driver/Src/stm32h7xx_hal_uart.c.obj
 .comment       0x00000045       0x46 CMakeFiles/project.elf.dir/Drivers/STM32H7xx_HAL_Driver/Src/stm32h7xx_hal_uart_ex.c.obj

.debug_frame    0x00000000     0x2c78
 .debug_frame   0x00000000       0x2c CMakeFiles/project.elf.dir/Core/Src/dma.c.obj
 .debug_frame   0x0000002c       0x68 CMakeFiles/project.elf.dir/Core/Src/fdcan.c.obj
 .debug_frame   0x00000094       0x28 CMakeFiles/project.elf.dir/Core/Src/gpio.c.obj
 .debug_frame   0x000000bc       0x78 CMakeFiles/project.elf.dir/Core/Src/main.c.obj
 .debug_frame   0x00000134       0x28 CMakeFiles/project.elf.dir/Core/Src/stm32h7xx_hal_msp.c.obj
 .debug_frame   0x0000015c      0x108 CMakeFiles/project.elf.dir/Core/Src/stm32h7xx_it.c.obj
 .debug_frame   0x00000264       0x4c CMakeFiles/project.elf.dir/Core/Src/system_stm32h7xx.c.obj
 .debug_frame   0x000002b0       0x68 CMakeFiles/project.elf.dir/Core/Src/usart.c.obj
 .debug_frame   0x00000318       0x90 CMakeFiles/project.elf.dir/Core/XTYF/Lib/Driver/USART/drv_usart.cpp.obj
 .debug_frame   0x000003a8       0x30 CMakeFiles/project.elf.dir/Core/XTYF/Robot/Task/task.cpp.obj
 .debug_frame   0x000003d8      0x3c0 CMakeFiles/project.elf.dir/Drivers/STM32H7xx_HAL_Driver/Src/stm32h7xx_hal.c.obj
 .debug_frame   0x00000798      0x214 CMakeFiles/project.elf.dir/Drivers/STM32H7xx_HAL_Driver/Src/stm32h7xx_hal_cortex.c.obj
 .debug_frame   0x000009ac      0x1fc CMakeFiles/project.elf.dir/Drivers/STM32H7xx_HAL_Driver/Src/stm32h7xx_hal_dma.c.obj
 .debug_frame   0x00000ba8      0x7ac CMakeFiles/project.elf.dir/Drivers/STM32H7xx_HAL_Driver/Src/stm32h7xx_hal_fdcan.c.obj
 .debug_frame   0x00001354       0xd4 CMakeFiles/project.elf.dir/Drivers/STM32H7xx_HAL_Driver/Src/stm32h7xx_hal_gpio.c.obj
 .debug_frame   0x00001428      0x2d4 CMakeFiles/project.elf.dir/Drivers/STM32H7xx_HAL_Driver/Src/stm32h7xx_hal_pwr_ex.c.obj
 .debug_frame   0x000016fc      0x184 CMakeFiles/project.elf.dir/Drivers/STM32H7xx_HAL_Driver/Src/stm32h7xx_hal_rcc.c.obj
 .debug_frame   0x00001880      0x284 CMakeFiles/project.elf.dir/Drivers/STM32H7xx_HAL_Driver/Src/stm32h7xx_hal_rcc_ex.c.obj
 .debug_frame   0x00001b04      0x680 CMakeFiles/project.elf.dir/Drivers/STM32H7xx_HAL_Driver/Src/stm32h7xx_hal_uart.c.obj
 .debug_frame   0x00002184      0x1c8 CMakeFiles/project.elf.dir/Drivers/STM32H7xx_HAL_Driver/Src/stm32h7xx_hal_uart_ex.c.obj
 .debug_frame   0x0000234c       0x2c D:/ClionToolchains/gcc-arm-none-eabi-10.3-2021.10/bin/../lib/gcc/arm-none-eabi/13.3.1/thumb/v7e-m+fp/hard\libgcc.a(_aeabi_uldivmod.o)
 .debug_frame   0x00002378       0x34 D:/ClionToolchains/gcc-arm-none-eabi-10.3-2021.10/bin/../lib/gcc/arm-none-eabi/13.3.1/thumb/v7e-m+fp/hard\libgcc.a(_udivmoddi4.o)
 .debug_frame   0x000023ac      0x2c8 D:/ClionToolchains/gcc-arm-none-eabi-10.3-2021.10/bin/../lib/gcc/arm-none-eabi/13.3.1/thumb/v7e-m+fp/hard\libgcc.a(unwind-arm.o)